
         /\      Grafana   /‾‾/  
    /\  /  \     |\  __   /  /   
   /  \/    \    | |/ /  /   ‾‾\ 
  /          \   |   (  |  (‾)  |
 / __________ \  |_|\_\  \_____/ 


     execution: local
        script: /private/tmp/eshop-hw05-load.24cMIo/runtime/performance/scenarios/official/23127027_Load_20260901.js
        output: json (/Users/phamngocgiabao/eshop-sut-hw05-23127027/performance/results/load/20260902T092131+0700/raw/load-raw.json)

     scenarios: (100.00%) 1 scenario, 5 max VUs, 7m30s max duration (incl. graceful stop):
              * wf03_load: Up to 5 looping VUs for 7m0s over 3 stages (gracefulRampDown: 30s, exec: runWf03Scenario, gracefulStop: 30s)


running (0m01.0s), 0/5 VUs, 0 complete and 0 interrupted iterations
wf03_load   [   0% ] 0/5 VUs  0m01.0s/7m00.0s

running (0m02.0s), 0/5 VUs, 0 complete and 0 interrupted iterations
wf03_load   [   0% ] 0/5 VUs  0m02.0s/7m00.0s

running (0m03.0s), 0/5 VUs, 0 complete and 0 interrupted iterations
wf03_load   [   1% ] 0/5 VUs  0m03.0s/7m00.0s

running (0m04.0s), 0/5 VUs, 0 complete and 0 interrupted iterations
wf03_load   [   1% ] 0/5 VUs  0m04.0s/7m00.0s

running (0m05.0s), 0/5 VUs, 0 complete and 0 interrupted iterations
wf03_load   [   1% ] 0/5 VUs  0m05.0s/7m00.0s

running (0m06.0s), 0/5 VUs, 0 complete and 0 interrupted iterations
wf03_load   [   1% ] 0/5 VUs  0m06.0s/7m00.0s

running (0m07.0s), 0/5 VUs, 0 complete and 0 interrupted iterations
wf03_load   [   2% ] 0/5 VUs  0m07.0s/7m00.0s

running (0m08.0s), 0/5 VUs, 0 complete and 0 interrupted iterations
wf03_load   [   2% ] 0/5 VUs  0m08.0s/7m00.0s

running (0m09.0s), 0/5 VUs, 0 complete and 0 interrupted iterations
wf03_load   [   2% ] 0/5 VUs  0m09.0s/7m00.0s

running (0m10.0s), 0/5 VUs, 0 complete and 0 interrupted iterations
wf03_load   [   2% ] 0/5 VUs  0m10.0s/7m00.0s

running (0m11.0s), 0/5 VUs, 0 complete and 0 interrupted iterations
wf03_load   [   3% ] 0/5 VUs  0m11.0s/7m00.0s

running (0m12.0s), 0/5 VUs, 0 complete and 0 interrupted iterations
wf03_load   [   3% ] 0/5 VUs  0m12.0s/7m00.0s

running (0m13.0s), 1/5 VUs, 0 complete and 0 interrupted iterations
wf03_load   [   3% ] 1/5 VUs  0m13.0s/7m00.0s

running (0m14.0s), 1/5 VUs, 0 complete and 0 interrupted iterations
wf03_load   [   3% ] 1/5 VUs  0m14.0s/7m00.0s

running (0m15.0s), 1/5 VUs, 0 complete and 0 interrupted iterations
wf03_load   [   4% ] 1/5 VUs  0m15.0s/7m00.0s

running (0m16.0s), 1/5 VUs, 0 complete and 0 interrupted iterations
wf03_load   [   4% ] 1/5 VUs  0m16.0s/7m00.0s

running (0m17.0s), 1/5 VUs, 0 complete and 0 interrupted iterations
wf03_load   [   4% ] 1/5 VUs  0m17.0s/7m00.0s

running (0m18.0s), 1/5 VUs, 1 complete and 0 interrupted iterations
wf03_load   [   4% ] 1/5 VUs  0m18.0s/7m00.0s

running (0m19.0s), 1/5 VUs, 1 complete and 0 interrupted iterations
wf03_load   [   5% ] 1/5 VUs  0m19.0s/7m00.0s

running (0m20.0s), 1/5 VUs, 1 complete and 0 interrupted iterations
wf03_load   [   5% ] 1/5 VUs  0m20.0s/7m00.0s

running (0m21.0s), 1/5 VUs, 1 complete and 0 interrupted iterations
wf03_load   [   5% ] 1/5 VUs  0m21.0s/7m00.0s

running (0m22.0s), 1/5 VUs, 1 complete and 0 interrupted iterations
wf03_load   [   5% ] 1/5 VUs  0m22.0s/7m00.0s

running (0m23.0s), 1/5 VUs, 2 complete and 0 interrupted iterations
wf03_load   [   5% ] 1/5 VUs  0m23.0s/7m00.0s

running (0m24.0s), 1/5 VUs, 2 complete and 0 interrupted iterations
wf03_load   [   6% ] 1/5 VUs  0m24.0s/7m00.0s

running (0m25.0s), 2/5 VUs, 2 complete and 0 interrupted iterations
wf03_load   [   6% ] 2/5 VUs  0m25.0s/7m00.0s

running (0m26.0s), 2/5 VUs, 2 complete and 0 interrupted iterations
wf03_load   [   6% ] 2/5 VUs  0m26.0s/7m00.0s

running (0m27.0s), 2/5 VUs, 3 complete and 0 interrupted iterations
wf03_load   [   6% ] 2/5 VUs  0m27.0s/7m00.0s

running (0m28.0s), 2/5 VUs, 3 complete and 0 interrupted iterations
wf03_load   [   7% ] 2/5 VUs  0m28.0s/7m00.0s

running (0m29.0s), 2/5 VUs, 3 complete and 0 interrupted iterations
wf03_load   [   7% ] 2/5 VUs  0m29.0s/7m00.0s

running (0m30.0s), 2/5 VUs, 4 complete and 0 interrupted iterations
wf03_load   [   7% ] 2/5 VUs  0m30.0s/7m00.0s

running (0m31.0s), 2/5 VUs, 5 complete and 0 interrupted iterations
wf03_load   [   7% ] 2/5 VUs  0m31.0s/7m00.0s

running (0m32.0s), 2/5 VUs, 5 complete and 0 interrupted iterations
wf03_load   [   8% ] 2/5 VUs  0m32.0s/7m00.0s

running (0m33.0s), 2/5 VUs, 5 complete and 0 interrupted iterations
wf03_load   [   8% ] 2/5 VUs  0m33.0s/7m00.0s

running (0m34.0s), 2/5 VUs, 5 complete and 0 interrupted iterations
wf03_load   [   8% ] 2/5 VUs  0m34.0s/7m00.0s

running (0m35.0s), 2/5 VUs, 6 complete and 0 interrupted iterations
wf03_load   [   8% ] 2/5 VUs  0m35.0s/7m00.0s

running (0m36.0s), 2/5 VUs, 6 complete and 0 interrupted iterations
wf03_load   [   9% ] 2/5 VUs  0m36.0s/7m00.0s

running (0m37.0s), 3/5 VUs, 7 complete and 0 interrupted iterations
wf03_load   [   9% ] 3/5 VUs  0m37.0s/7m00.0s

running (0m38.0s), 3/5 VUs, 7 complete and 0 interrupted iterations
wf03_load   [   9% ] 3/5 VUs  0m38.0s/7m00.0s

running (0m39.0s), 3/5 VUs, 8 complete and 0 interrupted iterations
wf03_load   [   9% ] 3/5 VUs  0m39.0s/7m00.0s

running (0m40.0s), 3/5 VUs, 8 complete and 0 interrupted iterations
wf03_load   [  10% ] 3/5 VUs  0m40.0s/7m00.0s

running (0m41.0s), 3/5 VUs, 10 complete and 0 interrupted iterations
wf03_load   [  10% ] 3/5 VUs  0m41.0s/7m00.0s

running (0m42.0s), 3/5 VUs, 10 complete and 0 interrupted iterations
wf03_load   [  10% ] 3/5 VUs  0m42.0s/7m00.0s

running (0m43.0s), 3/5 VUs, 10 complete and 0 interrupted iterations
wf03_load   [  10% ] 3/5 VUs  0m43.0s/7m00.0s

running (0m44.0s), 3/5 VUs, 10 complete and 0 interrupted iterations
wf03_load   [  10% ] 3/5 VUs  0m44.0s/7m00.0s

running (0m45.0s), 3/5 VUs, 12 complete and 0 interrupted iterations
wf03_load   [  11% ] 3/5 VUs  0m45.0s/7m00.0s

running (0m46.0s), 3/5 VUs, 12 complete and 0 interrupted iterations
wf03_load   [  11% ] 3/5 VUs  0m46.0s/7m00.0s

running (0m47.0s), 3/5 VUs, 13 complete and 0 interrupted iterations
wf03_load   [  11% ] 3/5 VUs  0m47.0s/7m00.0s

running (0m48.0s), 3/5 VUs, 13 complete and 0 interrupted iterations
wf03_load   [  11% ] 3/5 VUs  0m48.0s/7m00.0s

running (0m49.0s), 4/5 VUs, 13 complete and 0 interrupted iterations
wf03_load   [  12% ] 4/5 VUs  0m49.0s/7m00.0s

running (0m50.0s), 4/5 VUs, 14 complete and 0 interrupted iterations
wf03_load   [  12% ] 4/5 VUs  0m50.0s/7m00.0s

running (0m51.0s), 4/5 VUs, 16 complete and 0 interrupted iterations
wf03_load   [  12% ] 4/5 VUs  0m51.0s/7m00.0s

running (0m52.0s), 4/5 VUs, 16 complete and 0 interrupted iterations
wf03_load   [  12% ] 4/5 VUs  0m52.0s/7m00.0s

running (0m53.0s), 4/5 VUs, 16 complete and 0 interrupted iterations
wf03_load   [  13% ] 4/5 VUs  0m53.0s/7m00.0s

running (0m54.0s), 4/5 VUs, 18 complete and 0 interrupted iterations
wf03_load   [  13% ] 4/5 VUs  0m54.0s/7m00.0s

running (0m55.0s), 4/5 VUs, 18 complete and 0 interrupted iterations
wf03_load   [  13% ] 4/5 VUs  0m55.0s/7m00.0s

running (0m56.0s), 4/5 VUs, 20 complete and 0 interrupted iterations
wf03_load   [  13% ] 4/5 VUs  0m56.0s/7m00.0s

running (0m57.0s), 4/5 VUs, 20 complete and 0 interrupted iterations
wf03_load   [  14% ] 4/5 VUs  0m57.0s/7m00.0s

running (0m58.0s), 4/5 VUs, 20 complete and 0 interrupted iterations
wf03_load   [  14% ] 4/5 VUs  0m58.0s/7m00.0s

running (0m59.0s), 4/5 VUs, 21 complete and 0 interrupted iterations
wf03_load   [  14% ] 4/5 VUs  0m59.0s/7m00.0s

running (1m00.0s), 4/5 VUs, 21 complete and 0 interrupted iterations
wf03_load   [  14% ] 4/5 VUs  1m00.0s/7m00.0s

running (1m01.0s), 5/5 VUs, 24 complete and 0 interrupted iterations
wf03_load   [  15% ] 5/5 VUs  1m01.0s/7m00.0s

running (1m02.0s), 5/5 VUs, 24 complete and 0 interrupted iterations
wf03_load   [  15% ] 5/5 VUs  1m02.0s/7m00.0s

running (1m03.0s), 5/5 VUs, 24 complete and 0 interrupted iterations
wf03_load   [  15% ] 5/5 VUs  1m03.0s/7m00.0s

running (1m04.0s), 5/5 VUs, 25 complete and 0 interrupted iterations
wf03_load   [  15% ] 5/5 VUs  1m04.0s/7m00.0s

running (1m05.0s), 5/5 VUs, 25 complete and 0 interrupted iterations
wf03_load   [  15% ] 5/5 VUs  1m05.0s/7m00.0s

running (1m06.0s), 5/5 VUs, 28 complete and 0 interrupted iterations
wf03_load   [  16% ] 5/5 VUs  1m06.0s/7m00.0s

running (1m07.0s), 5/5 VUs, 29 complete and 0 interrupted iterations
wf03_load   [  16% ] 5/5 VUs  1m07.0s/7m00.0s

running (1m08.0s), 5/5 VUs, 29 complete and 0 interrupted iterations
wf03_load   [  16% ] 5/5 VUs  1m08.0s/7m00.0s

running (1m09.0s), 5/5 VUs, 29 complete and 0 interrupted iterations
wf03_load   [  16% ] 5/5 VUs  1m09.0s/7m00.0s

running (1m10.0s), 5/5 VUs, 30 complete and 0 interrupted iterations
wf03_load   [  17% ] 5/5 VUs  1m10.0s/7m00.0s

running (1m11.0s), 5/5 VUs, 32 complete and 0 interrupted iterations
wf03_load   [  17% ] 5/5 VUs  1m11.0s/7m00.0s

running (1m12.0s), 5/5 VUs, 34 complete and 0 interrupted iterations
wf03_load   [  17% ] 5/5 VUs  1m12.0s/7m00.0s

running (1m13.0s), 5/5 VUs, 34 complete and 0 interrupted iterations
wf03_load   [  17% ] 5/5 VUs  1m13.0s/7m00.0s

running (1m14.0s), 5/5 VUs, 35 complete and 0 interrupted iterations
wf03_load   [  18% ] 5/5 VUs  1m14.0s/7m00.0s

running (1m15.0s), 5/5 VUs, 35 complete and 0 interrupted iterations
wf03_load   [  18% ] 5/5 VUs  1m15.0s/7m00.0s

running (1m16.0s), 5/5 VUs, 36 complete and 0 interrupted iterations
wf03_load   [  18% ] 5/5 VUs  1m16.0s/7m00.0s

running (1m17.0s), 5/5 VUs, 39 complete and 0 interrupted iterations
wf03_load   [  18% ] 5/5 VUs  1m17.0s/7m00.0s

running (1m18.0s), 5/5 VUs, 39 complete and 0 interrupted iterations
wf03_load   [  19% ] 5/5 VUs  1m18.0s/7m00.0s

running (1m19.0s), 5/5 VUs, 40 complete and 0 interrupted iterations
wf03_load   [  19% ] 5/5 VUs  1m19.0s/7m00.0s

running (1m20.0s), 5/5 VUs, 40 complete and 0 interrupted iterations
wf03_load   [  19% ] 5/5 VUs  1m20.0s/7m00.0s

running (1m21.0s), 5/5 VUs, 40 complete and 0 interrupted iterations
wf03_load   [  19% ] 5/5 VUs  1m21.0s/7m00.0s

running (1m22.0s), 5/5 VUs, 44 complete and 0 interrupted iterations
wf03_load   [  20% ] 5/5 VUs  1m22.0s/7m00.0s

running (1m23.0s), 5/5 VUs, 44 complete and 0 interrupted iterations
wf03_load   [  20% ] 5/5 VUs  1m23.0s/7m00.0s

running (1m24.0s), 5/5 VUs, 44 complete and 0 interrupted iterations
wf03_load   [  20% ] 5/5 VUs  1m24.0s/7m00.0s

running (1m25.0s), 5/5 VUs, 45 complete and 0 interrupted iterations
wf03_load   [  20% ] 5/5 VUs  1m25.0s/7m00.0s

running (1m26.0s), 5/5 VUs, 46 complete and 0 interrupted iterations
wf03_load   [  20% ] 5/5 VUs  1m26.0s/7m00.0s

running (1m27.0s), 5/5 VUs, 47 complete and 0 interrupted iterations
wf03_load   [  21% ] 5/5 VUs  1m27.0s/7m00.0s

running (1m28.0s), 5/5 VUs, 49 complete and 0 interrupted iterations
wf03_load   [  21% ] 5/5 VUs  1m28.0s/7m00.0s

running (1m29.0s), 5/5 VUs, 49 complete and 0 interrupted iterations
wf03_load   [  21% ] 5/5 VUs  1m29.0s/7m00.0s

running (1m30.0s), 5/5 VUs, 50 complete and 0 interrupted iterations
wf03_load   [  21% ] 5/5 VUs  1m30.0s/7m00.0s

running (1m31.0s), 5/5 VUs, 51 complete and 0 interrupted iterations
wf03_load   [  22% ] 5/5 VUs  1m31.0s/7m00.0s

running (1m32.0s), 5/5 VUs, 52 complete and 0 interrupted iterations
wf03_load   [  22% ] 5/5 VUs  1m32.0s/7m00.0s

running (1m33.0s), 5/5 VUs, 53 complete and 0 interrupted iterations
wf03_load   [  22% ] 5/5 VUs  1m33.0s/7m00.0s

running (1m34.0s), 5/5 VUs, 55 complete and 0 interrupted iterations
wf03_load   [  22% ] 5/5 VUs  1m34.0s/7m00.0s

running (1m35.0s), 5/5 VUs, 55 complete and 0 interrupted iterations
wf03_load   [  23% ] 5/5 VUs  1m35.0s/7m00.0s

running (1m36.0s), 5/5 VUs, 55 complete and 0 interrupted iterations
wf03_load   [  23% ] 5/5 VUs  1m36.0s/7m00.0s

running (1m37.0s), 5/5 VUs, 57 complete and 0 interrupted iterations
wf03_load   [  23% ] 5/5 VUs  1m37.0s/7m00.0s

running (1m38.0s), 5/5 VUs, 57 complete and 0 interrupted iterations
wf03_load   [  23% ] 5/5 VUs  1m38.0s/7m00.0s

running (1m39.0s), 5/5 VUs, 59 complete and 0 interrupted iterations
wf03_load   [  24% ] 5/5 VUs  1m39.0s/7m00.0s

running (1m40.0s), 5/5 VUs, 60 complete and 0 interrupted iterations
wf03_load   [  24% ] 5/5 VUs  1m40.0s/7m00.0s

running (1m41.0s), 5/5 VUs, 60 complete and 0 interrupted iterations
wf03_load   [  24% ] 5/5 VUs  1m41.0s/7m00.0s

running (1m42.0s), 5/5 VUs, 61 complete and 0 interrupted iterations
wf03_load   [  24% ] 5/5 VUs  1m42.0s/7m00.0s

running (1m43.0s), 5/5 VUs, 62 complete and 0 interrupted iterations
wf03_load   [  25% ] 5/5 VUs  1m43.0s/7m00.0s

running (1m44.0s), 5/5 VUs, 62 complete and 0 interrupted iterations
wf03_load   [  25% ] 5/5 VUs  1m44.0s/7m00.0s

running (1m45.0s), 5/5 VUs, 64 complete and 0 interrupted iterations
wf03_load   [  25% ] 5/5 VUs  1m45.0s/7m00.0s

running (1m46.0s), 5/5 VUs, 65 complete and 0 interrupted iterations
wf03_load   [  25% ] 5/5 VUs  1m46.0s/7m00.0s

running (1m47.0s), 5/5 VUs, 66 complete and 0 interrupted iterations
wf03_load   [  25% ] 5/5 VUs  1m47.0s/7m00.0s

running (1m48.0s), 5/5 VUs, 67 complete and 0 interrupted iterations
wf03_load   [  26% ] 5/5 VUs  1m48.0s/7m00.0s

running (1m49.0s), 5/5 VUs, 68 complete and 0 interrupted iterations
wf03_load   [  26% ] 5/5 VUs  1m49.0s/7m00.0s

running (1m50.0s), 5/5 VUs, 69 complete and 0 interrupted iterations
wf03_load   [  26% ] 5/5 VUs  1m50.0s/7m00.0s

running (1m51.0s), 5/5 VUs, 70 complete and 0 interrupted iterations
wf03_load   [  26% ] 5/5 VUs  1m51.0s/7m00.0s

running (1m52.0s), 5/5 VUs, 70 complete and 0 interrupted iterations
wf03_load   [  27% ] 5/5 VUs  1m52.0s/7m00.0s

running (1m53.0s), 5/5 VUs, 71 complete and 0 interrupted iterations
wf03_load   [  27% ] 5/5 VUs  1m53.0s/7m00.0s

running (1m54.0s), 5/5 VUs, 73 complete and 0 interrupted iterations
wf03_load   [  27% ] 5/5 VUs  1m54.0s/7m00.0s

running (1m55.0s), 5/5 VUs, 74 complete and 0 interrupted iterations
wf03_load   [  27% ] 5/5 VUs  1m55.0s/7m00.0s

running (1m56.0s), 5/5 VUs, 75 complete and 0 interrupted iterations
wf03_load   [  28% ] 5/5 VUs  1m56.0s/7m00.0s

running (1m57.0s), 5/5 VUs, 75 complete and 0 interrupted iterations
wf03_load   [  28% ] 5/5 VUs  1m57.0s/7m00.0s

running (1m58.0s), 5/5 VUs, 75 complete and 0 interrupted iterations
wf03_load   [  28% ] 5/5 VUs  1m58.0s/7m00.0s

running (1m59.0s), 5/5 VUs, 78 complete and 0 interrupted iterations
wf03_load   [  28% ] 5/5 VUs  1m59.0s/7m00.0s

running (2m00.0s), 5/5 VUs, 79 complete and 0 interrupted iterations
wf03_load   [  29% ] 5/5 VUs  2m00.0s/7m00.0s

running (2m01.0s), 5/5 VUs, 80 complete and 0 interrupted iterations
wf03_load   [  29% ] 5/5 VUs  2m01.0s/7m00.0s

running (2m02.0s), 5/5 VUs, 80 complete and 0 interrupted iterations
wf03_load   [  29% ] 5/5 VUs  2m02.0s/7m00.0s

running (2m03.0s), 5/5 VUs, 81 complete and 0 interrupted iterations
wf03_load   [  29% ] 5/5 VUs  2m03.0s/7m00.0s

running (2m04.0s), 5/5 VUs, 81 complete and 0 interrupted iterations
wf03_load   [  30% ] 5/5 VUs  2m04.0s/7m00.0s

running (2m05.0s), 5/5 VUs, 82 complete and 0 interrupted iterations
wf03_load   [  30% ] 5/5 VUs  2m05.0s/7m00.0s

running (2m06.0s), 5/5 VUs, 84 complete and 0 interrupted iterations
wf03_load   [  30% ] 5/5 VUs  2m06.0s/7m00.0s

running (2m07.0s), 5/5 VUs, 85 complete and 0 interrupted iterations
wf03_load   [  30% ] 5/5 VUs  2m07.0s/7m00.0s

running (2m08.0s), 5/5 VUs, 85 complete and 0 interrupted iterations
wf03_load   [  30% ] 5/5 VUs  2m08.0s/7m00.0s

running (2m09.0s), 5/5 VUs, 86 complete and 0 interrupted iterations
wf03_load   [  31% ] 5/5 VUs  2m09.0s/7m00.0s

running (2m10.0s), 5/5 VUs, 87 complete and 0 interrupted iterations
wf03_load   [  31% ] 5/5 VUs  2m10.0s/7m00.0s

running (2m11.0s), 5/5 VUs, 89 complete and 0 interrupted iterations
wf03_load   [  31% ] 5/5 VUs  2m11.0s/7m00.0s

running (2m12.0s), 5/5 VUs, 90 complete and 0 interrupted iterations
wf03_load   [  31% ] 5/5 VUs  2m12.0s/7m00.0s

running (2m13.0s), 5/5 VUs, 90 complete and 0 interrupted iterations
wf03_load   [  32% ] 5/5 VUs  2m13.0s/7m00.0s

running (2m14.0s), 5/5 VUs, 90 complete and 0 interrupted iterations
wf03_load   [  32% ] 5/5 VUs  2m14.0s/7m00.0s

running (2m15.0s), 5/5 VUs, 92 complete and 0 interrupted iterations
wf03_load   [  32% ] 5/5 VUs  2m15.0s/7m00.0s

running (2m16.0s), 5/5 VUs, 93 complete and 0 interrupted iterations
wf03_load   [  32% ] 5/5 VUs  2m16.0s/7m00.0s

running (2m17.0s), 5/5 VUs, 94 complete and 0 interrupted iterations
wf03_load   [  33% ] 5/5 VUs  2m17.0s/7m00.0s

running (2m18.0s), 5/5 VUs, 95 complete and 0 interrupted iterations
wf03_load   [  33% ] 5/5 VUs  2m18.0s/7m00.0s

running (2m19.0s), 5/5 VUs, 95 complete and 0 interrupted iterations
wf03_load   [  33% ] 5/5 VUs  2m19.0s/7m00.0s

running (2m20.0s), 5/5 VUs, 95 complete and 0 interrupted iterations
wf03_load   [  33% ] 5/5 VUs  2m20.0s/7m00.0s

running (2m21.0s), 5/5 VUs, 98 complete and 0 interrupted iterations
wf03_load   [  34% ] 5/5 VUs  2m21.0s/7m00.0s

running (2m22.0s), 5/5 VUs, 99 complete and 0 interrupted iterations
wf03_load   [  34% ] 5/5 VUs  2m22.0s/7m00.0s

running (2m23.0s), 5/5 VUs, 100 complete and 0 interrupted iterations
wf03_load   [  34% ] 5/5 VUs  2m23.0s/7m00.0s

running (2m24.0s), 5/5 VUs, 100 complete and 0 interrupted iterations
wf03_load   [  34% ] 5/5 VUs  2m24.0s/7m00.0s

running (2m25.0s), 5/5 VUs, 101 complete and 0 interrupted iterations
wf03_load   [  35% ] 5/5 VUs  2m25.0s/7m00.0s

running (2m26.0s), 5/5 VUs, 103 complete and 0 interrupted iterations
wf03_load   [  35% ] 5/5 VUs  2m26.0s/7m00.0s

running (2m27.0s), 5/5 VUs, 103 complete and 0 interrupted iterations
wf03_load   [  35% ] 5/5 VUs  2m27.0s/7m00.0s

running (2m28.0s), 5/5 VUs, 103 complete and 0 interrupted iterations
wf03_load   [  35% ] 5/5 VUs  2m28.0s/7m00.0s

running (2m29.0s), 5/5 VUs, 105 complete and 0 interrupted iterations
wf03_load   [  35% ] 5/5 VUs  2m29.0s/7m00.0s

running (2m30.0s), 5/5 VUs, 106 complete and 0 interrupted iterations
wf03_load   [  36% ] 5/5 VUs  2m30.0s/7m00.0s

running (2m31.0s), 5/5 VUs, 107 complete and 0 interrupted iterations
wf03_load   [  36% ] 5/5 VUs  2m31.0s/7m00.0s

running (2m32.0s), 5/5 VUs, 108 complete and 0 interrupted iterations
wf03_load   [  36% ] 5/5 VUs  2m32.0s/7m00.0s

running (2m33.0s), 5/5 VUs, 109 complete and 0 interrupted iterations
wf03_load   [  36% ] 5/5 VUs  2m33.0s/7m00.0s

running (2m34.0s), 5/5 VUs, 110 complete and 0 interrupted iterations
wf03_load   [  37% ] 5/5 VUs  2m34.0s/7m00.0s

running (2m35.0s), 5/5 VUs, 112 complete and 0 interrupted iterations
wf03_load   [  37% ] 5/5 VUs  2m35.0s/7m00.0s

running (2m36.0s), 5/5 VUs, 112 complete and 0 interrupted iterations
wf03_load   [  37% ] 5/5 VUs  2m36.0s/7m00.0s

running (2m37.0s), 5/5 VUs, 113 complete and 0 interrupted iterations
wf03_load   [  37% ] 5/5 VUs  2m37.0s/7m00.0s

running (2m38.0s), 5/5 VUs, 115 complete and 0 interrupted iterations
wf03_load   [  38% ] 5/5 VUs  2m38.0s/7m00.0s

running (2m39.0s), 5/5 VUs, 115 complete and 0 interrupted iterations
wf03_load   [  38% ] 5/5 VUs  2m39.0s/7m00.0s

running (2m40.0s), 5/5 VUs, 116 complete and 0 interrupted iterations
wf03_load   [  38% ] 5/5 VUs  2m40.0s/7m00.0s

running (2m41.0s), 5/5 VUs, 117 complete and 0 interrupted iterations
wf03_load   [  38% ] 5/5 VUs  2m41.0s/7m00.0s

running (2m42.0s), 5/5 VUs, 117 complete and 0 interrupted iterations
wf03_load   [  39% ] 5/5 VUs  2m42.0s/7m00.0s

running (2m43.0s), 5/5 VUs, 119 complete and 0 interrupted iterations
wf03_load   [  39% ] 5/5 VUs  2m43.0s/7m00.0s

running (2m44.0s), 5/5 VUs, 120 complete and 0 interrupted iterations
wf03_load   [  39% ] 5/5 VUs  2m44.0s/7m00.0s

running (2m45.0s), 5/5 VUs, 122 complete and 0 interrupted iterations
wf03_load   [  39% ] 5/5 VUs  2m45.0s/7m00.0s

running (2m46.0s), 5/5 VUs, 122 complete and 0 interrupted iterations
wf03_load   [  40% ] 5/5 VUs  2m46.0s/7m00.0s

running (2m47.0s), 5/5 VUs, 123 complete and 0 interrupted iterations
wf03_load   [  40% ] 5/5 VUs  2m47.0s/7m00.0s

running (2m48.0s), 5/5 VUs, 124 complete and 0 interrupted iterations
wf03_load   [  40% ] 5/5 VUs  2m48.0s/7m00.0s

running (2m49.0s), 5/5 VUs, 124 complete and 0 interrupted iterations
wf03_load   [  40% ] 5/5 VUs  2m49.0s/7m00.0s

running (2m50.0s), 5/5 VUs, 125 complete and 0 interrupted iterations
wf03_load   [  40% ] 5/5 VUs  2m50.0s/7m00.0s

running (2m51.0s), 5/5 VUs, 127 complete and 0 interrupted iterations
wf03_load   [  41% ] 5/5 VUs  2m51.0s/7m00.0s

running (2m52.0s), 5/5 VUs, 127 complete and 0 interrupted iterations
wf03_load   [  41% ] 5/5 VUs  2m52.0s/7m00.0s

running (2m53.0s), 5/5 VUs, 127 complete and 0 interrupted iterations
wf03_load   [  41% ] 5/5 VUs  2m53.0s/7m00.0s

running (2m54.0s), 5/5 VUs, 129 complete and 0 interrupted iterations
wf03_load   [  41% ] 5/5 VUs  2m54.0s/7m00.0s

running (2m55.0s), 5/5 VUs, 129 complete and 0 interrupted iterations
wf03_load   [  42% ] 5/5 VUs  2m55.0s/7m00.0s

running (2m56.0s), 5/5 VUs, 131 complete and 0 interrupted iterations
wf03_load   [  42% ] 5/5 VUs  2m56.0s/7m00.0s

running (2m57.0s), 5/5 VUs, 132 complete and 0 interrupted iterations
wf03_load   [  42% ] 5/5 VUs  2m57.0s/7m00.0s

running (2m58.0s), 5/5 VUs, 133 complete and 0 interrupted iterations
wf03_load   [  42% ] 5/5 VUs  2m58.0s/7m00.0s

running (2m59.0s), 5/5 VUs, 134 complete and 0 interrupted iterations
wf03_load   [  43% ] 5/5 VUs  2m59.0s/7m00.0s

running (3m00.0s), 5/5 VUs, 136 complete and 0 interrupted iterations
wf03_load   [  43% ] 5/5 VUs  3m00.0s/7m00.0s

running (3m01.0s), 5/5 VUs, 136 complete and 0 interrupted iterations
wf03_load   [  43% ] 5/5 VUs  3m01.0s/7m00.0s

running (3m02.0s), 5/5 VUs, 136 complete and 0 interrupted iterations
wf03_load   [  43% ] 5/5 VUs  3m02.0s/7m00.0s

running (3m03.0s), 5/5 VUs, 138 complete and 0 interrupted iterations
wf03_load   [  44% ] 5/5 VUs  3m03.0s/7m00.0s

running (3m04.0s), 5/5 VUs, 139 complete and 0 interrupted iterations
wf03_load   [  44% ] 5/5 VUs  3m04.0s/7m00.0s

running (3m05.0s), 5/5 VUs, 140 complete and 0 interrupted iterations
wf03_load   [  44% ] 5/5 VUs  3m05.0s/7m00.0s

running (3m06.0s), 5/5 VUs, 141 complete and 0 interrupted iterations
wf03_load   [  44% ] 5/5 VUs  3m06.0s/7m00.0s

running (3m07.0s), 5/5 VUs, 141 complete and 0 interrupted iterations
wf03_load   [  45% ] 5/5 VUs  3m07.0s/7m00.0s

running (3m08.0s), 5/5 VUs, 142 complete and 0 interrupted iterations
wf03_load   [  45% ] 5/5 VUs  3m08.0s/7m00.0s

running (3m09.0s), 5/5 VUs, 144 complete and 0 interrupted iterations
wf03_load   [  45% ] 5/5 VUs  3m09.0s/7m00.0s

running (3m10.0s), 5/5 VUs, 144 complete and 0 interrupted iterations
wf03_load   [  45% ] 5/5 VUs  3m10.0s/7m00.0s

running (3m11.0s), 5/5 VUs, 146 complete and 0 interrupted iterations
wf03_load   [  45% ] 5/5 VUs  3m11.0s/7m00.0s

running (3m12.0s), 5/5 VUs, 146 complete and 0 interrupted iterations
wf03_load   [  46% ] 5/5 VUs  3m12.0s/7m00.0s

running (3m13.0s), 5/5 VUs, 147 complete and 0 interrupted iterations
wf03_load   [  46% ] 5/5 VUs  3m13.0s/7m00.0s

running (3m14.0s), 5/5 VUs, 149 complete and 0 interrupted iterations
wf03_load   [  46% ] 5/5 VUs  3m14.0s/7m00.0s

running (3m15.0s), 5/5 VUs, 150 complete and 0 interrupted iterations
wf03_load   [  46% ] 5/5 VUs  3m15.0s/7m00.0s

running (3m16.0s), 5/5 VUs, 151 complete and 0 interrupted iterations
wf03_load   [  47% ] 5/5 VUs  3m16.0s/7m00.0s

running (3m17.0s), 5/5 VUs, 151 complete and 0 interrupted iterations
wf03_load   [  47% ] 5/5 VUs  3m17.0s/7m00.0s

running (3m18.0s), 5/5 VUs, 152 complete and 0 interrupted iterations
wf03_load   [  47% ] 5/5 VUs  3m18.0s/7m00.0s

running (3m19.0s), 5/5 VUs, 153 complete and 0 interrupted iterations
wf03_load   [  47% ] 5/5 VUs  3m19.0s/7m00.0s

running (3m20.0s), 5/5 VUs, 154 complete and 0 interrupted iterations
wf03_load   [  48% ] 5/5 VUs  3m20.0s/7m00.0s

running (3m21.0s), 5/5 VUs, 156 complete and 0 interrupted iterations
wf03_load   [  48% ] 5/5 VUs  3m21.0s/7m00.0s

running (3m22.0s), 5/5 VUs, 156 complete and 0 interrupted iterations
wf03_load   [  48% ] 5/5 VUs  3m22.0s/7m00.0s

running (3m23.0s), 5/5 VUs, 156 complete and 0 interrupted iterations
wf03_load   [  48% ] 5/5 VUs  3m23.0s/7m00.0s

running (3m24.0s), 5/5 VUs, 158 complete and 0 interrupted iterations
wf03_load   [  49% ] 5/5 VUs  3m24.0s/7m00.0s

running (3m25.0s), 5/5 VUs, 158 complete and 0 interrupted iterations
wf03_load   [  49% ] 5/5 VUs  3m25.0s/7m00.0s

running (3m26.0s), 5/5 VUs, 160 complete and 0 interrupted iterations
wf03_load   [  49% ] 5/5 VUs  3m26.0s/7m00.0s

running (3m27.0s), 5/5 VUs, 161 complete and 0 interrupted iterations
wf03_load   [  49% ] 5/5 VUs  3m27.0s/7m00.0s

running (3m28.0s), 5/5 VUs, 161 complete and 0 interrupted iterations
wf03_load   [  50% ] 5/5 VUs  3m28.0s/7m00.0s

running (3m29.0s), 5/5 VUs, 162 complete and 0 interrupted iterations
wf03_load   [  50% ] 5/5 VUs  3m29.0s/7m00.0s

running (3m30.0s), 5/5 VUs, 164 complete and 0 interrupted iterations
wf03_load   [  50% ] 5/5 VUs  3m30.0s/7m00.0s

running (3m31.0s), 5/5 VUs, 164 complete and 0 interrupted iterations
wf03_load   [  50% ] 5/5 VUs  3m31.0s/7m00.0s

running (3m32.0s), 5/5 VUs, 165 complete and 0 interrupted iterations
wf03_load   [  50% ] 5/5 VUs  3m32.0s/7m00.0s

running (3m33.0s), 5/5 VUs, 166 complete and 0 interrupted iterations
wf03_load   [  51% ] 5/5 VUs  3m33.0s/7m00.0s

running (3m34.0s), 5/5 VUs, 167 complete and 0 interrupted iterations
wf03_load   [  51% ] 5/5 VUs  3m34.0s/7m00.0s

running (3m35.0s), 5/5 VUs, 168 complete and 0 interrupted iterations
wf03_load   [  51% ] 5/5 VUs  3m35.0s/7m00.0s

running (3m36.0s), 5/5 VUs, 169 complete and 0 interrupted iterations
wf03_load   [  51% ] 5/5 VUs  3m36.0s/7m00.0s

running (3m37.0s), 5/5 VUs, 170 complete and 0 interrupted iterations
wf03_load   [  52% ] 5/5 VUs  3m37.0s/7m00.0s

running (3m38.0s), 5/5 VUs, 171 complete and 0 interrupted iterations
wf03_load   [  52% ] 5/5 VUs  3m38.0s/7m00.0s

running (3m39.0s), 5/5 VUs, 172 complete and 0 interrupted iterations
wf03_load   [  52% ] 5/5 VUs  3m39.0s/7m00.0s

running (3m40.0s), 5/5 VUs, 173 complete and 0 interrupted iterations
wf03_load   [  52% ] 5/5 VUs  3m40.0s/7m00.0s

running (3m41.0s), 5/5 VUs, 173 complete and 0 interrupted iterations
wf03_load   [  53% ] 5/5 VUs  3m41.0s/7m00.0s

running (3m42.0s), 5/5 VUs, 174 complete and 0 interrupted iterations
wf03_load   [  53% ] 5/5 VUs  3m42.0s/7m00.0s

running (3m43.0s), 5/5 VUs, 177 complete and 0 interrupted iterations
wf03_load   [  53% ] 5/5 VUs  3m43.0s/7m00.0s

running (3m44.0s), 5/5 VUs, 177 complete and 0 interrupted iterations
wf03_load   [  53% ] 5/5 VUs  3m44.0s/7m00.0s

running (3m45.0s), 5/5 VUs, 177 complete and 0 interrupted iterations
wf03_load   [  54% ] 5/5 VUs  3m45.0s/7m00.0s

running (3m46.0s), 5/5 VUs, 177 complete and 0 interrupted iterations
wf03_load   [  54% ] 5/5 VUs  3m46.0s/7m00.0s

running (3m47.0s), 5/5 VUs, 179 complete and 0 interrupted iterations
wf03_load   [  54% ] 5/5 VUs  3m47.0s/7m00.0s

running (3m48.0s), 5/5 VUs, 182 complete and 0 interrupted iterations
wf03_load   [  54% ] 5/5 VUs  3m48.0s/7m00.0s

running (3m49.0s), 5/5 VUs, 182 complete and 0 interrupted iterations
wf03_load   [  55% ] 5/5 VUs  3m49.0s/7m00.0s

running (3m50.0s), 5/5 VUs, 182 complete and 0 interrupted iterations
wf03_load   [  55% ] 5/5 VUs  3m50.0s/7m00.0s

running (3m51.0s), 5/5 VUs, 182 complete and 0 interrupted iterations
wf03_load   [  55% ] 5/5 VUs  3m51.0s/7m00.0s

running (3m52.0s), 5/5 VUs, 184 complete and 0 interrupted iterations
wf03_load   [  55% ] 5/5 VUs  3m52.0s/7m00.0s

running (3m53.0s), 5/5 VUs, 186 complete and 0 interrupted iterations
wf03_load   [  55% ] 5/5 VUs  3m53.0s/7m00.0s

running (3m54.0s), 5/5 VUs, 186 complete and 0 interrupted iterations
wf03_load   [  56% ] 5/5 VUs  3m54.0s/7m00.0s

running (3m55.0s), 5/5 VUs, 187 complete and 0 interrupted iterations
wf03_load   [  56% ] 5/5 VUs  3m55.0s/7m00.0s

running (3m56.0s), 5/5 VUs, 187 complete and 0 interrupted iterations
wf03_load   [  56% ] 5/5 VUs  3m56.0s/7m00.0s

running (3m57.0s), 5/5 VUs, 189 complete and 0 interrupted iterations
wf03_load   [  56% ] 5/5 VUs  3m57.0s/7m00.0s

running (3m58.0s), 5/5 VUs, 190 complete and 0 interrupted iterations
wf03_load   [  57% ] 5/5 VUs  3m58.0s/7m00.0s

running (3m59.0s), 5/5 VUs, 192 complete and 0 interrupted iterations
wf03_load   [  57% ] 5/5 VUs  3m59.0s/7m00.0s

running (4m00.0s), 5/5 VUs, 192 complete and 0 interrupted iterations
wf03_load   [  57% ] 5/5 VUs  4m00.0s/7m00.0s

running (4m01.0s), 5/5 VUs, 192 complete and 0 interrupted iterations
wf03_load   [  57% ] 5/5 VUs  4m01.0s/7m00.0s

running (4m02.0s), 5/5 VUs, 194 complete and 0 interrupted iterations
wf03_load   [  58% ] 5/5 VUs  4m02.0s/7m00.0s

running (4m03.0s), 5/5 VUs, 195 complete and 0 interrupted iterations
wf03_load   [  58% ] 5/5 VUs  4m03.0s/7m00.0s

running (4m04.0s), 5/5 VUs, 196 complete and 0 interrupted iterations
wf03_load   [  58% ] 5/5 VUs  4m04.0s/7m00.0s

running (4m05.0s), 5/5 VUs, 197 complete and 0 interrupted iterations
wf03_load   [  58% ] 5/5 VUs  4m05.0s/7m00.0s

running (4m06.0s), 5/5 VUs, 197 complete and 0 interrupted iterations
wf03_load   [  59% ] 5/5 VUs  4m06.0s/7m00.0s

running (4m07.0s), 5/5 VUs, 199 complete and 0 interrupted iterations
wf03_load   [  59% ] 5/5 VUs  4m07.0s/7m00.0s

running (4m08.0s), 5/5 VUs, 200 complete and 0 interrupted iterations
wf03_load   [  59% ] 5/5 VUs  4m08.0s/7m00.0s

running (4m09.0s), 5/5 VUs, 201 complete and 0 interrupted iterations
wf03_load   [  59% ] 5/5 VUs  4m09.0s/7m00.0s

running (4m10.0s), 5/5 VUs, 202 complete and 0 interrupted iterations
wf03_load   [  60% ] 5/5 VUs  4m10.0s/7m00.0s

running (4m11.0s), 5/5 VUs, 202 complete and 0 interrupted iterations
wf03_load   [  60% ] 5/5 VUs  4m11.0s/7m00.0s

running (4m12.0s), 5/5 VUs, 204 complete and 0 interrupted iterations
wf03_load   [  60% ] 5/5 VUs  4m12.0s/7m00.0s

running (4m13.0s), 5/5 VUs, 206 complete and 0 interrupted iterations
wf03_load   [  60% ] 5/5 VUs  4m13.0s/7m00.0s

running (4m14.0s), 5/5 VUs, 206 complete and 0 interrupted iterations
wf03_load   [  60% ] 5/5 VUs  4m14.0s/7m00.0s

running (4m15.0s), 5/5 VUs, 206 complete and 0 interrupted iterations
wf03_load   [  61% ] 5/5 VUs  4m15.0s/7m00.0s

running (4m16.0s), 5/5 VUs, 206 complete and 0 interrupted iterations
wf03_load   [  61% ] 5/5 VUs  4m16.0s/7m00.0s

running (4m17.0s), 5/5 VUs, 208 complete and 0 interrupted iterations
wf03_load   [  61% ] 5/5 VUs  4m17.0s/7m00.0s

running (4m18.0s), 5/5 VUs, 210 complete and 0 interrupted iterations
wf03_load   [  61% ] 5/5 VUs  4m18.0s/7m00.0s

running (4m19.0s), 5/5 VUs, 211 complete and 0 interrupted iterations
wf03_load   [  62% ] 5/5 VUs  4m19.0s/7m00.0s

running (4m20.0s), 5/5 VUs, 211 complete and 0 interrupted iterations
wf03_load   [  62% ] 5/5 VUs  4m20.0s/7m00.0s

running (4m21.0s), 5/5 VUs, 212 complete and 0 interrupted iterations
wf03_load   [  62% ] 5/5 VUs  4m21.0s/7m00.0s

running (4m22.0s), 5/5 VUs, 213 complete and 0 interrupted iterations
wf03_load   [  62% ] 5/5 VUs  4m22.0s/7m00.0s

running (4m23.0s), 5/5 VUs, 213 complete and 0 interrupted iterations
wf03_load   [  63% ] 5/5 VUs  4m23.0s/7m00.0s

running (4m24.0s), 5/5 VUs, 215 complete and 0 interrupted iterations
wf03_load   [  63% ] 5/5 VUs  4m24.0s/7m00.0s

running (4m25.0s), 5/5 VUs, 216 complete and 0 interrupted iterations
wf03_load   [  63% ] 5/5 VUs  4m25.0s/7m00.0s

running (4m26.0s), 5/5 VUs, 216 complete and 0 interrupted iterations
wf03_load   [  63% ] 5/5 VUs  4m26.0s/7m00.0s

running (4m27.0s), 5/5 VUs, 218 complete and 0 interrupted iterations
wf03_load   [  64% ] 5/5 VUs  4m27.0s/7m00.0s

running (4m28.0s), 5/5 VUs, 218 complete and 0 interrupted iterations
wf03_load   [  64% ] 5/5 VUs  4m28.0s/7m00.0s

running (4m29.0s), 5/5 VUs, 220 complete and 0 interrupted iterations
wf03_load   [  64% ] 5/5 VUs  4m29.0s/7m00.0s

running (4m30.0s), 5/5 VUs, 221 complete and 0 interrupted iterations
wf03_load   [  64% ] 5/5 VUs  4m30.0s/7m00.0s

running (4m31.0s), 5/5 VUs, 221 complete and 0 interrupted iterations
wf03_load   [  65% ] 5/5 VUs  4m31.0s/7m00.0s

running (4m32.0s), 5/5 VUs, 222 complete and 0 interrupted iterations
wf03_load   [  65% ] 5/5 VUs  4m32.0s/7m00.0s

running (4m33.0s), 5/5 VUs, 223 complete and 0 interrupted iterations
wf03_load   [  65% ] 5/5 VUs  4m33.0s/7m00.0s

running (4m34.0s), 5/5 VUs, 225 complete and 0 interrupted iterations
wf03_load   [  65% ] 5/5 VUs  4m34.0s/7m00.0s

running (4m35.0s), 5/5 VUs, 226 complete and 0 interrupted iterations
wf03_load   [  65% ] 5/5 VUs  4m35.0s/7m00.0s

running (4m36.0s), 5/5 VUs, 226 complete and 0 interrupted iterations
wf03_load   [  66% ] 5/5 VUs  4m36.0s/7m00.0s

running (4m37.0s), 5/5 VUs, 226 complete and 0 interrupted iterations
wf03_load   [  66% ] 5/5 VUs  4m37.0s/7m00.0s

running (4m38.0s), 5/5 VUs, 227 complete and 0 interrupted iterations
wf03_load   [  66% ] 5/5 VUs  4m38.0s/7m00.0s

running (4m39.0s), 5/5 VUs, 228 complete and 0 interrupted iterations
wf03_load   [  66% ] 5/5 VUs  4m39.0s/7m00.0s

running (4m40.0s), 5/5 VUs, 231 complete and 0 interrupted iterations
wf03_load   [  67% ] 5/5 VUs  4m40.0s/7m00.0s

running (4m41.0s), 5/5 VUs, 231 complete and 0 interrupted iterations
wf03_load   [  67% ] 5/5 VUs  4m41.0s/7m00.0s

running (4m42.0s), 5/5 VUs, 231 complete and 0 interrupted iterations
wf03_load   [  67% ] 5/5 VUs  4m42.0s/7m00.0s

running (4m43.0s), 5/5 VUs, 232 complete and 0 interrupted iterations
wf03_load   [  67% ] 5/5 VUs  4m43.0s/7m00.0s

running (4m44.0s), 5/5 VUs, 233 complete and 0 interrupted iterations
wf03_load   [  68% ] 5/5 VUs  4m44.0s/7m00.0s

running (4m45.0s), 5/5 VUs, 236 complete and 0 interrupted iterations
wf03_load   [  68% ] 5/5 VUs  4m45.0s/7m00.0s

running (4m46.0s), 5/5 VUs, 236 complete and 0 interrupted iterations
wf03_load   [  68% ] 5/5 VUs  4m46.0s/7m00.0s

running (4m47.0s), 5/5 VUs, 236 complete and 0 interrupted iterations
wf03_load   [  68% ] 5/5 VUs  4m47.0s/7m00.0s

running (4m48.0s), 5/5 VUs, 237 complete and 0 interrupted iterations
wf03_load   [  69% ] 5/5 VUs  4m48.0s/7m00.0s

running (4m49.0s), 5/5 VUs, 237 complete and 0 interrupted iterations
wf03_load   [  69% ] 5/5 VUs  4m49.0s/7m00.0s

running (4m50.0s), 5/5 VUs, 239 complete and 0 interrupted iterations
wf03_load   [  69% ] 5/5 VUs  4m50.0s/7m00.0s

running (4m51.0s), 5/5 VUs, 241 complete and 0 interrupted iterations
wf03_load   [  69% ] 5/5 VUs  4m51.0s/7m00.0s

running (4m52.0s), 5/5 VUs, 241 complete and 0 interrupted iterations
wf03_load   [  70% ] 5/5 VUs  4m52.0s/7m00.0s

running (4m53.0s), 5/5 VUs, 242 complete and 0 interrupted iterations
wf03_load   [  70% ] 5/5 VUs  4m53.0s/7m00.0s

running (4m54.0s), 5/5 VUs, 242 complete and 0 interrupted iterations
wf03_load   [  70% ] 5/5 VUs  4m54.0s/7m00.0s

running (4m55.0s), 5/5 VUs, 244 complete and 0 interrupted iterations
wf03_load   [  70% ] 5/5 VUs  4m55.0s/7m00.0s

running (4m56.0s), 5/5 VUs, 245 complete and 0 interrupted iterations
wf03_load   [  70% ] 5/5 VUs  4m56.0s/7m00.0s

running (4m57.0s), 5/5 VUs, 246 complete and 0 interrupted iterations
wf03_load   [  71% ] 5/5 VUs  4m57.0s/7m00.0s

running (4m58.0s), 5/5 VUs, 247 complete and 0 interrupted iterations
wf03_load   [  71% ] 5/5 VUs  4m58.0s/7m00.0s

running (4m59.0s), 5/5 VUs, 247 complete and 0 interrupted iterations
wf03_load   [  71% ] 5/5 VUs  4m59.0s/7m00.0s

running (5m00.0s), 5/5 VUs, 250 complete and 0 interrupted iterations
wf03_load   [  71% ] 5/5 VUs  5m00.0s/7m00.0s

running (5m01.0s), 5/5 VUs, 250 complete and 0 interrupted iterations
wf03_load   [  72% ] 5/5 VUs  5m01.0s/7m00.0s

running (5m02.0s), 5/5 VUs, 251 complete and 0 interrupted iterations
wf03_load   [  72% ] 5/5 VUs  5m02.0s/7m00.0s

running (5m03.0s), 5/5 VUs, 252 complete and 0 interrupted iterations
wf03_load   [  72% ] 5/5 VUs  5m03.0s/7m00.0s

running (5m04.0s), 5/5 VUs, 252 complete and 0 interrupted iterations
wf03_load   [  72% ] 5/5 VUs  5m04.0s/7m00.0s

running (5m05.0s), 5/5 VUs, 254 complete and 0 interrupted iterations
wf03_load   [  73% ] 5/5 VUs  5m05.0s/7m00.0s

running (5m06.0s), 5/5 VUs, 255 complete and 0 interrupted iterations
wf03_load   [  73% ] 5/5 VUs  5m06.0s/7m00.0s

running (5m07.0s), 5/5 VUs, 256 complete and 0 interrupted iterations
wf03_load   [  73% ] 5/5 VUs  5m07.0s/7m00.0s

running (5m08.0s), 5/5 VUs, 257 complete and 0 interrupted iterations
wf03_load   [  73% ] 5/5 VUs  5m08.0s/7m00.0s

running (5m09.0s), 5/5 VUs, 257 complete and 0 interrupted iterations
wf03_load   [  74% ] 5/5 VUs  5m09.0s/7m00.0s

running (5m10.0s), 5/5 VUs, 258 complete and 0 interrupted iterations
wf03_load   [  74% ] 5/5 VUs  5m10.0s/7m00.0s

running (5m11.0s), 5/5 VUs, 260 complete and 0 interrupted iterations
wf03_load   [  74% ] 5/5 VUs  5m11.0s/7m00.0s

running (5m12.0s), 5/5 VUs, 260 complete and 0 interrupted iterations
wf03_load   [  74% ] 5/5 VUs  5m12.0s/7m00.0s

running (5m13.0s), 5/5 VUs, 262 complete and 0 interrupted iterations
wf03_load   [  75% ] 5/5 VUs  5m13.0s/7m00.0s

running (5m14.0s), 5/5 VUs, 263 complete and 0 interrupted iterations
wf03_load   [  75% ] 5/5 VUs  5m14.0s/7m00.0s

running (5m15.0s), 5/5 VUs, 263 complete and 0 interrupted iterations
wf03_load   [  75% ] 5/5 VUs  5m15.0s/7m00.0s

running (5m16.0s), 5/5 VUs, 263 complete and 0 interrupted iterations
wf03_load   [  75% ] 5/5 VUs  5m16.0s/7m00.0s

running (5m17.0s), 5/5 VUs, 265 complete and 0 interrupted iterations
wf03_load   [  75% ] 5/5 VUs  5m17.0s/7m00.0s

running (5m18.0s), 5/5 VUs, 266 complete and 0 interrupted iterations
wf03_load   [  76% ] 5/5 VUs  5m18.0s/7m00.0s

running (5m19.0s), 5/5 VUs, 267 complete and 0 interrupted iterations
wf03_load   [  76% ] 5/5 VUs  5m19.0s/7m00.0s

running (5m20.0s), 5/5 VUs, 268 complete and 0 interrupted iterations
wf03_load   [  76% ] 5/5 VUs  5m20.0s/7m00.0s

running (5m21.0s), 5/5 VUs, 268 complete and 0 interrupted iterations
wf03_load   [  76% ] 5/5 VUs  5m21.0s/7m00.0s

running (5m22.0s), 5/5 VUs, 270 complete and 0 interrupted iterations
wf03_load   [  77% ] 5/5 VUs  5m22.0s/7m00.0s

running (5m23.0s), 5/5 VUs, 271 complete and 0 interrupted iterations
wf03_load   [  77% ] 5/5 VUs  5m23.0s/7m00.0s

running (5m24.0s), 5/5 VUs, 273 complete and 0 interrupted iterations
wf03_load   [  77% ] 5/5 VUs  5m24.0s/7m00.0s

running (5m25.0s), 5/5 VUs, 273 complete and 0 interrupted iterations
wf03_load   [  77% ] 5/5 VUs  5m25.0s/7m00.0s

running (5m26.0s), 5/5 VUs, 273 complete and 0 interrupted iterations
wf03_load   [  78% ] 5/5 VUs  5m26.0s/7m00.0s

running (5m27.0s), 5/5 VUs, 275 complete and 0 interrupted iterations
wf03_load   [  78% ] 5/5 VUs  5m27.0s/7m00.0s

running (5m28.0s), 5/5 VUs, 276 complete and 0 interrupted iterations
wf03_load   [  78% ] 5/5 VUs  5m28.0s/7m00.0s

running (5m29.0s), 5/5 VUs, 276 complete and 0 interrupted iterations
wf03_load   [  78% ] 5/5 VUs  5m29.0s/7m00.0s

running (5m30.0s), 5/5 VUs, 278 complete and 0 interrupted iterations
wf03_load   [  79% ] 5/5 VUs  5m30.0s/7m00.0s

running (5m31.0s), 5/5 VUs, 278 complete and 0 interrupted iterations
wf03_load   [  79% ] 5/5 VUs  5m31.0s/7m00.0s

running (5m32.0s), 5/5 VUs, 279 complete and 0 interrupted iterations
wf03_load   [  79% ] 5/5 VUs  5m32.0s/7m00.0s

running (5m33.0s), 5/5 VUs, 280 complete and 0 interrupted iterations
wf03_load   [  79% ] 5/5 VUs  5m33.0s/7m00.0s

running (5m34.0s), 5/5 VUs, 281 complete and 0 interrupted iterations
wf03_load   [  80% ] 5/5 VUs  5m34.0s/7m00.0s

running (5m35.0s), 5/5 VUs, 283 complete and 0 interrupted iterations
wf03_load   [  80% ] 5/5 VUs  5m35.0s/7m00.0s

running (5m36.0s), 5/5 VUs, 283 complete and 0 interrupted iterations
wf03_load   [  80% ] 5/5 VUs  5m36.0s/7m00.0s

running (5m37.0s), 5/5 VUs, 283 complete and 0 interrupted iterations
wf03_load   [  80% ] 5/5 VUs  5m37.0s/7m00.0s

running (5m38.0s), 5/5 VUs, 285 complete and 0 interrupted iterations
wf03_load   [  80% ] 5/5 VUs  5m38.0s/7m00.0s

running (5m39.0s), 5/5 VUs, 288 complete and 0 interrupted iterations
wf03_load   [  81% ] 5/5 VUs  5m39.0s/7m00.0s

running (5m40.0s), 5/5 VUs, 288 complete and 0 interrupted iterations
wf03_load   [  81% ] 5/5 VUs  5m40.0s/7m00.0s

running (5m41.0s), 5/5 VUs, 288 complete and 0 interrupted iterations
wf03_load   [  81% ] 5/5 VUs  5m41.0s/7m00.0s

running (5m42.0s), 5/5 VUs, 288 complete and 0 interrupted iterations
wf03_load   [  81% ] 5/5 VUs  5m42.0s/7m00.0s

running (5m43.0s), 5/5 VUs, 289 complete and 0 interrupted iterations
wf03_load   [  82% ] 5/5 VUs  5m43.0s/7m00.0s

running (5m44.0s), 5/5 VUs, 291 complete and 0 interrupted iterations
wf03_load   [  82% ] 5/5 VUs  5m44.0s/7m00.0s

running (5m45.0s), 5/5 VUs, 293 complete and 0 interrupted iterations
wf03_load   [  82% ] 5/5 VUs  5m45.0s/7m00.0s

running (5m46.0s), 5/5 VUs, 293 complete and 0 interrupted iterations
wf03_load   [  82% ] 5/5 VUs  5m46.0s/7m00.0s

running (5m47.0s), 5/5 VUs, 293 complete and 0 interrupted iterations
wf03_load   [  83% ] 5/5 VUs  5m47.0s/7m00.0s

running (5m48.0s), 5/5 VUs, 294 complete and 0 interrupted iterations
wf03_load   [  83% ] 5/5 VUs  5m48.0s/7m00.0s

running (5m49.0s), 5/5 VUs, 298 complete and 0 interrupted iterations
wf03_load   [  83% ] 5/5 VUs  5m49.0s/7m00.0s

running (5m50.0s), 5/5 VUs, 298 complete and 0 interrupted iterations
wf03_load   [  83% ] 5/5 VUs  5m50.0s/7m00.0s

running (5m51.0s), 5/5 VUs, 298 complete and 0 interrupted iterations
wf03_load   [  84% ] 5/5 VUs  5m51.0s/7m00.0s

running (5m52.0s), 5/5 VUs, 298 complete and 0 interrupted iterations
wf03_load   [  84% ] 5/5 VUs  5m52.0s/7m00.0s

running (5m53.0s), 5/5 VUs, 298 complete and 0 interrupted iterations
wf03_load   [  84% ] 5/5 VUs  5m53.0s/7m00.0s

running (5m54.0s), 5/5 VUs, 303 complete and 0 interrupted iterations
wf03_load   [  84% ] 5/5 VUs  5m54.0s/7m00.0s

running (5m55.0s), 5/5 VUs, 303 complete and 0 interrupted iterations
wf03_load   [  85% ] 5/5 VUs  5m55.0s/7m00.0s

running (5m56.0s), 5/5 VUs, 303 complete and 0 interrupted iterations
wf03_load   [  85% ] 5/5 VUs  5m56.0s/7m00.0s

running (5m57.0s), 5/5 VUs, 303 complete and 0 interrupted iterations
wf03_load   [  85% ] 5/5 VUs  5m57.0s/7m00.0s

running (5m58.0s), 5/5 VUs, 304 complete and 0 interrupted iterations
wf03_load   [  85% ] 5/5 VUs  5m58.0s/7m00.0s

running (5m59.0s), 5/5 VUs, 308 complete and 0 interrupted iterations
wf03_load   [  85% ] 5/5 VUs  5m59.0s/7m00.0s

running (6m00.0s), 5/5 VUs, 308 complete and 0 interrupted iterations
wf03_load   [  86% ] 5/5 VUs  6m00.0s/7m00.0s

running (6m01.0s), 5/5 VUs, 308 complete and 0 interrupted iterations
wf03_load   [  86% ] 5/5 VUs  6m01.0s/7m00.0s

running (6m02.0s), 5/5 VUs, 309 complete and 0 interrupted iterations
wf03_load   [  86% ] 5/5 VUs  6m02.0s/7m00.0s

running (6m03.0s), 5/5 VUs, 309 complete and 0 interrupted iterations
wf03_load   [  86% ] 5/5 VUs  6m03.0s/7m00.0s

running (6m04.0s), 5/5 VUs, 312 complete and 0 interrupted iterations
wf03_load   [  87% ] 5/5 VUs  6m04.0s/7m00.0s

running (6m05.0s), 5/5 VUs, 313 complete and 0 interrupted iterations
wf03_load   [  87% ] 5/5 VUs  6m05.0s/7m00.0s

running (6m06.0s), 5/5 VUs, 313 complete and 0 interrupted iterations
wf03_load   [  87% ] 5/5 VUs  6m06.0s/7m00.0s

running (6m07.0s), 5/5 VUs, 314 complete and 0 interrupted iterations
wf03_load   [  87% ] 5/5 VUs  6m07.0s/7m00.0s

running (6m08.0s), 5/5 VUs, 315 complete and 0 interrupted iterations
wf03_load   [  88% ] 5/5 VUs  6m08.0s/7m00.0s

running (6m09.0s), 5/5 VUs, 316 complete and 0 interrupted iterations
wf03_load   [  88% ] 5/5 VUs  6m09.0s/7m00.0s

running (6m10.0s), 5/5 VUs, 318 complete and 0 interrupted iterations
wf03_load   [  88% ] 5/5 VUs  6m10.0s/7m00.0s

running (6m11.0s), 5/5 VUs, 318 complete and 0 interrupted iterations
wf03_load   [  88% ] 5/5 VUs  6m11.0s/7m00.0s

running (6m12.0s), 5/5 VUs, 318 complete and 0 interrupted iterations
wf03_load   [  89% ] 5/5 VUs  6m12.0s/7m00.0s

running (6m13.0s), 5/5 VUs, 319 complete and 0 interrupted iterations
wf03_load   [  89% ] 5/5 VUs  6m13.0s/7m00.0s

running (6m14.0s), 5/5 VUs, 320 complete and 0 interrupted iterations
wf03_load   [  89% ] 5/5 VUs  6m14.0s/7m00.0s

running (6m15.0s), 5/5 VUs, 322 complete and 0 interrupted iterations
wf03_load   [  89% ] 5/5 VUs  6m15.0s/7m00.0s

running (6m16.0s), 4/5 VUs, 323 complete and 0 interrupted iterations
wf03_load   [  90% ] 4/5 VUs  6m16.0s/7m00.0s

running (6m17.0s), 4/5 VUs, 323 complete and 0 interrupted iterations
wf03_load   [  90% ] 4/5 VUs  6m17.0s/7m00.0s

running (6m18.0s), 4/5 VUs, 324 complete and 0 interrupted iterations
wf03_load   [  90% ] 4/5 VUs  6m18.0s/7m00.0s

running (6m19.0s), 4/5 VUs, 325 complete and 0 interrupted iterations
wf03_load   [  90% ] 4/5 VUs  6m19.0s/7m00.0s

running (6m20.0s), 4/5 VUs, 326 complete and 0 interrupted iterations
wf03_load   [  90% ] 4/5 VUs  6m20.0s/7m00.0s

running (6m21.0s), 4/5 VUs, 327 complete and 0 interrupted iterations
wf03_load   [  91% ] 4/5 VUs  6m21.0s/7m00.0s

running (6m22.0s), 4/5 VUs, 327 complete and 0 interrupted iterations
wf03_load   [  91% ] 4/5 VUs  6m22.0s/7m00.0s

running (6m23.0s), 4/5 VUs, 328 complete and 0 interrupted iterations
wf03_load   [  91% ] 4/5 VUs  6m23.0s/7m00.0s

running (6m24.0s), 4/5 VUs, 329 complete and 0 interrupted iterations
wf03_load   [  91% ] 4/5 VUs  6m24.0s/7m00.0s

running (6m25.0s), 3/5 VUs, 330 complete and 0 interrupted iterations
wf03_load   [  92% ] 3/5 VUs  6m25.0s/7m00.0s

running (6m26.0s), 3/5 VUs, 331 complete and 0 interrupted iterations
wf03_load   [  92% ] 3/5 VUs  6m26.0s/7m00.0s

running (6m27.0s), 3/5 VUs, 331 complete and 0 interrupted iterations
wf03_load   [  92% ] 3/5 VUs  6m27.0s/7m00.0s

running (6m28.0s), 3/5 VUs, 332 complete and 0 interrupted iterations
wf03_load   [  92% ] 3/5 VUs  6m28.0s/7m00.0s

running (6m29.0s), 3/5 VUs, 333 complete and 0 interrupted iterations
wf03_load   [  93% ] 3/5 VUs  6m29.0s/7m00.0s

running (6m30.0s), 3/5 VUs, 333 complete and 0 interrupted iterations
wf03_load   [  93% ] 3/5 VUs  6m30.0s/7m00.0s

running (6m31.0s), 3/5 VUs, 333 complete and 0 interrupted iterations
wf03_load   [  93% ] 3/5 VUs  6m31.0s/7m00.0s

running (6m32.0s), 3/5 VUs, 334 complete and 0 interrupted iterations
wf03_load   [  93% ] 3/5 VUs  6m32.0s/7m00.0s

running (6m33.0s), 3/5 VUs, 335 complete and 0 interrupted iterations
wf03_load   [  94% ] 3/5 VUs  6m33.0s/7m00.0s

running (6m34.0s), 3/5 VUs, 336 complete and 0 interrupted iterations
wf03_load   [  94% ] 3/5 VUs  6m34.0s/7m00.0s

running (6m35.0s), 3/5 VUs, 336 complete and 0 interrupted iterations
wf03_load   [  94% ] 3/5 VUs  6m35.0s/7m00.0s

running (6m36.0s), 3/5 VUs, 336 complete and 0 interrupted iterations
wf03_load   [  94% ] 3/5 VUs  6m36.0s/7m00.0s

running (6m37.0s), 3/5 VUs, 336 complete and 0 interrupted iterations
wf03_load   [  95% ] 3/5 VUs  6m37.0s/7m00.0s

running (6m38.0s), 3/5 VUs, 337 complete and 0 interrupted iterations
wf03_load   [  95% ] 3/5 VUs  6m38.0s/7m00.0s

running (6m39.0s), 2/5 VUs, 338 complete and 0 interrupted iterations
wf03_load   [  95% ] 2/5 VUs  6m39.0s/7m00.0s

running (6m40.0s), 2/5 VUs, 339 complete and 0 interrupted iterations
wf03_load   [  95% ] 2/5 VUs  6m40.0s/7m00.0s

running (6m41.0s), 2/5 VUs, 339 complete and 0 interrupted iterations
wf03_load   [  95% ] 2/5 VUs  6m41.0s/7m00.0s

running (6m42.0s), 2/5 VUs, 339 complete and 0 interrupted iterations
wf03_load   [  96% ] 2/5 VUs  6m42.0s/7m00.0s

running (6m43.0s), 2/5 VUs, 340 complete and 0 interrupted iterations
wf03_load   [  96% ] 2/5 VUs  6m43.0s/7m00.0s

running (6m44.0s), 2/5 VUs, 340 complete and 0 interrupted iterations
wf03_load   [  96% ] 2/5 VUs  6m44.0s/7m00.0s

running (6m45.0s), 2/5 VUs, 340 complete and 0 interrupted iterations
wf03_load   [  96% ] 2/5 VUs  6m45.0s/7m00.0s

running (6m46.0s), 2/5 VUs, 341 complete and 0 interrupted iterations
wf03_load   [  97% ] 2/5 VUs  6m46.0s/7m00.0s

running (6m47.0s), 2/5 VUs, 341 complete and 0 interrupted iterations
wf03_load   [  97% ] 2/5 VUs  6m47.0s/7m00.0s

running (6m48.0s), 2/5 VUs, 341 complete and 0 interrupted iterations
wf03_load   [  97% ] 2/5 VUs  6m48.0s/7m00.0s

running (6m49.0s), 1/5 VUs, 342 complete and 0 interrupted iterations
wf03_load   [  97% ] 1/5 VUs  6m49.0s/7m00.0s

running (6m50.0s), 1/5 VUs, 342 complete and 0 interrupted iterations
wf03_load   [  98% ] 1/5 VUs  6m50.0s/7m00.0s

running (6m51.0s), 1/5 VUs, 343 complete and 0 interrupted iterations
wf03_load   [  98% ] 1/5 VUs  6m51.0s/7m00.0s

running (6m52.0s), 1/5 VUs, 343 complete and 0 interrupted iterations
wf03_load   [  98% ] 1/5 VUs  6m52.0s/7m00.0s

running (6m53.0s), 1/5 VUs, 343 complete and 0 interrupted iterations
wf03_load   [  98% ] 1/5 VUs  6m53.0s/7m00.0s

running (6m54.0s), 1/5 VUs, 343 complete and 0 interrupted iterations
wf03_load   [  99% ] 1/5 VUs  6m54.0s/7m00.0s

running (6m55.0s), 1/5 VUs, 343 complete and 0 interrupted iterations
wf03_load   [  99% ] 1/5 VUs  6m55.0s/7m00.0s

running (6m56.0s), 1/5 VUs, 343 complete and 0 interrupted iterations
wf03_load   [  99% ] 1/5 VUs  6m56.0s/7m00.0s

running (6m57.0s), 1/5 VUs, 344 complete and 0 interrupted iterations
wf03_load   [  99% ] 1/5 VUs  6m57.0s/7m00.0s

running (6m58.0s), 1/5 VUs, 344 complete and 0 interrupted iterations
wf03_load   [ 100% ] 1/5 VUs  6m58.0s/7m00.0s

running (6m59.0s), 1/5 VUs, 344 complete and 0 interrupted iterations
wf03_load   [ 100% ] 1/5 VUs  6m59.0s/7m00.0s

running (7m00.0s), 1/5 VUs, 344 complete and 0 interrupted iterations
wf03_load   [ 100% ] 1/5 VUs  7m00.0s/7m00.0s

running (7m01.0s), 1/5 VUs, 344 complete and 0 interrupted iterations
wf03_load ↓ [ 100% ] 1/5 VUs  7m0s


  █ TOTAL RESULTS 

    checks_total.......: 13110   31.114759/s
    checks_succeeded...: 100.00% 13110 out of 13110
    checks_failed......: 0.00%   0 out of 13110

    ✓ login: status is 200
    ✓ login: body is valid JSON object
    ✓ login: response indicates success
    ✓ login: token is non-empty
    ✓ login: identity matches dedicated credential
    ✓ login: role is user
    ✓ login: account is unlocked
    ✓ search: status is 200
    ✓ search: body is valid product array
    ✓ search: exactly one expected product matches
    ✓ search: selected product id is valid
    ✓ detail: status is 200
    ✓ detail: body is valid product object
    ✓ detail: id matches correlated product id
    ✓ detail: name matches expected product
    ✓ detail: price is positive and finite
    ✓ checkout: status is 200
    ✓ checkout: body is valid JSON object
    ✓ checkout: response indicates success
    ✓ checkout: new order id is valid
    ✓ pending_probe: status is 200
    ✓ pending_probe: body is valid order object
    ✓ pending_probe: id matches correlated order id
    ✓ pending_probe: owner matches authenticated user
    ✓ pending_probe: amount matches checkout total
    ✓ pending_probe: address matches checkout address
    ✓ pending_probe: state is pending
    ✓ cancellation: request uses correlated order id
    ✓ cancellation: status is 200
    ✓ cancellation: body is valid JSON object
    ✓ cancellation: response indicates success
    ✓ final_probe: status is 200
    ✓ final_probe: body is valid order object
    ✓ final_probe: id matches correlated order id
    ✓ final_probe: owner matches authenticated user
    ✓ final_probe: amount remains checkout total
    ✓ final_probe: address remains checkout address
    ✓ final_probe: state is canceled

    CUSTOM
    wf03_lifecycle_duration........: avg=752.42ms min=509ms med=730ms  max=1.01s   p(90)=966.2ms p(95)=989.8ms 
    wf03_orders_canceled...........: 345     0.818809/s
    wf03_orders_created............: 345     0.818809/s
    wf03_workflow_attempted........: 345     0.818809/s
    wf03_workflow_success..........: 100.00% 345 out of 345

    HTTP
    http_req_blocked...............: avg=8.97µs   min=1µs   med=7µs    max=1.3ms   p(90)=13µs    p(95)=14µs    
    http_req_connecting............: avg=657ns    min=0s    med=0s     max=432µs   p(90)=0s      p(95)=0s      
    http_req_duration..............: avg=1.82ms   min=284µs med=1.42ms max=17ms    p(90)=3.82ms  p(95)=4.1ms   
      { expected_response:true }...: avg=1.82ms   min=284µs med=1.42ms max=17ms    p(90)=3.82ms  p(95)=4.1ms   
    http_req_failed................: 0.00%   0 out of 2415
    http_req_receiving.............: avg=59.17µs  min=12µs  med=57µs   max=376µs   p(90)=92µs    p(95)=104.29µs
    http_req_sending...............: avg=29.03µs  min=6µs   med=26µs   max=1.4ms   p(90)=47µs    p(95)=52µs    
    http_req_tls_handshaking.......: avg=0s       min=0s    med=0s     max=0s      p(90)=0s      p(95)=0s      
    http_req_waiting...............: avg=1.73ms   min=260µs med=1.32ms max=16.91ms p(90)=3.7ms   p(95)=3.96ms  
    http_reqs......................: 2415    5.731666/s

    EXECUTION
    iteration_duration.............: avg=5.23s    min=4.04s med=5.21s  max=6.73s   p(90)=5.97s   p(95)=6.09s   
    iterations.....................: 345     0.818809/s
    vus............................: 1       min=0          max=5
    vus_max........................: 5       min=5          max=5

    NETWORK
    data_received..................: 1.1 MB  2.5 kB/s
    data_sent......................: 498 kB  1.2 kB/s


  █ SCENARIO: load 

    checks_total.......: 13110   31.114759/s
    checks_succeeded...: 100.00% 13110 out of 13110
    checks_failed......: 0.00%   0 out of 13110

    ✓ login: status is 200
    ✓ login: body is valid JSON object
    ✓ login: response indicates success
    ✓ login: token is non-empty
    ✓ login: identity matches dedicated credential
    ✓ login: role is user
    ✓ login: account is unlocked
    ✓ search: status is 200
    ✓ search: body is valid product array
    ✓ search: exactly one expected product matches
    ✓ search: selected product id is valid
    ✓ detail: status is 200
    ✓ detail: body is valid product object
    ✓ detail: id matches correlated product id
    ✓ detail: name matches expected product
    ✓ detail: price is positive and finite
    ✓ checkout: status is 200
    ✓ checkout: body is valid JSON object
    ✓ checkout: response indicates success
    ✓ checkout: new order id is valid
    ✓ pending_probe: status is 200
    ✓ pending_probe: body is valid order object
    ✓ pending_probe: id matches correlated order id
    ✓ pending_probe: owner matches authenticated user
    ✓ pending_probe: amount matches checkout total
    ✓ pending_probe: address matches checkout address
    ✓ pending_probe: state is pending
    ✓ cancellation: request uses correlated order id
    ✓ cancellation: status is 200
    ✓ cancellation: body is valid JSON object
    ✓ cancellation: response indicates success
    ✓ final_probe: status is 200
    ✓ final_probe: body is valid order object
    ✓ final_probe: id matches correlated order id
    ✓ final_probe: owner matches authenticated user
    ✓ final_probe: amount remains checkout total
    ✓ final_probe: address remains checkout address
    ✓ final_probe: state is canceled

    CUSTOM
    wf03_lifecycle_duration....: avg=752.42ms min=509ms med=730ms  max=1.01s   p(90)=966.2ms p(95)=989.8ms 
    wf03_orders_canceled.......: 345     0.818809/s
    wf03_orders_created........: 345     0.818809/s
    wf03_workflow_attempted....: 345     0.818809/s
    wf03_workflow_success......: 100.00% 345 out of 345

    HTTP
    http_req_blocked...........: avg=8.97µs   min=1µs   med=7µs    max=1.3ms   p(90)=13µs    p(95)=14µs    
    http_req_connecting........: avg=657ns    min=0s    med=0s     max=432µs   p(90)=0s      p(95)=0s      
    http_req_duration..........: avg=1.82ms   min=284µs med=1.42ms max=17ms    p(90)=3.82ms  p(95)=4.1ms   
    http_req_failed............: 0.00%   0 out of 2415
    http_req_receiving.........: avg=59.17µs  min=12µs  med=57µs   max=376µs   p(90)=92µs    p(95)=104.29µs
    http_req_sending...........: avg=29.03µs  min=6µs   med=26µs   max=1.4ms   p(90)=47µs    p(95)=52µs    
    http_req_tls_handshaking...: avg=0s       min=0s    med=0s     max=0s      p(90)=0s      p(95)=0s      
    http_req_waiting...........: avg=1.73ms   min=260µs med=1.32ms max=16.91ms p(90)=3.7ms   p(95)=3.96ms  
    http_reqs..................: 2415    5.731666/s

    ↳ GROUP: wf03_01_login 

      checks_total.......: 2415    5.731666/s
      checks_succeeded...: 100.00% 2415 out of 2415
      checks_failed......: 0.00%   0 out of 2415

      ✓ login: status is 200
      ✓ login: body is valid JSON object
      ✓ login: response indicates success
      ✓ login: token is non-empty
      ✓ login: identity matches dedicated credential
      ✓ login: role is user
      ✓ login: account is unlocked

      HTTP
      http_req_blocked...........: avg=11.21µs  min=1µs   med=3µs   max=1.3ms  p(90)=5µs    p(95)=6µs    
      http_req_connecting........: avg=4.6µs    min=0s    med=0s    max=432µs  p(90)=0s     p(95)=0s     
      http_req_duration..........: avg=1.04ms   min=478µs med=908µs max=5.25ms p(90)=1.48ms p(95)=1.61ms 
      http_req_failed............: 0.00% 0 out of 345
      http_req_receiving.........: avg=35.29µs  min=12µs  med=31µs  max=211µs  p(90)=52µs   p(95)=62µs   
      http_req_sending...........: avg=19.86µs  min=8µs   med=16µs  max=356µs  p(90)=27µs   p(95)=31.59µs
      http_req_tls_handshaking...: avg=0s       min=0s    med=0s    max=0s     p(90)=0s     p(95)=0s     
      http_req_waiting...........: avg=994.39µs min=458µs med=857µs max=4.79ms p(90)=1.4ms  p(95)=1.56ms 
      http_reqs..................: 345   0.818809/s

    ↳ GROUP: wf03_02_search 

      checks_total.......: 1380    3.275238/s
      checks_succeeded...: 100.00% 1380 out of 1380
      checks_failed......: 0.00%   0 out of 1380

      ✓ search: status is 200
      ✓ search: body is valid product array
      ✓ search: exactly one expected product matches
      ✓ search: selected product id is valid

      HTTP
      http_req_blocked...........: avg=11.15µs min=3µs   med=11µs   max=96µs   p(90)=14µs   p(95)=15.79µs
      http_req_connecting........: avg=0s      min=0s    med=0s     max=0s     p(90)=0s     p(95)=0s     
      http_req_duration..........: avg=1.56ms  min=375µs med=1.6ms  max=3.04ms p(90)=1.92ms p(95)=2.12ms 
      http_req_failed............: 0.00% 0 out of 345
      http_req_receiving.........: avg=75.1µs  min=17µs  med=74µs   max=188µs  p(90)=101µs  p(95)=116µs  
      http_req_sending...........: avg=32.75µs min=7µs   med=33µs   max=94µs   p(90)=41µs   p(95)=45µs   
      http_req_tls_handshaking...: avg=0s      min=0s    med=0s     max=0s     p(90)=0s     p(95)=0s     
      http_req_waiting...........: avg=1.45ms  min=341µs med=1.49ms max=2.9ms  p(90)=1.79ms p(95)=1.98ms 
      http_reqs..................: 345   0.818809/s

    ↳ GROUP: wf03_03_detail 

      checks_total.......: 1725    4.094047/s
      checks_succeeded...: 100.00% 1725 out of 1725
      checks_failed......: 0.00%   0 out of 1725

      ✓ detail: status is 200
      ✓ detail: body is valid product object
      ✓ detail: id matches correlated product id
      ✓ detail: name matches expected product
      ✓ detail: price is positive and finite

      HTTP
      http_req_blocked...........: avg=11.63µs min=3µs   med=11µs   max=166µs  p(90)=14µs   p(95)=15µs  
      http_req_connecting........: avg=0s      min=0s    med=0s     max=0s     p(90)=0s     p(95)=0s    
      http_req_duration..........: avg=1.55ms  min=530µs med=1.58ms max=3.02ms p(90)=1.93ms p(95)=2.07ms
      http_req_failed............: 0.00% 0 out of 345
      http_req_receiving.........: avg=76.48µs min=24µs  med=72µs   max=322µs  p(90)=103µs  p(95)=113µs 
      http_req_sending...........: avg=31.54µs min=11µs  med=32µs   max=88µs   p(90)=40µs   p(95)=43µs  
      http_req_tls_handshaking...: avg=0s      min=0s    med=0s     max=0s     p(90)=0s     p(95)=0s    
      http_req_waiting...........: avg=1.44ms  min=495µs med=1.47ms max=2.91ms p(90)=1.8ms  p(95)=1.94ms
      http_reqs..................: 345   0.818809/s

    ↳ GROUP: wf03_04_checkout 

      checks_total.......: 1380    3.275238/s
      checks_succeeded...: 100.00% 1380 out of 1380
      checks_failed......: 0.00%   0 out of 1380

      ✓ checkout: status is 200
      ✓ checkout: body is valid JSON object
      ✓ checkout: response indicates success
      ✓ checkout: new order id is valid

      HTTP
      http_req_blocked...........: avg=10.75µs min=2µs    med=11µs   max=94µs   p(90)=14µs   p(95)=14µs    
      http_req_connecting........: avg=0s      min=0s     med=0s     max=0s     p(90)=0s     p(95)=0s      
      http_req_duration..........: avg=3.46ms  min=1.07ms med=3.57ms max=8.13ms p(90)=4.22ms p(95)=4.41ms  
      http_req_failed............: 0.00% 0 out of 345
      http_req_receiving.........: avg=74.56µs min=21µs   med=73µs   max=353µs  p(90)=98µs   p(95)=111.79µs
      http_req_sending...........: avg=42.77µs min=10µs   med=42µs   max=144µs  p(90)=56µs   p(95)=63µs    
      http_req_tls_handshaking...: avg=0s      min=0s     med=0s     max=0s     p(90)=0s     p(95)=0s      
      http_req_waiting...........: avg=3.35ms  min=1.04ms med=3.46ms max=8ms    p(90)=4.09ms p(95)=4.27ms  
      http_reqs..................: 345   0.818809/s

    ↳ GROUP: wf03_05_pending_probe 

      checks_total.......: 2415    5.731666/s
      checks_succeeded...: 100.00% 2415 out of 2415
      checks_failed......: 0.00%   0 out of 2415

      ✓ pending_probe: status is 200
      ✓ pending_probe: body is valid order object
      ✓ pending_probe: id matches correlated order id
      ✓ pending_probe: owner matches authenticated user
      ✓ pending_probe: amount matches checkout total
      ✓ pending_probe: address matches checkout address
      ✓ pending_probe: state is pending

      HTTP
      http_req_blocked...........: avg=4.19µs   min=1µs   med=4µs   max=13µs  p(90)=6µs     p(95)=7µs    
      http_req_connecting........: avg=0s       min=0s    med=0s    max=0s    p(90)=0s      p(95)=0s     
      http_req_duration..........: avg=775.95µs min=329µs med=715µs max=2.3ms p(90)=1.07ms  p(95)=1.24ms 
      http_req_failed............: 0.00% 0 out of 345
      http_req_receiving.........: avg=40.75µs  min=12µs  med=35µs  max=376µs p(90)=57µs    p(95)=71.59µs
      http_req_sending...........: avg=19.79µs  min=6µs   med=15µs  max=1.4ms p(90)=20µs    p(95)=23µs   
      http_req_tls_handshaking...: avg=0s       min=0s    med=0s    max=0s    p(90)=0s      p(95)=0s     
      http_req_waiting...........: avg=715.39µs min=305µs med=661µs max=1.7ms p(90)=990.2µs p(95)=1.11ms 
      http_reqs..................: 345   0.818809/s

    ↳ GROUP: wf03_06_cancellation 

      checks_total.......: 1380    3.275238/s
      checks_succeeded...: 100.00% 1380 out of 1380
      checks_failed......: 0.00%   0 out of 1380

      ✓ cancellation: request uses correlated order id
      ✓ cancellation: status is 200
      ✓ cancellation: body is valid JSON object
      ✓ cancellation: response indicates success

      HTTP
      http_req_blocked...........: avg=9.78µs  min=3µs    med=10µs   max=23µs    p(90)=13µs   p(95)=14µs    
      http_req_connecting........: avg=0s      min=0s     med=0s     max=0s      p(90)=0s     p(95)=0s      
      http_req_duration..........: avg=3.6ms   min=1.17ms med=3.67ms max=17ms    p(90)=4.38ms p(95)=4.64ms  
      http_req_failed............: 0.00% 0 out of 345
      http_req_receiving.........: avg=73.51µs min=20µs   med=72µs   max=311µs   p(90)=97.6µs p(95)=106.79µs
      http_req_sending...........: avg=40.65µs min=14µs   med=40µs   max=178µs   p(90)=53.6µs p(95)=59.79µs 
      http_req_tls_handshaking...: avg=0s      min=0s     med=0s     max=0s      p(90)=0s     p(95)=0s      
      http_req_waiting...........: avg=3.48ms  min=1.13ms med=3.57ms max=16.91ms p(90)=4.24ms p(95)=4.49ms  
      http_reqs..................: 345   0.818809/s

    ↳ GROUP: wf03_07_final_probe 

      checks_total.......: 2415    5.731666/s
      checks_succeeded...: 100.00% 2415 out of 2415
      checks_failed......: 0.00%   0 out of 2415

      ✓ final_probe: status is 200
      ✓ final_probe: body is valid order object
      ✓ final_probe: id matches correlated order id
      ✓ final_probe: owner matches authenticated user
      ✓ final_probe: amount remains checkout total
      ✓ final_probe: address remains checkout address
      ✓ final_probe: state is canceled

      HTTP
      http_req_blocked...........: avg=4.11µs   min=2µs   med=4µs   max=12µs   p(90)=6µs     p(95)=6µs    
      http_req_connecting........: avg=0s       min=0s    med=0s    max=0s     p(90)=0s      p(95)=0s     
      http_req_duration..........: avg=731.87µs min=284µs med=673µs max=1.97ms p(90)=1ms     p(95)=1.12ms 
      http_req_failed............: 0.00% 0 out of 345
      http_req_receiving.........: avg=38.52µs  min=16µs  med=35µs  max=167µs  p(90)=58µs    p(95)=64µs   
      http_req_sending...........: avg=15.88µs  min=6µs   med=15µs  max=75µs   p(90)=21µs    p(95)=22.79µs
      http_req_tls_handshaking...: avg=0s       min=0s    med=0s    max=0s     p(90)=0s      p(95)=0s     
      http_req_waiting...........: avg=677.46µs min=260µs med=620µs max=1.87ms p(90)=931.8µs p(95)=1.04ms 
      http_reqs..................: 345   0.818809/s


  █ SCENARIO: wf03_load 

    EXECUTION
    iteration_duration...: avg=5.23s min=4.04s med=5.21s max=6.73s p(90)=5.97s p(95)=6.09s
    iterations...........: 345    0.818809/s

    NETWORK
    data_received........: 1.1 MB 2.5 kB/s
    data_sent............: 498 kB 1.2 kB/s

    ↳ GROUP: wf03_01_login 

    ↳ GROUP: wf03_02_search 

    ↳ GROUP: wf03_03_detail 

    ↳ GROUP: wf03_04_checkout 

    ↳ GROUP: wf03_05_pending_probe 

    ↳ GROUP: wf03_06_cancellation 

    ↳ GROUP: wf03_07_final_probe 




running (7m01.3s), 0/5 VUs, 345 complete and 0 interrupted iterations
wf03_load ✓ [ 100% ] 0/5 VUs  7m0s
