
         /\      Grafana   /‾‾/  
    /\  /  \     |\  __   /  /   
   /  \/    \    | |/ /  /   ‾‾\ 
  /          \   |   (  |  (‾)  |
 / __________ \  |_|\_\  \_____/ 


     execution: local
        script: /private/tmp/eshop-hw05-pilot.4B74ft/runtime/performance/scenarios/pilot.js
 web dashboard: http://127.0.0.1:57835
        output: json (/Users/phamngocgiabao/eshop-sut-hw05-23127027/performance/results/pilot/20260901T212619+0700/raw/pilot-raw.json), csv (/Users/phamngocgiabao/eshop-sut-hw05-23127027/performance/results/pilot/20260901T212619+0700/raw/pilot-timeseries.csv)

     scenarios: (100.00%) 1 scenario, 2 max VUs, 4m30s max duration (incl. graceful stop):
              * wf03_pilot: Up to 2 looping VUs for 4m0s over 3 stages (gracefulRampDown: 30s, exec: runWf03Scenario, gracefulStop: 30s)


running (0m01.0s), 0/2 VUs, 0 complete and 0 interrupted iterations
wf03_pilot   [   0% ] 0/2 VUs  0m01.0s/4m00.0s

running (0m02.0s), 0/2 VUs, 0 complete and 0 interrupted iterations
wf03_pilot   [   1% ] 0/2 VUs  0m02.0s/4m00.0s

running (0m03.0s), 0/2 VUs, 0 complete and 0 interrupted iterations
wf03_pilot   [   1% ] 0/2 VUs  0m03.0s/4m00.0s

running (0m04.0s), 0/2 VUs, 0 complete and 0 interrupted iterations
wf03_pilot   [   2% ] 0/2 VUs  0m04.0s/4m00.0s

running (0m05.0s), 0/2 VUs, 0 complete and 0 interrupted iterations
wf03_pilot   [   2% ] 0/2 VUs  0m05.0s/4m00.0s

running (0m06.0s), 0/2 VUs, 0 complete and 0 interrupted iterations
wf03_pilot   [   2% ] 0/2 VUs  0m06.0s/4m00.0s

running (0m07.0s), 0/2 VUs, 0 complete and 0 interrupted iterations
wf03_pilot   [   3% ] 0/2 VUs  0m07.0s/4m00.0s

running (0m08.0s), 0/2 VUs, 0 complete and 0 interrupted iterations
wf03_pilot   [   3% ] 0/2 VUs  0m08.0s/4m00.0s

running (0m09.0s), 0/2 VUs, 0 complete and 0 interrupted iterations
wf03_pilot   [   4% ] 0/2 VUs  0m09.0s/4m00.0s

running (0m10.0s), 0/2 VUs, 0 complete and 0 interrupted iterations
wf03_pilot   [   4% ] 0/2 VUs  0m10.0s/4m00.0s

running (0m11.0s), 0/2 VUs, 0 complete and 0 interrupted iterations
wf03_pilot   [   5% ] 0/2 VUs  0m11.0s/4m00.0s

running (0m12.0s), 0/2 VUs, 0 complete and 0 interrupted iterations
wf03_pilot   [   5% ] 0/2 VUs  0m12.0s/4m00.0s

running (0m13.0s), 0/2 VUs, 0 complete and 0 interrupted iterations
wf03_pilot   [   5% ] 0/2 VUs  0m13.0s/4m00.0s

running (0m14.0s), 0/2 VUs, 0 complete and 0 interrupted iterations
wf03_pilot   [   6% ] 0/2 VUs  0m14.0s/4m00.0s

running (0m15.0s), 0/2 VUs, 0 complete and 0 interrupted iterations
wf03_pilot   [   6% ] 0/2 VUs  0m15.0s/4m00.0s

running (0m16.0s), 1/2 VUs, 33459 complete and 0 interrupted iterations
wf03_pilot   [   7% ] 1/2 VUs  0m16.0s/4m00.0s

running (0m17.0s), 1/2 VUs, 67994 complete and 0 interrupted iterations
wf03_pilot   [   7% ] 1/2 VUs  0m17.0s/4m00.0s

running (0m18.0s), 1/2 VUs, 100643 complete and 0 interrupted iterations
wf03_pilot   [   7% ] 1/2 VUs  0m18.0s/4m00.0s

running (0m19.0s), 1/2 VUs, 134090 complete and 0 interrupted iterations
wf03_pilot   [   8% ] 1/2 VUs  0m19.0s/4m00.0s

running (0m20.0s), 1/2 VUs, 169010 complete and 0 interrupted iterations
wf03_pilot   [   8% ] 1/2 VUs  0m20.0s/4m00.0s

running (0m21.0s), 1/2 VUs, 201754 complete and 0 interrupted iterations
wf03_pilot   [   9% ] 1/2 VUs  0m21.0s/4m00.0s

running (0m22.0s), 1/2 VUs, 234986 complete and 0 interrupted iterations
wf03_pilot   [   9% ] 1/2 VUs  0m22.0s/4m00.0s

running (0m23.0s), 1/2 VUs, 269153 complete and 0 interrupted iterations
wf03_pilot   [  10% ] 1/2 VUs  0m23.0s/4m00.0s

running (0m24.0s), 1/2 VUs, 302955 complete and 0 interrupted iterations
wf03_pilot   [  10% ] 1/2 VUs  0m24.0s/4m00.0s

running (0m25.0s), 1/2 VUs, 337924 complete and 0 interrupted iterations
wf03_pilot   [  10% ] 1/2 VUs  0m25.0s/4m00.0s

running (0m26.0s), 1/2 VUs, 372822 complete and 0 interrupted iterations
wf03_pilot   [  11% ] 1/2 VUs  0m26.0s/4m00.0s

running (0m27.0s), 1/2 VUs, 406464 complete and 0 interrupted iterations
wf03_pilot   [  11% ] 1/2 VUs  0m27.0s/4m00.0s

running (0m28.0s), 1/2 VUs, 440820 complete and 0 interrupted iterations
wf03_pilot   [  12% ] 1/2 VUs  0m28.0s/4m00.0s

running (0m29.0s), 1/2 VUs, 475593 complete and 0 interrupted iterations
wf03_pilot   [  12% ] 1/2 VUs  0m29.0s/4m00.0s

running (0m30.0s), 1/2 VUs, 510344 complete and 0 interrupted iterations
wf03_pilot   [  12% ] 1/2 VUs  0m30.0s/4m00.0s

running (0m31.0s), 2/2 VUs, 570010 complete and 0 interrupted iterations
wf03_pilot   [  13% ] 2/2 VUs  0m31.0s/4m00.0s

running (0m32.0s), 2/2 VUs, 631153 complete and 0 interrupted iterations
wf03_pilot   [  13% ] 2/2 VUs  0m32.0s/4m00.0s

running (0m33.0s), 2/2 VUs, 688657 complete and 0 interrupted iterations
wf03_pilot   [  14% ] 2/2 VUs  0m33.0s/4m00.0s

running (0m34.0s), 2/2 VUs, 748491 complete and 0 interrupted iterations
wf03_pilot   [  14% ] 2/2 VUs  0m34.0s/4m00.0s

running (0m35.0s), 2/2 VUs, 809558 complete and 0 interrupted iterations
wf03_pilot   [  15% ] 2/2 VUs  0m35.0s/4m00.0s

running (0m36.0s), 2/2 VUs, 864094 complete and 0 interrupted iterations
wf03_pilot   [  15% ] 2/2 VUs  0m36.0s/4m00.0s

running (0m37.0s), 2/2 VUs, 924443 complete and 0 interrupted iterations
wf03_pilot   [  15% ] 2/2 VUs  0m37.0s/4m00.0s

running (0m38.0s), 2/2 VUs, 981662 complete and 0 interrupted iterations
wf03_pilot   [  16% ] 2/2 VUs  0m38.0s/4m00.0s

running (0m39.0s), 2/2 VUs, 1035351 complete and 0 interrupted iterations
wf03_pilot   [  16% ] 2/2 VUs  0m39.0s/4m00.0s

running (0m40.0s), 2/2 VUs, 1092556 complete and 0 interrupted iterations
wf03_pilot   [  17% ] 2/2 VUs  0m40.0s/4m00.0s

running (0m41.0s), 2/2 VUs, 1144909 complete and 0 interrupted iterations
wf03_pilot   [  17% ] 2/2 VUs  0m41.0s/4m00.0s

running (0m42.0s), 2/2 VUs, 1203791 complete and 0 interrupted iterations
wf03_pilot   [  17% ] 2/2 VUs  0m42.0s/4m00.0s

running (0m43.0s), 2/2 VUs, 1259032 complete and 0 interrupted iterations
wf03_pilot   [  18% ] 2/2 VUs  0m43.0s/4m00.0s

running (0m44.0s), 2/2 VUs, 1314924 complete and 0 interrupted iterations
wf03_pilot   [  18% ] 2/2 VUs  0m44.0s/4m00.0s

running (0m45.0s), 2/2 VUs, 1372110 complete and 0 interrupted iterations
wf03_pilot   [  19% ] 2/2 VUs  0m45.0s/4m00.0s

running (0m46.0s), 2/2 VUs, 1427562 complete and 0 interrupted iterations
wf03_pilot   [  19% ] 2/2 VUs  0m46.0s/4m00.0s

running (0m47.0s), 2/2 VUs, 1483948 complete and 0 interrupted iterations
wf03_pilot   [  20% ] 2/2 VUs  0m47.0s/4m00.0s

running (0m48.0s), 2/2 VUs, 1540421 complete and 0 interrupted iterations
wf03_pilot   [  20% ] 2/2 VUs  0m48.0s/4m00.0s

running (0m49.0s), 2/2 VUs, 1597087 complete and 0 interrupted iterations
wf03_pilot   [  20% ] 2/2 VUs  0m49.0s/4m00.0s

running (0m50.0s), 2/2 VUs, 1652544 complete and 0 interrupted iterations
wf03_pilot   [  21% ] 2/2 VUs  0m50.0s/4m00.0s

running (0m51.0s), 2/2 VUs, 1703805 complete and 0 interrupted iterations
wf03_pilot   [  21% ] 2/2 VUs  0m51.0s/4m00.0s

running (0m52.0s), 2/2 VUs, 1753068 complete and 0 interrupted iterations
wf03_pilot   [  22% ] 2/2 VUs  0m52.0s/4m00.0s

running (0m53.0s), 2/2 VUs, 1810967 complete and 0 interrupted iterations
wf03_pilot   [  22% ] 2/2 VUs  0m53.0s/4m00.0s

running (0m54.0s), 2/2 VUs, 1866520 complete and 0 interrupted iterations
wf03_pilot   [  22% ] 2/2 VUs  0m54.0s/4m00.0s

running (0m55.0s), 2/2 VUs, 1922079 complete and 0 interrupted iterations
wf03_pilot   [  23% ] 2/2 VUs  0m55.0s/4m00.0s

running (0m56.0s), 2/2 VUs, 1976888 complete and 0 interrupted iterations
wf03_pilot   [  23% ] 2/2 VUs  0m56.0s/4m00.0s

running (0m57.0s), 2/2 VUs, 2027359 complete and 0 interrupted iterations
wf03_pilot   [  24% ] 2/2 VUs  0m57.0s/4m00.0s

running (0m58.0s), 2/2 VUs, 2080275 complete and 0 interrupted iterations
wf03_pilot   [  24% ] 2/2 VUs  0m58.0s/4m00.0s

running (0m59.0s), 2/2 VUs, 2134157 complete and 0 interrupted iterations
wf03_pilot   [  25% ] 2/2 VUs  0m59.0s/4m00.0s

running (1m00.0s), 2/2 VUs, 2183824 complete and 0 interrupted iterations
wf03_pilot   [  25% ] 2/2 VUs  1m00.0s/4m00.0s

running (1m01.0s), 2/2 VUs, 2234039 complete and 0 interrupted iterations
wf03_pilot   [  25% ] 2/2 VUs  1m01.0s/4m00.0s

running (1m02.0s), 2/2 VUs, 2280347 complete and 0 interrupted iterations
wf03_pilot   [  26% ] 2/2 VUs  1m02.0s/4m00.0s

running (1m03.0s), 2/2 VUs, 2334155 complete and 0 interrupted iterations
wf03_pilot   [  26% ] 2/2 VUs  1m03.0s/4m00.0s

running (1m04.0s), 2/2 VUs, 2388099 complete and 0 interrupted iterations
wf03_pilot   [  27% ] 2/2 VUs  1m04.0s/4m00.0s

running (1m05.0s), 2/2 VUs, 2443178 complete and 0 interrupted iterations
wf03_pilot   [  27% ] 2/2 VUs  1m05.0s/4m00.0s

running (1m06.0s), 2/2 VUs, 2497226 complete and 0 interrupted iterations
wf03_pilot   [  28% ] 2/2 VUs  1m06.0s/4m00.0s

running (1m07.0s), 2/2 VUs, 2545340 complete and 0 interrupted iterations
wf03_pilot   [  28% ] 2/2 VUs  1m07.0s/4m00.0s

running (1m08.0s), 2/2 VUs, 2596035 complete and 0 interrupted iterations
wf03_pilot   [  28% ] 2/2 VUs  1m08.0s/4m00.0s

running (1m09.0s), 2/2 VUs, 2648470 complete and 0 interrupted iterations
wf03_pilot   [  29% ] 2/2 VUs  1m09.0s/4m00.0s

running (1m10.0s), 2/2 VUs, 2702982 complete and 0 interrupted iterations
wf03_pilot   [  29% ] 2/2 VUs  1m10.0s/4m00.0s

running (1m11.0s), 2/2 VUs, 2755025 complete and 0 interrupted iterations
wf03_pilot   [  30% ] 2/2 VUs  1m11.0s/4m00.0s

running (1m12.0s), 2/2 VUs, 2807989 complete and 0 interrupted iterations
wf03_pilot   [  30% ] 2/2 VUs  1m12.0s/4m00.0s

running (1m13.0s), 2/2 VUs, 2855567 complete and 0 interrupted iterations
wf03_pilot   [  30% ] 2/2 VUs  1m13.0s/4m00.0s

running (1m14.0s), 2/2 VUs, 2909192 complete and 0 interrupted iterations
wf03_pilot   [  31% ] 2/2 VUs  1m14.0s/4m00.0s

running (1m15.0s), 2/2 VUs, 2963099 complete and 0 interrupted iterations
wf03_pilot   [  31% ] 2/2 VUs  1m15.0s/4m00.0s

running (1m16.0s), 2/2 VUs, 3015506 complete and 0 interrupted iterations
wf03_pilot   [  32% ] 2/2 VUs  1m16.0s/4m00.0s

running (1m17.0s), 2/2 VUs, 3068127 complete and 0 interrupted iterations
wf03_pilot   [  32% ] 2/2 VUs  1m17.0s/4m00.0s

running (1m18.0s), 2/2 VUs, 3117351 complete and 0 interrupted iterations
wf03_pilot   [  32% ] 2/2 VUs  1m18.0s/4m00.0s

running (1m19.0s), 2/2 VUs, 3172680 complete and 0 interrupted iterations
wf03_pilot   [  33% ] 2/2 VUs  1m19.0s/4m00.0s

running (1m20.0s), 2/2 VUs, 3226294 complete and 0 interrupted iterations
wf03_pilot   [  33% ] 2/2 VUs  1m20.0s/4m00.0s

running (1m21.0s), 2/2 VUs, 3278410 complete and 0 interrupted iterations
wf03_pilot   [  34% ] 2/2 VUs  1m21.0s/4m00.0s

running (1m22.0s), 2/2 VUs, 3328754 complete and 0 interrupted iterations
wf03_pilot   [  34% ] 2/2 VUs  1m22.0s/4m00.0s

running (1m23.0s), 2/2 VUs, 3377886 complete and 0 interrupted iterations
wf03_pilot   [  35% ] 2/2 VUs  1m23.0s/4m00.0s

running (1m24.0s), 2/2 VUs, 3431389 complete and 0 interrupted iterations
wf03_pilot   [  35% ] 2/2 VUs  1m24.0s/4m00.0s

running (1m25.0s), 2/2 VUs, 3484835 complete and 0 interrupted iterations
wf03_pilot   [  35% ] 2/2 VUs  1m25.0s/4m00.0s

running (1m26.0s), 2/2 VUs, 3539122 complete and 0 interrupted iterations
wf03_pilot   [  36% ] 2/2 VUs  1m26.0s/4m00.0s

running (1m27.0s), 2/2 VUs, 3590728 complete and 0 interrupted iterations
wf03_pilot   [  36% ] 2/2 VUs  1m27.0s/4m00.0s

running (1m28.0s), 2/2 VUs, 3639036 complete and 0 interrupted iterations
wf03_pilot   [  37% ] 2/2 VUs  1m28.0s/4m00.0s

running (1m29.0s), 2/2 VUs, 3681137 complete and 0 interrupted iterations
wf03_pilot   [  37% ] 2/2 VUs  1m29.0s/4m00.0s

running (1m30.0s), 2/2 VUs, 3735878 complete and 0 interrupted iterations
wf03_pilot   [  37% ] 2/2 VUs  1m30.0s/4m00.0s

running (1m31.0s), 2/2 VUs, 3784202 complete and 0 interrupted iterations
wf03_pilot   [  38% ] 2/2 VUs  1m31.0s/4m00.0s

running (1m32.0s), 2/2 VUs, 3834958 complete and 0 interrupted iterations
wf03_pilot   [  38% ] 2/2 VUs  1m32.0s/4m00.0s

running (1m33.0s), 2/2 VUs, 3888279 complete and 0 interrupted iterations
wf03_pilot   [  39% ] 2/2 VUs  1m33.0s/4m00.0s

running (1m34.0s), 2/2 VUs, 3937713 complete and 0 interrupted iterations
wf03_pilot   [  39% ] 2/2 VUs  1m34.0s/4m00.0s

running (1m35.0s), 2/2 VUs, 3990500 complete and 0 interrupted iterations
wf03_pilot   [  40% ] 2/2 VUs  1m35.0s/4m00.0s

running (1m36.0s), 2/2 VUs, 4042365 complete and 0 interrupted iterations
wf03_pilot   [  40% ] 2/2 VUs  1m36.0s/4m00.0s

running (1m37.0s), 2/2 VUs, 4092898 complete and 0 interrupted iterations
wf03_pilot   [  40% ] 2/2 VUs  1m37.0s/4m00.0s

running (1m38.0s), 2/2 VUs, 4145194 complete and 0 interrupted iterations
wf03_pilot   [  41% ] 2/2 VUs  1m38.0s/4m00.0s

running (1m39.0s), 2/2 VUs, 4198493 complete and 0 interrupted iterations
wf03_pilot   [  41% ] 2/2 VUs  1m39.0s/4m00.0s

running (1m40.0s), 2/2 VUs, 4251382 complete and 0 interrupted iterations
wf03_pilot   [  42% ] 2/2 VUs  1m40.0s/4m00.0s

running (1m41.0s), 2/2 VUs, 4304729 complete and 0 interrupted iterations
wf03_pilot   [  42% ] 2/2 VUs  1m41.0s/4m00.0s

running (1m42.0s), 2/2 VUs, 4358618 complete and 0 interrupted iterations
wf03_pilot   [  42% ] 2/2 VUs  1m42.0s/4m00.0s

running (1m43.0s), 2/2 VUs, 4413340 complete and 0 interrupted iterations
wf03_pilot   [  43% ] 2/2 VUs  1m43.0s/4m00.0s

running (1m44.0s), 2/2 VUs, 4464600 complete and 0 interrupted iterations
wf03_pilot   [  43% ] 2/2 VUs  1m44.0s/4m00.0s

running (1m45.0s), 2/2 VUs, 4516167 complete and 0 interrupted iterations
wf03_pilot   [  44% ] 2/2 VUs  1m45.0s/4m00.0s

running (1m46.0s), 2/2 VUs, 4570299 complete and 0 interrupted iterations
wf03_pilot   [  44% ] 2/2 VUs  1m46.0s/4m00.0s

running (1m47.0s), 2/2 VUs, 4624238 complete and 0 interrupted iterations
wf03_pilot   [  45% ] 2/2 VUs  1m47.0s/4m00.0s

running (1m48.0s), 2/2 VUs, 4676551 complete and 0 interrupted iterations
wf03_pilot   [  45% ] 2/2 VUs  1m48.0s/4m00.0s

running (1m49.0s), 2/2 VUs, 4728252 complete and 0 interrupted iterations
wf03_pilot   [  45% ] 2/2 VUs  1m49.0s/4m00.0s

running (1m50.0s), 2/2 VUs, 4777665 complete and 0 interrupted iterations
wf03_pilot   [  46% ] 2/2 VUs  1m50.0s/4m00.0s

running (1m51.0s), 2/2 VUs, 4830993 complete and 0 interrupted iterations
wf03_pilot   [  46% ] 2/2 VUs  1m51.0s/4m00.0s

running (1m52.0s), 2/2 VUs, 4883141 complete and 0 interrupted iterations
wf03_pilot   [  47% ] 2/2 VUs  1m52.0s/4m00.0s

running (1m53.0s), 2/2 VUs, 4937382 complete and 0 interrupted iterations
wf03_pilot   [  47% ] 2/2 VUs  1m53.0s/4m00.0s

running (1m54.0s), 2/2 VUs, 4987263 complete and 0 interrupted iterations
wf03_pilot   [  47% ] 2/2 VUs  1m54.0s/4m00.0s

running (1m55.0s), 2/2 VUs, 5031137 complete and 0 interrupted iterations
wf03_pilot   [  48% ] 2/2 VUs  1m55.0s/4m00.0s

running (1m56.0s), 2/2 VUs, 5081928 complete and 0 interrupted iterations
wf03_pilot   [  48% ] 2/2 VUs  1m56.0s/4m00.0s

running (1m57.0s), 2/2 VUs, 5133142 complete and 0 interrupted iterations
wf03_pilot   [  49% ] 2/2 VUs  1m57.0s/4m00.0s

running (1m58.0s), 2/2 VUs, 5188076 complete and 0 interrupted iterations
wf03_pilot   [  49% ] 2/2 VUs  1m58.0s/4m00.0s

running (1m59.0s), 2/2 VUs, 5238094 complete and 0 interrupted iterations
wf03_pilot   [  50% ] 2/2 VUs  1m59.0s/4m00.0s

running (2m00.0s), 2/2 VUs, 5287956 complete and 0 interrupted iterations
wf03_pilot   [  50% ] 2/2 VUs  2m00.0s/4m00.0s

running (2m01.0s), 2/2 VUs, 5330824 complete and 0 interrupted iterations
wf03_pilot   [  50% ] 2/2 VUs  2m01.0s/4m00.0s

running (2m02.0s), 2/2 VUs, 5379758 complete and 0 interrupted iterations
wf03_pilot   [  51% ] 2/2 VUs  2m02.0s/4m00.0s

running (2m03.0s), 2/2 VUs, 5423129 complete and 0 interrupted iterations
wf03_pilot   [  51% ] 2/2 VUs  2m03.0s/4m00.0s

running (2m04.0s), 2/2 VUs, 5474189 complete and 0 interrupted iterations
wf03_pilot   [  52% ] 2/2 VUs  2m04.0s/4m00.0s

running (2m05.0s), 2/2 VUs, 5521739 complete and 0 interrupted iterations
wf03_pilot   [  52% ] 2/2 VUs  2m05.0s/4m00.0s

running (2m06.0s), 2/2 VUs, 5565394 complete and 0 interrupted iterations
wf03_pilot   [  52% ] 2/2 VUs  2m06.0s/4m00.0s

running (2m07.0s), 2/2 VUs, 5616666 complete and 0 interrupted iterations
wf03_pilot   [  53% ] 2/2 VUs  2m07.0s/4m00.0s

running (2m08.0s), 2/2 VUs, 5663119 complete and 0 interrupted iterations
wf03_pilot   [  53% ] 2/2 VUs  2m08.0s/4m00.0s

running (2m09.0s), 2/2 VUs, 5714496 complete and 0 interrupted iterations
wf03_pilot   [  54% ] 2/2 VUs  2m09.0s/4m00.0s

running (2m10.0s), 2/2 VUs, 5767855 complete and 0 interrupted iterations
wf03_pilot   [  54% ] 2/2 VUs  2m10.0s/4m00.0s

running (2m11.0s), 2/2 VUs, 5809559 complete and 0 interrupted iterations
wf03_pilot   [  55% ] 2/2 VUs  2m11.0s/4m00.0s

running (2m12.0s), 2/2 VUs, 5860872 complete and 0 interrupted iterations
wf03_pilot   [  55% ] 2/2 VUs  2m12.0s/4m00.0s

running (2m13.0s), 2/2 VUs, 5911584 complete and 0 interrupted iterations
wf03_pilot   [  55% ] 2/2 VUs  2m13.0s/4m00.0s

running (2m14.0s), 2/2 VUs, 5966321 complete and 0 interrupted iterations
wf03_pilot   [  56% ] 2/2 VUs  2m14.0s/4m00.0s

running (2m15.0s), 2/2 VUs, 6015203 complete and 0 interrupted iterations
wf03_pilot   [  56% ] 2/2 VUs  2m15.0s/4m00.0s

running (2m16.0s), 2/2 VUs, 6065708 complete and 0 interrupted iterations
wf03_pilot   [  57% ] 2/2 VUs  2m16.0s/4m00.0s

running (2m17.0s), 2/2 VUs, 6113484 complete and 0 interrupted iterations
wf03_pilot   [  57% ] 2/2 VUs  2m17.0s/4m00.0s

running (2m18.0s), 2/2 VUs, 6161684 complete and 0 interrupted iterations
wf03_pilot   [  57% ] 2/2 VUs  2m18.0s/4m00.0s

running (2m19.0s), 2/2 VUs, 6214669 complete and 0 interrupted iterations
wf03_pilot   [  58% ] 2/2 VUs  2m19.0s/4m00.0s

running (2m20.0s), 2/2 VUs, 6266047 complete and 0 interrupted iterations
wf03_pilot   [  58% ] 2/2 VUs  2m20.0s/4m00.0s

running (2m21.0s), 2/2 VUs, 6310951 complete and 0 interrupted iterations
wf03_pilot   [  59% ] 2/2 VUs  2m21.0s/4m00.0s

running (2m22.0s), 2/2 VUs, 6351989 complete and 0 interrupted iterations
wf03_pilot   [  59% ] 2/2 VUs  2m22.0s/4m00.0s

running (2m23.0s), 2/2 VUs, 6400538 complete and 0 interrupted iterations
wf03_pilot   [  60% ] 2/2 VUs  2m23.0s/4m00.0s

running (2m24.0s), 2/2 VUs, 6454719 complete and 0 interrupted iterations
wf03_pilot   [  60% ] 2/2 VUs  2m24.0s/4m00.0s

running (2m25.0s), 2/2 VUs, 6503248 complete and 0 interrupted iterations
wf03_pilot   [  60% ] 2/2 VUs  2m25.0s/4m00.0s

running (2m26.0s), 2/2 VUs, 6555760 complete and 0 interrupted iterations
wf03_pilot   [  61% ] 2/2 VUs  2m26.0s/4m00.0s

running (2m27.0s), 2/2 VUs, 6603811 complete and 0 interrupted iterations
wf03_pilot   [  61% ] 2/2 VUs  2m27.0s/4m00.0s

running (2m28.0s), 2/2 VUs, 6651093 complete and 0 interrupted iterations
wf03_pilot   [  62% ] 2/2 VUs  2m28.0s/4m00.0s

running (2m29.0s), 2/2 VUs, 6692207 complete and 0 interrupted iterations
wf03_pilot   [  62% ] 2/2 VUs  2m29.0s/4m00.0s

running (2m30.0s), 2/2 VUs, 6744518 complete and 0 interrupted iterations
wf03_pilot   [  62% ] 2/2 VUs  2m30.0s/4m00.0s

running (2m31.0s), 2/2 VUs, 6785317 complete and 0 interrupted iterations
wf03_pilot   [  63% ] 2/2 VUs  2m31.0s/4m00.0s

running (2m32.0s), 2/2 VUs, 6833358 complete and 0 interrupted iterations
wf03_pilot   [  63% ] 2/2 VUs  2m32.0s/4m00.0s

running (2m33.0s), 2/2 VUs, 6876721 complete and 0 interrupted iterations
wf03_pilot   [  64% ] 2/2 VUs  2m33.0s/4m00.0s

running (2m34.0s), 2/2 VUs, 6914285 complete and 0 interrupted iterations
wf03_pilot   [  64% ] 2/2 VUs  2m34.0s/4m00.0s

running (2m35.0s), 2/2 VUs, 6953566 complete and 0 interrupted iterations
wf03_pilot   [  65% ] 2/2 VUs  2m35.0s/4m00.0s

running (2m36.0s), 2/2 VUs, 6997106 complete and 0 interrupted iterations
wf03_pilot   [  65% ] 2/2 VUs  2m36.0s/4m00.0s

running (2m37.0s), 2/2 VUs, 7045927 complete and 0 interrupted iterations
wf03_pilot   [  65% ] 2/2 VUs  2m37.0s/4m00.0s

running (2m38.0s), 2/2 VUs, 7089313 complete and 0 interrupted iterations
wf03_pilot   [  66% ] 2/2 VUs  2m38.0s/4m00.0s

running (2m39.0s), 2/2 VUs, 7118317 complete and 0 interrupted iterations
wf03_pilot   [  66% ] 2/2 VUs  2m39.0s/4m00.0s

running (2m40.0s), 2/2 VUs, 7158777 complete and 0 interrupted iterations
wf03_pilot   [  67% ] 2/2 VUs  2m40.0s/4m00.0s

running (2m41.0s), 2/2 VUs, 7199349 complete and 0 interrupted iterations
wf03_pilot   [  67% ] 2/2 VUs  2m41.0s/4m00.0s

running (2m42.0s), 2/2 VUs, 7236194 complete and 0 interrupted iterations
wf03_pilot   [  67% ] 2/2 VUs  2m42.0s/4m00.0s

running (2m43.0s), 2/2 VUs, 7282492 complete and 0 interrupted iterations
wf03_pilot   [  68% ] 2/2 VUs  2m43.0s/4m00.0s

running (2m44.0s), 2/2 VUs, 7323163 complete and 0 interrupted iterations
wf03_pilot   [  68% ] 2/2 VUs  2m44.0s/4m00.0s

running (2m45.0s), 2/2 VUs, 7359173 complete and 0 interrupted iterations
wf03_pilot   [  69% ] 2/2 VUs  2m45.0s/4m00.0s

running (2m46.0s), 2/2 VUs, 7412646 complete and 0 interrupted iterations
wf03_pilot   [  69% ] 2/2 VUs  2m46.0s/4m00.0s

running (2m47.0s), 2/2 VUs, 7458440 complete and 0 interrupted iterations
wf03_pilot   [  70% ] 2/2 VUs  2m47.0s/4m00.0s

running (2m48.0s), 2/2 VUs, 7506230 complete and 0 interrupted iterations
wf03_pilot   [  70% ] 2/2 VUs  2m48.0s/4m00.0s

running (2m49.0s), 2/2 VUs, 7547398 complete and 0 interrupted iterations
wf03_pilot   [  70% ] 2/2 VUs  2m49.0s/4m00.0s

running (2m50.0s), 2/2 VUs, 7595805 complete and 0 interrupted iterations
wf03_pilot   [  71% ] 2/2 VUs  2m50.0s/4m00.0s

running (2m51.0s), 2/2 VUs, 7644207 complete and 0 interrupted iterations
wf03_pilot   [  71% ] 2/2 VUs  2m51.0s/4m00.0s

running (2m52.0s), 2/2 VUs, 7697078 complete and 0 interrupted iterations
wf03_pilot   [  72% ] 2/2 VUs  2m52.0s/4m00.0s

running (2m53.0s), 2/2 VUs, 7743236 complete and 0 interrupted iterations
wf03_pilot   [  72% ] 2/2 VUs  2m53.0s/4m00.0s

running (2m54.0s), 2/2 VUs, 7793598 complete and 0 interrupted iterations
wf03_pilot   [  72% ] 2/2 VUs  2m54.0s/4m00.0s

running (2m55.0s), 2/2 VUs, 7827859 complete and 0 interrupted iterations
wf03_pilot   [  73% ] 2/2 VUs  2m55.0s/4m00.0s

running (2m56.0s), 2/2 VUs, 7876365 complete and 0 interrupted iterations
wf03_pilot   [  73% ] 2/2 VUs  2m56.0s/4m00.0s

running (2m57.0s), 2/2 VUs, 7911079 complete and 0 interrupted iterations
wf03_pilot   [  74% ] 2/2 VUs  2m57.0s/4m00.0s

running (2m58.0s), 2/2 VUs, 7942629 complete and 0 interrupted iterations
wf03_pilot   [  74% ] 2/2 VUs  2m58.0s/4m00.0s

running (2m59.0s), 2/2 VUs, 7973719 complete and 0 interrupted iterations
wf03_pilot   [  75% ] 2/2 VUs  2m59.0s/4m00.0s

running (3m00.0s), 2/2 VUs, 8006169 complete and 0 interrupted iterations
wf03_pilot   [  75% ] 2/2 VUs  3m00.0s/4m00.0s

running (3m01.0s), 2/2 VUs, 8045285 complete and 0 interrupted iterations
wf03_pilot   [  75% ] 2/2 VUs  3m01.0s/4m00.0s

running (3m02.0s), 2/2 VUs, 8090348 complete and 0 interrupted iterations
wf03_pilot   [  76% ] 2/2 VUs  3m02.0s/4m00.0s

running (3m03.0s), 2/2 VUs, 8142207 complete and 0 interrupted iterations
wf03_pilot   [  76% ] 2/2 VUs  3m03.0s/4m00.0s

running (3m04.0s), 2/2 VUs, 8191551 complete and 0 interrupted iterations
wf03_pilot   [  77% ] 2/2 VUs  3m04.0s/4m00.0s

running (3m05.0s), 2/2 VUs, 8231695 complete and 0 interrupted iterations
wf03_pilot   [  77% ] 2/2 VUs  3m05.0s/4m00.0s

running (3m06.0s), 2/2 VUs, 8276062 complete and 0 interrupted iterations
wf03_pilot   [  77% ] 2/2 VUs  3m06.0s/4m00.0s

running (3m07.0s), 2/2 VUs, 8324369 complete and 0 interrupted iterations
wf03_pilot   [  78% ] 2/2 VUs  3m07.0s/4m00.0s

running (3m08.0s), 2/2 VUs, 8374249 complete and 0 interrupted iterations
wf03_pilot   [  78% ] 2/2 VUs  3m08.0s/4m00.0s

running (3m09.0s), 2/2 VUs, 8409409 complete and 0 interrupted iterations
wf03_pilot   [  79% ] 2/2 VUs  3m09.0s/4m00.0s

running (3m10.0s), 2/2 VUs, 8434990 complete and 0 interrupted iterations
wf03_pilot   [  79% ] 2/2 VUs  3m10.0s/4m00.0s

running (3m11.0s), 2/2 VUs, 8463209 complete and 0 interrupted iterations
wf03_pilot   [  80% ] 2/2 VUs  3m11.0s/4m00.0s

running (3m12.0s), 2/2 VUs, 8483980 complete and 0 interrupted iterations
wf03_pilot   [  80% ] 2/2 VUs  3m12.0s/4m00.0s

running (3m13.0s), 2/2 VUs, 8523992 complete and 0 interrupted iterations
wf03_pilot   [  80% ] 2/2 VUs  3m13.0s/4m00.0s

running (3m14.0s), 2/2 VUs, 8568439 complete and 0 interrupted iterations
wf03_pilot   [  81% ] 2/2 VUs  3m14.0s/4m00.0s

running (3m15.0s), 2/2 VUs, 8594260 complete and 0 interrupted iterations
wf03_pilot   [  81% ] 2/2 VUs  3m15.0s/4m00.0s

running (3m16.0s), 2/2 VUs, 8631890 complete and 0 interrupted iterations
wf03_pilot   [  82% ] 2/2 VUs  3m16.0s/4m00.0s

running (3m17.0s), 2/2 VUs, 8673849 complete and 0 interrupted iterations
wf03_pilot   [  82% ] 2/2 VUs  3m17.0s/4m00.0s

running (3m18.0s), 2/2 VUs, 8698164 complete and 0 interrupted iterations
wf03_pilot   [  82% ] 2/2 VUs  3m18.0s/4m00.0s

running (3m19.0s), 2/2 VUs, 8728770 complete and 0 interrupted iterations
wf03_pilot   [  83% ] 2/2 VUs  3m19.0s/4m00.0s

running (3m20.0s), 2/2 VUs, 8763409 complete and 0 interrupted iterations
wf03_pilot   [  83% ] 2/2 VUs  3m20.0s/4m00.0s

running (3m21.0s), 2/2 VUs, 8779636 complete and 0 interrupted iterations
wf03_pilot   [  84% ] 2/2 VUs  3m21.0s/4m00.0s

running (3m22.0s), 2/2 VUs, 8800308 complete and 0 interrupted iterations
wf03_pilot   [  84% ] 2/2 VUs  3m22.0s/4m00.0s

running (3m23.0s), 2/2 VUs, 8828667 complete and 0 interrupted iterations
wf03_pilot   [  85% ] 2/2 VUs  3m23.0s/4m00.0s

running (3m24.0s), 2/2 VUs, 8870321 complete and 0 interrupted iterations
wf03_pilot   [  85% ] 2/2 VUs  3m24.0s/4m00.0s

running (3m25.0s), 2/2 VUs, 8899289 complete and 0 interrupted iterations
wf03_pilot   [  85% ] 2/2 VUs  3m25.0s/4m00.0s

running (3m26.0s), 2/2 VUs, 8934156 complete and 0 interrupted iterations
wf03_pilot   [  86% ] 2/2 VUs  3m26.0s/4m00.0s

running (3m27.0s), 2/2 VUs, 8957690 complete and 0 interrupted iterations
wf03_pilot   [  86% ] 2/2 VUs  3m27.0s/4m00.0s

running (3m28.0s), 2/2 VUs, 8985307 complete and 0 interrupted iterations
wf03_pilot   [  87% ] 2/2 VUs  3m28.0s/4m00.0s

running (3m29.0s), 2/2 VUs, 9021666 complete and 0 interrupted iterations
wf03_pilot   [  87% ] 2/2 VUs  3m29.0s/4m00.0s

running (3m30.0s), 2/2 VUs, 9051893 complete and 0 interrupted iterations
wf03_pilot   [  87% ] 2/2 VUs  3m30.0s/4m00.0s

running (3m31.0s), 2/2 VUs, 9084657 complete and 0 interrupted iterations
wf03_pilot   [  88% ] 2/2 VUs  3m31.0s/4m00.0s

running (3m32.0s), 2/2 VUs, 9105513 complete and 0 interrupted iterations
wf03_pilot   [  88% ] 2/2 VUs  3m32.0s/4m00.0s

running (3m33.0s), 2/2 VUs, 9124885 complete and 0 interrupted iterations
wf03_pilot   [  89% ] 2/2 VUs  3m33.0s/4m00.0s

running (3m34.0s), 2/2 VUs, 9146800 complete and 0 interrupted iterations
wf03_pilot   [  89% ] 2/2 VUs  3m34.0s/4m00.0s

running (3m35.0s), 2/2 VUs, 9173286 complete and 0 interrupted iterations
wf03_pilot   [  90% ] 2/2 VUs  3m35.0s/4m00.0s

running (3m36.0s), 2/2 VUs, 9195393 complete and 0 interrupted iterations
wf03_pilot   [  90% ] 2/2 VUs  3m36.0s/4m00.0s

running (3m37.0s), 2/2 VUs, 9225233 complete and 0 interrupted iterations
wf03_pilot   [  90% ] 2/2 VUs  3m37.0s/4m00.0s

running (3m38.0s), 2/2 VUs, 9256505 complete and 0 interrupted iterations
wf03_pilot   [  91% ] 2/2 VUs  3m38.0s/4m00.0s

running (3m39.0s), 2/2 VUs, 9272363 complete and 0 interrupted iterations
wf03_pilot   [  91% ] 2/2 VUs  3m39.0s/4m00.0s

running (3m40.0s), 2/2 VUs, 9308069 complete and 0 interrupted iterations
wf03_pilot   [  92% ] 2/2 VUs  3m40.0s/4m00.0s

running (3m41.0s), 2/2 VUs, 9316293 complete and 0 interrupted iterations
wf03_pilot   [  92% ] 2/2 VUs  3m41.0s/4m00.0s

running (3m42.0s), 2/2 VUs, 9338622 complete and 0 interrupted iterations
wf03_pilot   [  92% ] 2/2 VUs  3m42.0s/4m00.0s

running (3m43.0s), 2/2 VUs, 9357808 complete and 0 interrupted iterations
wf03_pilot   [  93% ] 2/2 VUs  3m43.0s/4m00.0s

running (3m44.0s), 2/2 VUs, 9383653 complete and 0 interrupted iterations
wf03_pilot   [  93% ] 2/2 VUs  3m44.0s/4m00.0s

running (3m45.0s), 2/2 VUs, 9407267 complete and 0 interrupted iterations
wf03_pilot   [  94% ] 2/2 VUs  3m45.0s/4m00.0s

running (3m46.0s), 1/2 VUs, 9431031 complete and 0 interrupted iterations
wf03_pilot   [  94% ] 1/2 VUs  3m46.0s/4m00.0s

running (3m47.0s), 1/2 VUs, 9451846 complete and 0 interrupted iterations
wf03_pilot   [  95% ] 1/2 VUs  3m47.0s/4m00.0s

running (3m48.0s), 1/2 VUs, 9479352 complete and 0 interrupted iterations
wf03_pilot   [  95% ] 1/2 VUs  3m48.0s/4m00.0s

running (3m49.0s), 1/2 VUs, 9498021 complete and 0 interrupted iterations
wf03_pilot   [  95% ] 1/2 VUs  3m49.0s/4m00.0s

running (3m50.0s), 1/2 VUs, 9525634 complete and 0 interrupted iterations
wf03_pilot   [  96% ] 1/2 VUs  3m50.0s/4m00.0s

running (3m51.0s), 1/2 VUs, 9545672 complete and 0 interrupted iterations
wf03_pilot   [  96% ] 1/2 VUs  3m51.0s/4m00.0s

running (3m52.0s), 1/2 VUs, 9564158 complete and 0 interrupted iterations
wf03_pilot   [  97% ] 1/2 VUs  3m52.0s/4m00.0s

running (3m53.0s), 1/2 VUs, 9579956 complete and 0 interrupted iterations
wf03_pilot   [  97% ] 1/2 VUs  3m53.0s/4m00.0s

running (3m54.0s), 1/2 VUs, 9604745 complete and 0 interrupted iterations
wf03_pilot   [  98% ] 1/2 VUs  3m54.0s/4m00.0s

running (3m55.0s), 1/2 VUs, 9615881 complete and 0 interrupted iterations
wf03_pilot   [  98% ] 1/2 VUs  3m55.0s/4m00.0s

running (3m56.0s), 1/2 VUs, 9624825 complete and 0 interrupted iterations
wf03_pilot   [  98% ] 1/2 VUs  3m56.0s/4m00.0s

running (3m57.0s), 1/2 VUs, 9638026 complete and 0 interrupted iterations
wf03_pilot   [  99% ] 1/2 VUs  3m57.0s/4m00.0s

running (3m58.0s), 1/2 VUs, 9651311 complete and 0 interrupted iterations
wf03_pilot   [  99% ] 1/2 VUs  3m58.0s/4m00.0s

running (3m59.0s), 1/2 VUs, 9683486 complete and 0 interrupted iterations
wf03_pilot   [ 100% ] 1/2 VUs  3m59.0s/4m00.0s

running (4m00.0s), 1/2 VUs, 9699725 complete and 0 interrupted iterations
wf03_pilot   [ 100% ] 1/2 VUs  4m00.0s/4m00.0s

running (4m00.0s), 0/2 VUs, 9699772 complete and 0 interrupted iterations
wf03_pilot ✓ [ 100% ] 0/2 VUs  4m0s

running (4m00.0s), 0/2 VUs, 9699772 complete and 0 interrupted iterations
wf03_pilot ✓ [ 100% ] 0/2 VUs  4m0s

running (4m00.0s), 0/2 VUs, 9699772 complete and 0 interrupted iterations
wf03_pilot ✓ [ 100% ] 0/2 VUs  4m0s

running (4m00.0s), 0/2 VUs, 9699772 complete and 0 interrupted iterations
wf03_pilot ✓ [ 100% ] 0/2 VUs  4m0s

running (4m00.0s), 0/2 VUs, 9699772 complete and 0 interrupted iterations
wf03_pilot ✓ [ 100% ] 0/2 VUs  4m0s

running (4m00.0s), 0/2 VUs, 9699772 complete and 0 interrupted iterations
wf03_pilot ✓ [ 100% ] 0/2 VUs  4m0s

running (4m00.0s), 0/2 VUs, 9699772 complete and 0 interrupted iterations
wf03_pilot ✓ [ 100% ] 0/2 VUs  4m0s

running (4m00.0s), 0/2 VUs, 9699772 complete and 0 interrupted iterations
wf03_pilot ✓ [ 100% ] 0/2 VUs  4m0s

running (4m00.0s), 0/2 VUs, 9699772 complete and 0 interrupted iterations
wf03_pilot ✓ [ 100% ] 0/2 VUs  4m0s

running (4m00.0s), 0/2 VUs, 9699772 complete and 0 interrupted iterations
wf03_pilot ✓ [ 100% ] 0/2 VUs  4m0s

running (4m00.0s), 0/2 VUs, 9699772 complete and 0 interrupted iterations
wf03_pilot ✓ [ 100% ] 0/2 VUs  4m0s

running (4m00.0s), 0/2 VUs, 9699772 complete and 0 interrupted iterations
wf03_pilot ✓ [ 100% ] 0/2 VUs  4m0s

running (4m00.0s), 0/2 VUs, 9699772 complete and 0 interrupted iterations
wf03_pilot ✓ [ 100% ] 0/2 VUs  4m0s

running (4m00.0s), 0/2 VUs, 9699772 complete and 0 interrupted iterations
wf03_pilot ✓ [ 100% ] 0/2 VUs  4m0s

running (4m00.0s), 0/2 VUs, 9699772 complete and 0 interrupted iterations
wf03_pilot ✓ [ 100% ] 0/2 VUs  4m0s

running (4m00.0s), 0/2 VUs, 9699772 complete and 0 interrupted iterations
wf03_pilot ✓ [ 100% ] 0/2 VUs  4m0s

running (4m00.0s), 0/2 VUs, 9699772 complete and 0 interrupted iterations
wf03_pilot ✓ [ 100% ] 0/2 VUs  4m0s

running (4m00.0s), 0/2 VUs, 9699772 complete and 0 interrupted iterations
wf03_pilot ✓ [ 100% ] 0/2 VUs  4m0s

running (4m00.0s), 0/2 VUs, 9699772 complete and 0 interrupted iterations
wf03_pilot ✓ [ 100% ] 0/2 VUs  4m0s

running (4m00.0s), 0/2 VUs, 9699772 complete and 0 interrupted iterations
wf03_pilot ✓ [ 100% ] 0/2 VUs  4m0s

running (4m00.0s), 0/2 VUs, 9699772 complete and 0 interrupted iterations
wf03_pilot ✓ [ 100% ] 0/2 VUs  4m0s

running (4m00.0s), 0/2 VUs, 9699772 complete and 0 interrupted iterations
wf03_pilot ✓ [ 100% ] 0/2 VUs  4m0s

running (4m00.0s), 0/2 VUs, 9699772 complete and 0 interrupted iterations
wf03_pilot ✓ [ 100% ] 0/2 VUs  4m0s

running (4m00.0s), 0/2 VUs, 9699772 complete and 0 interrupted iterations
wf03_pilot ✓ [ 100% ] 0/2 VUs  4m0s

running (4m00.0s), 0/2 VUs, 9699772 complete and 0 interrupted iterations
wf03_pilot ✓ [ 100% ] 0/2 VUs  4m0s

running (4m00.0s), 0/2 VUs, 9699772 complete and 0 interrupted iterations
wf03_pilot ✓ [ 100% ] 0/2 VUs  4m0s

running (4m00.0s), 0/2 VUs, 9699772 complete and 0 interrupted iterations
wf03_pilot ✓ [ 100% ] 0/2 VUs  4m0s

running (4m00.0s), 0/2 VUs, 9699772 complete and 0 interrupted iterations
wf03_pilot ✓ [ 100% ] 0/2 VUs  4m0s

running (4m00.0s), 0/2 VUs, 9699772 complete and 0 interrupted iterations
wf03_pilot ✓ [ 100% ] 0/2 VUs  4m0s

running (4m00.0s), 0/2 VUs, 9699772 complete and 0 interrupted iterations
wf03_pilot ✓ [ 100% ] 0/2 VUs  4m0s

running (4m00.0s), 0/2 VUs, 9699772 complete and 0 interrupted iterations
wf03_pilot ✓ [ 100% ] 0/2 VUs  4m0s

running (4m00.0s), 0/2 VUs, 9699772 complete and 0 interrupted iterations
wf03_pilot ✓ [ 100% ] 0/2 VUs  4m0s

running (4m00.0s), 0/2 VUs, 9699772 complete and 0 interrupted iterations
wf03_pilot ✓ [ 100% ] 0/2 VUs  4m0s

running (4m00.0s), 0/2 VUs, 9699772 complete and 0 interrupted iterations
wf03_pilot ✓ [ 100% ] 0/2 VUs  4m0s

running (4m00.0s), 0/2 VUs, 9699772 complete and 0 interrupted iterations
wf03_pilot ✓ [ 100% ] 0/2 VUs  4m0s

running (4m00.0s), 0/2 VUs, 9699772 complete and 0 interrupted iterations
wf03_pilot ✓ [ 100% ] 0/2 VUs  4m0s

running (4m00.0s), 0/2 VUs, 9699772 complete and 0 interrupted iterations
wf03_pilot ✓ [ 100% ] 0/2 VUs  4m0s

running (4m00.0s), 0/2 VUs, 9699772 complete and 0 interrupted iterations
wf03_pilot ✓ [ 100% ] 0/2 VUs  4m0s

running (4m00.0s), 0/2 VUs, 9699772 complete and 0 interrupted iterations
wf03_pilot ✓ [ 100% ] 0/2 VUs  4m0s

running (4m00.0s), 0/2 VUs, 9699772 complete and 0 interrupted iterations
wf03_pilot ✓ [ 100% ] 0/2 VUs  4m0s

running (4m00.0s), 0/2 VUs, 9699772 complete and 0 interrupted iterations
wf03_pilot ✓ [ 100% ] 0/2 VUs  4m0s

running (4m00.0s), 0/2 VUs, 9699772 complete and 0 interrupted iterations
wf03_pilot ✓ [ 100% ] 0/2 VUs  4m0s

running (4m00.0s), 0/2 VUs, 9699772 complete and 0 interrupted iterations
wf03_pilot ✓ [ 100% ] 0/2 VUs  4m0s

running (4m00.0s), 0/2 VUs, 9699772 complete and 0 interrupted iterations
wf03_pilot ✓ [ 100% ] 0/2 VUs  4m0s

running (4m00.0s), 0/2 VUs, 9699772 complete and 0 interrupted iterations
wf03_pilot ✓ [ 100% ] 0/2 VUs  4m0s

running (4m00.0s), 0/2 VUs, 9699772 complete and 0 interrupted iterations
wf03_pilot ✓ [ 100% ] 0/2 VUs  4m0s

running (4m00.0s), 0/2 VUs, 9699772 complete and 0 interrupted iterations
wf03_pilot ✓ [ 100% ] 0/2 VUs  4m0s


  █ TOTAL RESULTS 

    CUSTOM
    wf03_failures.............: 9699772 40415.690228/s
    wf03_workflow_attempted...: 9699772 40415.690228/s
    wf03_workflow_success.....: 0.00%   0 out of 9699772

    EXECUTION
    iteration_duration........: avg=23.97µs min=12.87µs med=17.79µs max=50.4ms p(90)=38.25µs p(95)=54.45µs
    iterations................: 9699772 40415.690228/s
    vus.......................: 1       min=0            max=2
    vus_max...................: 2       min=2            max=2

    NETWORK
    data_received.............: 0 B     0 B/s
    data_sent.................: 0 B     0 B/s


  █ SCENARIO: pilot 

    CUSTOM
    wf03_failures.............: 9699772 40415.690228/s
    wf03_workflow_attempted...: 9699772 40415.690228/s
    wf03_workflow_success.....: 0.00%   0 out of 9699772


  █ SCENARIO: wf03_pilot 

    EXECUTION
    iteration_duration...: avg=23.97µs min=12.87µs med=17.79µs max=50.4ms p(90)=38.25µs p(95)=54.45µs
    iterations...........: 9699772 40415.690228/s

    NETWORK
    data_received........: 0 B     0 B/s
    data_sent............: 0 B     0 B/s




running (4m00.0s), 0/2 VUs, 9699772 complete and 0 interrupted iterations
wf03_pilot ✓ [ 100% ] 0/2 VUs  4m0s
