
         /\      Grafana   /‾‾/  
    /\  /  \     |\  __   /  /   
   /  \/    \    | |/ /  /   ‾‾\ 
  /          \   |   (  |  (‾)  |
 / __________ \  |_|\_\  \_____/ 


     execution: local
        script: /private/tmp/eshop-hw05-fresh-corrected-pilot.wyN9jR/runtime/performance/scenarios/pilot.js
        output: json (/Users/phamngocgiabao/eshop-sut-hw05-23127027/performance/results/pilot/20260901T223944+0700/raw/pilot-raw.json)

     scenarios: (100.00%) 1 scenario, 2 max VUs, 4m30s max duration (incl. graceful stop):
              * wf03_pilot: Up to 2 looping VUs for 4m0s over 3 stages (gracefulRampDown: 30s, exec: runWf03Scenario, gracefulStop: 30s)


running (0m01.0s), 0/2 VUs, 0 complete and 0 interrupted iterations
wf03_pilot   [   0% ] 0/2 VUs  0m01.0s/4m00.0s

running (0m02.0s), 0/2 VUs, 0 complete and 0 interrupted iterations
wf03_pilot   [   1% ] 0/2 VUs  0m02.0s/4m00.0s

running (0m03.0s), 0/2 VUs, 0 complete and 0 interrupted iterations
wf03_pilot   [   1% ] 0/2 VUs  0m03.0s/4m00.0s

running (0m04.0s), 0/2 VUs, 0 complete and 0 interrupted iterations
wf03_pilot   [   2% ] 0/2 VUs  0m04.0s/4m00.0s

running (0m05.0s), 0/2 VUs, 0 complete and 0 interrupted iterations
wf03_pilot   [   2% ] 0/2 VUs  0m05.0s/4m00.0s

running (0m06.0s), 0/2 VUs, 0 complete and 0 interrupted iterations
wf03_pilot   [   2% ] 0/2 VUs  0m06.0s/4m00.0s

running (0m07.0s), 0/2 VUs, 0 complete and 0 interrupted iterations
wf03_pilot   [   3% ] 0/2 VUs  0m07.0s/4m00.0s

running (0m08.0s), 0/2 VUs, 0 complete and 0 interrupted iterations
wf03_pilot   [   3% ] 0/2 VUs  0m08.0s/4m00.0s

running (0m09.0s), 0/2 VUs, 0 complete and 0 interrupted iterations
wf03_pilot   [   4% ] 0/2 VUs  0m09.0s/4m00.0s

running (0m10.0s), 0/2 VUs, 0 complete and 0 interrupted iterations
wf03_pilot   [   4% ] 0/2 VUs  0m10.0s/4m00.0s

running (0m11.0s), 0/2 VUs, 0 complete and 0 interrupted iterations
wf03_pilot   [   5% ] 0/2 VUs  0m11.0s/4m00.0s

running (0m12.0s), 0/2 VUs, 0 complete and 0 interrupted iterations
wf03_pilot   [   5% ] 0/2 VUs  0m12.0s/4m00.0s

running (0m13.0s), 0/2 VUs, 0 complete and 0 interrupted iterations
wf03_pilot   [   5% ] 0/2 VUs  0m13.0s/4m00.0s

running (0m14.0s), 0/2 VUs, 0 complete and 0 interrupted iterations
wf03_pilot   [   6% ] 0/2 VUs  0m14.0s/4m00.0s

running (0m15.0s), 0/2 VUs, 0 complete and 0 interrupted iterations
wf03_pilot   [   6% ] 0/2 VUs  0m15.0s/4m00.0s

running (0m16.0s), 1/2 VUs, 0 complete and 0 interrupted iterations
wf03_pilot   [   7% ] 1/2 VUs  0m16.0s/4m00.0s

running (0m17.0s), 1/2 VUs, 0 complete and 0 interrupted iterations
wf03_pilot   [   7% ] 1/2 VUs  0m17.0s/4m00.0s

running (0m18.0s), 1/2 VUs, 0 complete and 0 interrupted iterations
wf03_pilot   [   7% ] 1/2 VUs  0m18.0s/4m00.0s

running (0m19.0s), 1/2 VUs, 0 complete and 0 interrupted iterations
wf03_pilot   [   8% ] 1/2 VUs  0m19.0s/4m00.0s

running (0m20.0s), 1/2 VUs, 1 complete and 0 interrupted iterations
wf03_pilot   [   8% ] 1/2 VUs  0m20.0s/4m00.0s

running (0m21.0s), 1/2 VUs, 1 complete and 0 interrupted iterations
wf03_pilot   [   9% ] 1/2 VUs  0m21.0s/4m00.0s

running (0m22.0s), 1/2 VUs, 1 complete and 0 interrupted iterations
wf03_pilot   [   9% ] 1/2 VUs  0m22.0s/4m00.0s

running (0m23.0s), 1/2 VUs, 1 complete and 0 interrupted iterations
wf03_pilot   [  10% ] 1/2 VUs  0m23.0s/4m00.0s

running (0m24.0s), 1/2 VUs, 2 complete and 0 interrupted iterations
wf03_pilot   [  10% ] 1/2 VUs  0m24.0s/4m00.0s

running (0m25.0s), 1/2 VUs, 2 complete and 0 interrupted iterations
wf03_pilot   [  10% ] 1/2 VUs  0m25.0s/4m00.0s

running (0m26.0s), 1/2 VUs, 2 complete and 0 interrupted iterations
wf03_pilot   [  11% ] 1/2 VUs  0m26.0s/4m00.0s

running (0m27.0s), 1/2 VUs, 2 complete and 0 interrupted iterations
wf03_pilot   [  11% ] 1/2 VUs  0m27.0s/4m00.0s

running (0m28.0s), 1/2 VUs, 2 complete and 0 interrupted iterations
wf03_pilot   [  12% ] 1/2 VUs  0m28.0s/4m00.0s

running (0m29.0s), 1/2 VUs, 3 complete and 0 interrupted iterations
wf03_pilot   [  12% ] 1/2 VUs  0m29.0s/4m00.0s

running (0m30.0s), 1/2 VUs, 3 complete and 0 interrupted iterations
wf03_pilot   [  12% ] 1/2 VUs  0m30.0s/4m00.0s

running (0m31.0s), 2/2 VUs, 3 complete and 0 interrupted iterations
wf03_pilot   [  13% ] 2/2 VUs  0m31.0s/4m00.0s

running (0m32.0s), 2/2 VUs, 3 complete and 0 interrupted iterations
wf03_pilot   [  13% ] 2/2 VUs  0m32.0s/4m00.0s

running (0m33.0s), 2/2 VUs, 3 complete and 0 interrupted iterations
wf03_pilot   [  14% ] 2/2 VUs  0m33.0s/4m00.0s

running (0m34.0s), 2/2 VUs, 3 complete and 0 interrupted iterations
wf03_pilot   [  14% ] 2/2 VUs  0m34.0s/4m00.0s

running (0m35.0s), 2/2 VUs, 4 complete and 0 interrupted iterations
wf03_pilot   [  15% ] 2/2 VUs  0m35.0s/4m00.0s

running (0m36.0s), 2/2 VUs, 5 complete and 0 interrupted iterations
wf03_pilot   [  15% ] 2/2 VUs  0m36.0s/4m00.0s

running (0m37.0s), 2/2 VUs, 5 complete and 0 interrupted iterations
wf03_pilot   [  15% ] 2/2 VUs  0m37.0s/4m00.0s

running (0m38.0s), 2/2 VUs, 5 complete and 0 interrupted iterations
wf03_pilot   [  16% ] 2/2 VUs  0m38.0s/4m00.0s

running (0m39.0s), 2/2 VUs, 5 complete and 0 interrupted iterations
wf03_pilot   [  16% ] 2/2 VUs  0m39.0s/4m00.0s

running (0m40.0s), 2/2 VUs, 5 complete and 0 interrupted iterations
wf03_pilot   [  17% ] 2/2 VUs  0m40.0s/4m00.0s

running (0m41.0s), 2/2 VUs, 6 complete and 0 interrupted iterations
wf03_pilot   [  17% ] 2/2 VUs  0m41.0s/4m00.0s

running (0m42.0s), 2/2 VUs, 7 complete and 0 interrupted iterations
wf03_pilot   [  17% ] 2/2 VUs  0m42.0s/4m00.0s

running (0m43.0s), 2/2 VUs, 7 complete and 0 interrupted iterations
wf03_pilot   [  18% ] 2/2 VUs  0m43.0s/4m00.0s

running (0m44.0s), 2/2 VUs, 7 complete and 0 interrupted iterations
wf03_pilot   [  18% ] 2/2 VUs  0m44.0s/4m00.0s

running (0m45.0s), 2/2 VUs, 7 complete and 0 interrupted iterations
wf03_pilot   [  19% ] 2/2 VUs  0m45.0s/4m00.0s

running (0m46.0s), 2/2 VUs, 8 complete and 0 interrupted iterations
wf03_pilot   [  19% ] 2/2 VUs  0m46.0s/4m00.0s

running (0m47.0s), 2/2 VUs, 8 complete and 0 interrupted iterations
wf03_pilot   [  20% ] 2/2 VUs  0m47.0s/4m00.0s

running (0m48.0s), 2/2 VUs, 9 complete and 0 interrupted iterations
wf03_pilot   [  20% ] 2/2 VUs  0m48.0s/4m00.0s

running (0m49.0s), 2/2 VUs, 9 complete and 0 interrupted iterations
wf03_pilot   [  20% ] 2/2 VUs  0m49.0s/4m00.0s

running (0m50.1s), 2/2 VUs, 9 complete and 0 interrupted iterations
wf03_pilot   [  21% ] 2/2 VUs  0m50.0s/4m00.0s

running (0m51.1s), 2/2 VUs, 10 complete and 0 interrupted iterations
wf03_pilot   [  21% ] 2/2 VUs  0m51.0s/4m00.0s

running (0m52.1s), 2/2 VUs, 10 complete and 0 interrupted iterations
wf03_pilot   [  22% ] 2/2 VUs  0m52.0s/4m00.0s

running (0m53.1s), 2/2 VUs, 11 complete and 0 interrupted iterations
wf03_pilot   [  22% ] 2/2 VUs  0m53.0s/4m00.0s

running (0m54.1s), 2/2 VUs, 11 complete and 0 interrupted iterations
wf03_pilot   [  22% ] 2/2 VUs  0m54.0s/4m00.0s

running (0m55.1s), 2/2 VUs, 11 complete and 0 interrupted iterations
wf03_pilot   [  23% ] 2/2 VUs  0m55.0s/4m00.0s

running (0m56.1s), 2/2 VUs, 12 complete and 0 interrupted iterations
wf03_pilot   [  23% ] 2/2 VUs  0m56.0s/4m00.0s

running (0m57.1s), 2/2 VUs, 12 complete and 0 interrupted iterations
wf03_pilot   [  24% ] 2/2 VUs  0m57.0s/4m00.0s

running (0m58.1s), 2/2 VUs, 13 complete and 0 interrupted iterations
wf03_pilot   [  24% ] 2/2 VUs  0m58.0s/4m00.0s

running (0m59.1s), 2/2 VUs, 13 complete and 0 interrupted iterations
wf03_pilot   [  25% ] 2/2 VUs  0m59.0s/4m00.0s

running (1m00.1s), 2/2 VUs, 13 complete and 0 interrupted iterations
wf03_pilot   [  25% ] 2/2 VUs  1m00.0s/4m00.0s

running (1m01.1s), 2/2 VUs, 14 complete and 0 interrupted iterations
wf03_pilot   [  25% ] 2/2 VUs  1m01.0s/4m00.0s

running (1m02.1s), 2/2 VUs, 14 complete and 0 interrupted iterations
wf03_pilot   [  26% ] 2/2 VUs  1m02.0s/4m00.0s

running (1m03.1s), 2/2 VUs, 15 complete and 0 interrupted iterations
wf03_pilot   [  26% ] 2/2 VUs  1m03.0s/4m00.0s

running (1m04.1s), 2/2 VUs, 15 complete and 0 interrupted iterations
wf03_pilot   [  27% ] 2/2 VUs  1m04.0s/4m00.0s

running (1m05.1s), 2/2 VUs, 15 complete and 0 interrupted iterations
wf03_pilot   [  27% ] 2/2 VUs  1m05.0s/4m00.0s

running (1m06.1s), 2/2 VUs, 16 complete and 0 interrupted iterations
wf03_pilot   [  27% ] 2/2 VUs  1m06.0s/4m00.0s

running (1m07.1s), 2/2 VUs, 16 complete and 0 interrupted iterations
wf03_pilot   [  28% ] 2/2 VUs  1m07.0s/4m00.0s

running (1m08.1s), 2/2 VUs, 16 complete and 0 interrupted iterations
wf03_pilot   [  28% ] 2/2 VUs  1m08.0s/4m00.0s

running (1m09.1s), 2/2 VUs, 17 complete and 0 interrupted iterations
wf03_pilot   [  29% ] 2/2 VUs  1m09.0s/4m00.0s

running (1m10.1s), 2/2 VUs, 17 complete and 0 interrupted iterations
wf03_pilot   [  29% ] 2/2 VUs  1m10.0s/4m00.0s

running (1m11.1s), 2/2 VUs, 18 complete and 0 interrupted iterations
wf03_pilot   [  30% ] 2/2 VUs  1m11.0s/4m00.0s

running (1m12.1s), 2/2 VUs, 18 complete and 0 interrupted iterations
wf03_pilot   [  30% ] 2/2 VUs  1m12.0s/4m00.0s

running (1m13.1s), 2/2 VUs, 18 complete and 0 interrupted iterations
wf03_pilot   [  30% ] 2/2 VUs  1m13.0s/4m00.0s

running (1m14.1s), 2/2 VUs, 18 complete and 0 interrupted iterations
wf03_pilot   [  31% ] 2/2 VUs  1m14.0s/4m00.0s

running (1m15.1s), 2/2 VUs, 19 complete and 0 interrupted iterations
wf03_pilot   [  31% ] 2/2 VUs  1m15.0s/4m00.0s

running (1m16.1s), 2/2 VUs, 19 complete and 0 interrupted iterations
wf03_pilot   [  32% ] 2/2 VUs  1m16.0s/4m00.0s

running (1m17.1s), 2/2 VUs, 20 complete and 0 interrupted iterations
wf03_pilot   [  32% ] 2/2 VUs  1m17.0s/4m00.0s

running (1m18.1s), 2/2 VUs, 20 complete and 0 interrupted iterations
wf03_pilot   [  32% ] 2/2 VUs  1m18.0s/4m00.0s

running (1m19.1s), 2/2 VUs, 20 complete and 0 interrupted iterations
wf03_pilot   [  33% ] 2/2 VUs  1m19.0s/4m00.0s

running (1m20.1s), 2/2 VUs, 20 complete and 0 interrupted iterations
wf03_pilot   [  33% ] 2/2 VUs  1m20.0s/4m00.0s

running (1m21.1s), 2/2 VUs, 22 complete and 0 interrupted iterations
wf03_pilot   [  34% ] 2/2 VUs  1m21.0s/4m00.0s

running (1m22.1s), 2/2 VUs, 22 complete and 0 interrupted iterations
wf03_pilot   [  34% ] 2/2 VUs  1m22.0s/4m00.0s

running (1m23.1s), 2/2 VUs, 22 complete and 0 interrupted iterations
wf03_pilot   [  35% ] 2/2 VUs  1m23.0s/4m00.0s

running (1m24.1s), 2/2 VUs, 22 complete and 0 interrupted iterations
wf03_pilot   [  35% ] 2/2 VUs  1m24.0s/4m00.0s

running (1m25.1s), 2/2 VUs, 24 complete and 0 interrupted iterations
wf03_pilot   [  35% ] 2/2 VUs  1m25.0s/4m00.0s

running (1m26.1s), 2/2 VUs, 24 complete and 0 interrupted iterations
wf03_pilot   [  36% ] 2/2 VUs  1m26.0s/4m00.0s

running (1m27.1s), 2/2 VUs, 24 complete and 0 interrupted iterations
wf03_pilot   [  36% ] 2/2 VUs  1m27.0s/4m00.0s

running (1m28.1s), 2/2 VUs, 24 complete and 0 interrupted iterations
wf03_pilot   [  37% ] 2/2 VUs  1m28.0s/4m00.0s

running (1m29.1s), 2/2 VUs, 24 complete and 0 interrupted iterations
wf03_pilot   [  37% ] 2/2 VUs  1m29.0s/4m00.0s

running (1m30.1s), 2/2 VUs, 25 complete and 0 interrupted iterations
wf03_pilot   [  37% ] 2/2 VUs  1m30.0s/4m00.0s

running (1m31.1s), 2/2 VUs, 26 complete and 0 interrupted iterations
wf03_pilot   [  38% ] 2/2 VUs  1m31.0s/4m00.0s

running (1m32.1s), 2/2 VUs, 26 complete and 0 interrupted iterations
wf03_pilot   [  38% ] 2/2 VUs  1m32.0s/4m00.0s

running (1m33.1s), 2/2 VUs, 26 complete and 0 interrupted iterations
wf03_pilot   [  39% ] 2/2 VUs  1m33.0s/4m00.0s

running (1m34.1s), 2/2 VUs, 26 complete and 0 interrupted iterations
wf03_pilot   [  39% ] 2/2 VUs  1m34.0s/4m00.0s

running (1m35.1s), 2/2 VUs, 26 complete and 0 interrupted iterations
wf03_pilot   [  40% ] 2/2 VUs  1m35.0s/4m00.0s

running (1m36.1s), 2/2 VUs, 27 complete and 0 interrupted iterations
wf03_pilot   [  40% ] 2/2 VUs  1m36.0s/4m00.0s

running (1m37.1s), 2/2 VUs, 28 complete and 0 interrupted iterations
wf03_pilot   [  40% ] 2/2 VUs  1m37.0s/4m00.0s

running (1m38.1s), 2/2 VUs, 28 complete and 0 interrupted iterations
wf03_pilot   [  41% ] 2/2 VUs  1m38.0s/4m00.0s

running (1m39.1s), 2/2 VUs, 28 complete and 0 interrupted iterations
wf03_pilot   [  41% ] 2/2 VUs  1m39.0s/4m00.0s

running (1m40.1s), 2/2 VUs, 28 complete and 0 interrupted iterations
wf03_pilot   [  42% ] 2/2 VUs  1m40.0s/4m00.0s

running (1m41.1s), 2/2 VUs, 29 complete and 0 interrupted iterations
wf03_pilot   [  42% ] 2/2 VUs  1m41.0s/4m00.0s

running (1m42.1s), 2/2 VUs, 30 complete and 0 interrupted iterations
wf03_pilot   [  42% ] 2/2 VUs  1m42.0s/4m00.0s

running (1m43.1s), 2/2 VUs, 30 complete and 0 interrupted iterations
wf03_pilot   [  43% ] 2/2 VUs  1m43.0s/4m00.0s

running (1m44.1s), 2/2 VUs, 30 complete and 0 interrupted iterations
wf03_pilot   [  43% ] 2/2 VUs  1m44.0s/4m00.0s

running (1m45.1s), 2/2 VUs, 30 complete and 0 interrupted iterations
wf03_pilot   [  44% ] 2/2 VUs  1m45.0s/4m00.0s

running (1m46.1s), 2/2 VUs, 31 complete and 0 interrupted iterations
wf03_pilot   [  44% ] 2/2 VUs  1m46.0s/4m00.0s

running (1m47.1s), 2/2 VUs, 32 complete and 0 interrupted iterations
wf03_pilot   [  45% ] 2/2 VUs  1m47.0s/4m00.0s

running (1m48.1s), 2/2 VUs, 32 complete and 0 interrupted iterations
wf03_pilot   [  45% ] 2/2 VUs  1m48.0s/4m00.0s

running (1m49.1s), 2/2 VUs, 32 complete and 0 interrupted iterations
wf03_pilot   [  45% ] 2/2 VUs  1m49.0s/4m00.0s

running (1m50.1s), 2/2 VUs, 32 complete and 0 interrupted iterations
wf03_pilot   [  46% ] 2/2 VUs  1m50.0s/4m00.0s

running (1m51.1s), 2/2 VUs, 33 complete and 0 interrupted iterations
wf03_pilot   [  46% ] 2/2 VUs  1m51.0s/4m00.0s

running (1m52.1s), 2/2 VUs, 34 complete and 0 interrupted iterations
wf03_pilot   [  47% ] 2/2 VUs  1m52.0s/4m00.0s

running (1m53.1s), 2/2 VUs, 34 complete and 0 interrupted iterations
wf03_pilot   [  47% ] 2/2 VUs  1m53.0s/4m00.0s

running (1m54.1s), 2/2 VUs, 34 complete and 0 interrupted iterations
wf03_pilot   [  47% ] 2/2 VUs  1m54.0s/4m00.0s

running (1m55.1s), 2/2 VUs, 34 complete and 0 interrupted iterations
wf03_pilot   [  48% ] 2/2 VUs  1m55.0s/4m00.0s

running (1m56.1s), 2/2 VUs, 35 complete and 0 interrupted iterations
wf03_pilot   [  48% ] 2/2 VUs  1m56.0s/4m00.0s

running (1m57.1s), 2/2 VUs, 36 complete and 0 interrupted iterations
wf03_pilot   [  49% ] 2/2 VUs  1m57.0s/4m00.0s

running (1m58.1s), 2/2 VUs, 36 complete and 0 interrupted iterations
wf03_pilot   [  49% ] 2/2 VUs  1m58.0s/4m00.0s

running (1m59.1s), 2/2 VUs, 36 complete and 0 interrupted iterations
wf03_pilot   [  50% ] 2/2 VUs  1m59.0s/4m00.0s

running (2m00.1s), 2/2 VUs, 36 complete and 0 interrupted iterations
wf03_pilot   [  50% ] 2/2 VUs  2m00.0s/4m00.0s

running (2m01.1s), 2/2 VUs, 37 complete and 0 interrupted iterations
wf03_pilot   [  50% ] 2/2 VUs  2m01.0s/4m00.0s

running (2m02.1s), 2/2 VUs, 38 complete and 0 interrupted iterations
wf03_pilot   [  51% ] 2/2 VUs  2m02.0s/4m00.0s

running (2m03.1s), 2/2 VUs, 38 complete and 0 interrupted iterations
wf03_pilot   [  51% ] 2/2 VUs  2m03.0s/4m00.0s

running (2m04.1s), 2/2 VUs, 38 complete and 0 interrupted iterations
wf03_pilot   [  52% ] 2/2 VUs  2m04.0s/4m00.0s

running (2m05.1s), 2/2 VUs, 38 complete and 0 interrupted iterations
wf03_pilot   [  52% ] 2/2 VUs  2m05.0s/4m00.0s

running (2m06.1s), 2/2 VUs, 39 complete and 0 interrupted iterations
wf03_pilot   [  52% ] 2/2 VUs  2m06.0s/4m00.0s

running (2m07.1s), 2/2 VUs, 40 complete and 0 interrupted iterations
wf03_pilot   [  53% ] 2/2 VUs  2m07.0s/4m00.0s

running (2m08.1s), 2/2 VUs, 40 complete and 0 interrupted iterations
wf03_pilot   [  53% ] 2/2 VUs  2m08.0s/4m00.0s

running (2m09.1s), 2/2 VUs, 40 complete and 0 interrupted iterations
wf03_pilot   [  54% ] 2/2 VUs  2m09.0s/4m00.0s

running (2m10.1s), 2/2 VUs, 40 complete and 0 interrupted iterations
wf03_pilot   [  54% ] 2/2 VUs  2m10.0s/4m00.0s

running (2m11.1s), 2/2 VUs, 41 complete and 0 interrupted iterations
wf03_pilot   [  55% ] 2/2 VUs  2m11.0s/4m00.0s

running (2m12.1s), 2/2 VUs, 41 complete and 0 interrupted iterations
wf03_pilot   [  55% ] 2/2 VUs  2m12.0s/4m00.0s

running (2m13.1s), 2/2 VUs, 42 complete and 0 interrupted iterations
wf03_pilot   [  55% ] 2/2 VUs  2m13.0s/4m00.0s

running (2m14.1s), 2/2 VUs, 42 complete and 0 interrupted iterations
wf03_pilot   [  56% ] 2/2 VUs  2m14.0s/4m00.0s

running (2m15.1s), 2/2 VUs, 42 complete and 0 interrupted iterations
wf03_pilot   [  56% ] 2/2 VUs  2m15.0s/4m00.0s

running (2m16.1s), 2/2 VUs, 43 complete and 0 interrupted iterations
wf03_pilot   [  57% ] 2/2 VUs  2m16.0s/4m00.0s

running (2m17.1s), 2/2 VUs, 43 complete and 0 interrupted iterations
wf03_pilot   [  57% ] 2/2 VUs  2m17.0s/4m00.0s

running (2m18.1s), 2/2 VUs, 43 complete and 0 interrupted iterations
wf03_pilot   [  57% ] 2/2 VUs  2m18.0s/4m00.0s

running (2m19.1s), 2/2 VUs, 44 complete and 0 interrupted iterations
wf03_pilot   [  58% ] 2/2 VUs  2m19.0s/4m00.0s

running (2m20.1s), 2/2 VUs, 44 complete and 0 interrupted iterations
wf03_pilot   [  58% ] 2/2 VUs  2m20.0s/4m00.0s

running (2m21.1s), 2/2 VUs, 45 complete and 0 interrupted iterations
wf03_pilot   [  59% ] 2/2 VUs  2m21.0s/4m00.0s

running (2m22.1s), 2/2 VUs, 45 complete and 0 interrupted iterations
wf03_pilot   [  59% ] 2/2 VUs  2m22.0s/4m00.0s

running (2m23.1s), 2/2 VUs, 46 complete and 0 interrupted iterations
wf03_pilot   [  60% ] 2/2 VUs  2m23.0s/4m00.0s

running (2m24.1s), 2/2 VUs, 46 complete and 0 interrupted iterations
wf03_pilot   [  60% ] 2/2 VUs  2m24.0s/4m00.0s

running (2m25.1s), 2/2 VUs, 46 complete and 0 interrupted iterations
wf03_pilot   [  60% ] 2/2 VUs  2m25.0s/4m00.0s

running (2m26.1s), 2/2 VUs, 47 complete and 0 interrupted iterations
wf03_pilot   [  61% ] 2/2 VUs  2m26.0s/4m00.0s

running (2m27.1s), 2/2 VUs, 47 complete and 0 interrupted iterations
wf03_pilot   [  61% ] 2/2 VUs  2m27.0s/4m00.0s

running (2m28.1s), 2/2 VUs, 48 complete and 0 interrupted iterations
wf03_pilot   [  62% ] 2/2 VUs  2m28.0s/4m00.0s

running (2m29.1s), 2/2 VUs, 48 complete and 0 interrupted iterations
wf03_pilot   [  62% ] 2/2 VUs  2m29.0s/4m00.0s

running (2m30.1s), 2/2 VUs, 48 complete and 0 interrupted iterations
wf03_pilot   [  62% ] 2/2 VUs  2m30.0s/4m00.0s

running (2m31.1s), 2/2 VUs, 49 complete and 0 interrupted iterations
wf03_pilot   [  63% ] 2/2 VUs  2m31.0s/4m00.0s

running (2m32.1s), 2/2 VUs, 49 complete and 0 interrupted iterations
wf03_pilot   [  63% ] 2/2 VUs  2m32.0s/4m00.0s

running (2m33.1s), 2/2 VUs, 49 complete and 0 interrupted iterations
wf03_pilot   [  64% ] 2/2 VUs  2m33.0s/4m00.0s

running (2m34.1s), 2/2 VUs, 50 complete and 0 interrupted iterations
wf03_pilot   [  64% ] 2/2 VUs  2m34.0s/4m00.0s

running (2m35.1s), 2/2 VUs, 50 complete and 0 interrupted iterations
wf03_pilot   [  65% ] 2/2 VUs  2m35.0s/4m00.0s

running (2m36.1s), 2/2 VUs, 50 complete and 0 interrupted iterations
wf03_pilot   [  65% ] 2/2 VUs  2m36.0s/4m00.0s

running (2m37.1s), 2/2 VUs, 51 complete and 0 interrupted iterations
wf03_pilot   [  65% ] 2/2 VUs  2m37.0s/4m00.0s

running (2m38.1s), 2/2 VUs, 51 complete and 0 interrupted iterations
wf03_pilot   [  66% ] 2/2 VUs  2m38.0s/4m00.0s

running (2m39.1s), 2/2 VUs, 52 complete and 0 interrupted iterations
wf03_pilot   [  66% ] 2/2 VUs  2m39.0s/4m00.0s

running (2m40.1s), 2/2 VUs, 52 complete and 0 interrupted iterations
wf03_pilot   [  67% ] 2/2 VUs  2m40.0s/4m00.0s

running (2m41.1s), 2/2 VUs, 53 complete and 0 interrupted iterations
wf03_pilot   [  67% ] 2/2 VUs  2m41.0s/4m00.0s

running (2m42.1s), 2/2 VUs, 53 complete and 0 interrupted iterations
wf03_pilot   [  67% ] 2/2 VUs  2m42.0s/4m00.0s

running (2m43.1s), 2/2 VUs, 53 complete and 0 interrupted iterations
wf03_pilot   [  68% ] 2/2 VUs  2m43.0s/4m00.0s

running (2m44.1s), 2/2 VUs, 53 complete and 0 interrupted iterations
wf03_pilot   [  68% ] 2/2 VUs  2m44.0s/4m00.0s

running (2m45.1s), 2/2 VUs, 54 complete and 0 interrupted iterations
wf03_pilot   [  69% ] 2/2 VUs  2m45.0s/4m00.0s

running (2m46.1s), 2/2 VUs, 55 complete and 0 interrupted iterations
wf03_pilot   [  69% ] 2/2 VUs  2m46.0s/4m00.0s

running (2m47.1s), 2/2 VUs, 55 complete and 0 interrupted iterations
wf03_pilot   [  70% ] 2/2 VUs  2m47.0s/4m00.0s

running (2m48.1s), 2/2 VUs, 55 complete and 0 interrupted iterations
wf03_pilot   [  70% ] 2/2 VUs  2m48.0s/4m00.0s

running (2m49.1s), 2/2 VUs, 55 complete and 0 interrupted iterations
wf03_pilot   [  70% ] 2/2 VUs  2m49.0s/4m00.0s

running (2m50.1s), 2/2 VUs, 56 complete and 0 interrupted iterations
wf03_pilot   [  71% ] 2/2 VUs  2m50.0s/4m00.0s

running (2m51.1s), 2/2 VUs, 56 complete and 0 interrupted iterations
wf03_pilot   [  71% ] 2/2 VUs  2m51.0s/4m00.0s

running (2m52.1s), 2/2 VUs, 57 complete and 0 interrupted iterations
wf03_pilot   [  72% ] 2/2 VUs  2m52.0s/4m00.0s

running (2m53.1s), 2/2 VUs, 57 complete and 0 interrupted iterations
wf03_pilot   [  72% ] 2/2 VUs  2m53.0s/4m00.0s

running (2m54.1s), 2/2 VUs, 57 complete and 0 interrupted iterations
wf03_pilot   [  72% ] 2/2 VUs  2m54.0s/4m00.0s

running (2m55.1s), 2/2 VUs, 58 complete and 0 interrupted iterations
wf03_pilot   [  73% ] 2/2 VUs  2m55.0s/4m00.0s

running (2m56.1s), 2/2 VUs, 58 complete and 0 interrupted iterations
wf03_pilot   [  73% ] 2/2 VUs  2m56.0s/4m00.0s

running (2m57.1s), 2/2 VUs, 59 complete and 0 interrupted iterations
wf03_pilot   [  74% ] 2/2 VUs  2m57.0s/4m00.0s

running (2m58.1s), 2/2 VUs, 59 complete and 0 interrupted iterations
wf03_pilot   [  74% ] 2/2 VUs  2m58.0s/4m00.0s

running (2m59.1s), 2/2 VUs, 59 complete and 0 interrupted iterations
wf03_pilot   [  75% ] 2/2 VUs  2m59.0s/4m00.0s

running (3m00.1s), 2/2 VUs, 60 complete and 0 interrupted iterations
wf03_pilot   [  75% ] 2/2 VUs  3m00.0s/4m00.0s

running (3m01.1s), 2/2 VUs, 60 complete and 0 interrupted iterations
wf03_pilot   [  75% ] 2/2 VUs  3m01.0s/4m00.0s

running (3m02.1s), 2/2 VUs, 61 complete and 0 interrupted iterations
wf03_pilot   [  76% ] 2/2 VUs  3m02.0s/4m00.0s

running (3m03.1s), 2/2 VUs, 61 complete and 0 interrupted iterations
wf03_pilot   [  76% ] 2/2 VUs  3m03.0s/4m00.0s

running (3m04.1s), 2/2 VUs, 61 complete and 0 interrupted iterations
wf03_pilot   [  77% ] 2/2 VUs  3m04.0s/4m00.0s

running (3m05.1s), 2/2 VUs, 61 complete and 0 interrupted iterations
wf03_pilot   [  77% ] 2/2 VUs  3m05.0s/4m00.0s

running (3m06.1s), 2/2 VUs, 62 complete and 0 interrupted iterations
wf03_pilot   [  77% ] 2/2 VUs  3m06.0s/4m00.0s

running (3m07.1s), 2/2 VUs, 63 complete and 0 interrupted iterations
wf03_pilot   [  78% ] 2/2 VUs  3m07.0s/4m00.0s

running (3m08.1s), 2/2 VUs, 63 complete and 0 interrupted iterations
wf03_pilot   [  78% ] 2/2 VUs  3m08.0s/4m00.0s

running (3m09.1s), 2/2 VUs, 63 complete and 0 interrupted iterations
wf03_pilot   [  79% ] 2/2 VUs  3m09.0s/4m00.0s

running (3m10.1s), 2/2 VUs, 63 complete and 0 interrupted iterations
wf03_pilot   [  79% ] 2/2 VUs  3m10.0s/4m00.0s

running (3m11.1s), 2/2 VUs, 63 complete and 0 interrupted iterations
wf03_pilot   [  80% ] 2/2 VUs  3m11.0s/4m00.0s

running (3m12.1s), 2/2 VUs, 65 complete and 0 interrupted iterations
wf03_pilot   [  80% ] 2/2 VUs  3m12.0s/4m00.0s

running (3m13.1s), 2/2 VUs, 65 complete and 0 interrupted iterations
wf03_pilot   [  80% ] 2/2 VUs  3m13.0s/4m00.0s

running (3m14.1s), 2/2 VUs, 65 complete and 0 interrupted iterations
wf03_pilot   [  81% ] 2/2 VUs  3m14.0s/4m00.0s

running (3m15.1s), 2/2 VUs, 65 complete and 0 interrupted iterations
wf03_pilot   [  81% ] 2/2 VUs  3m15.0s/4m00.0s

running (3m16.1s), 2/2 VUs, 65 complete and 0 interrupted iterations
wf03_pilot   [  82% ] 2/2 VUs  3m16.0s/4m00.0s

running (3m17.1s), 2/2 VUs, 66 complete and 0 interrupted iterations
wf03_pilot   [  82% ] 2/2 VUs  3m17.0s/4m00.0s

running (3m18.1s), 2/2 VUs, 67 complete and 0 interrupted iterations
wf03_pilot   [  82% ] 2/2 VUs  3m18.0s/4m00.0s

running (3m19.1s), 2/2 VUs, 67 complete and 0 interrupted iterations
wf03_pilot   [  83% ] 2/2 VUs  3m19.0s/4m00.0s

running (3m20.1s), 2/2 VUs, 67 complete and 0 interrupted iterations
wf03_pilot   [  83% ] 2/2 VUs  3m20.0s/4m00.0s

running (3m21.1s), 2/2 VUs, 67 complete and 0 interrupted iterations
wf03_pilot   [  84% ] 2/2 VUs  3m21.0s/4m00.0s

running (3m22.1s), 2/2 VUs, 67 complete and 0 interrupted iterations
wf03_pilot   [  84% ] 2/2 VUs  3m22.0s/4m00.0s

running (3m23.1s), 2/2 VUs, 68 complete and 0 interrupted iterations
wf03_pilot   [  85% ] 2/2 VUs  3m23.0s/4m00.0s

running (3m24.1s), 2/2 VUs, 69 complete and 0 interrupted iterations
wf03_pilot   [  85% ] 2/2 VUs  3m24.0s/4m00.0s

running (3m25.1s), 2/2 VUs, 69 complete and 0 interrupted iterations
wf03_pilot   [  85% ] 2/2 VUs  3m25.0s/4m00.0s

running (3m26.1s), 2/2 VUs, 69 complete and 0 interrupted iterations
wf03_pilot   [  86% ] 2/2 VUs  3m26.0s/4m00.0s

running (3m27.1s), 2/2 VUs, 69 complete and 0 interrupted iterations
wf03_pilot   [  86% ] 2/2 VUs  3m27.0s/4m00.0s

running (3m28.1s), 2/2 VUs, 69 complete and 0 interrupted iterations
wf03_pilot   [  87% ] 2/2 VUs  3m28.0s/4m00.0s

running (3m29.1s), 2/2 VUs, 70 complete and 0 interrupted iterations
wf03_pilot   [  87% ] 2/2 VUs  3m29.0s/4m00.0s

running (3m30.1s), 2/2 VUs, 71 complete and 0 interrupted iterations
wf03_pilot   [  87% ] 2/2 VUs  3m30.0s/4m00.0s

running (3m31.1s), 2/2 VUs, 71 complete and 0 interrupted iterations
wf03_pilot   [  88% ] 2/2 VUs  3m31.0s/4m00.0s

running (3m32.1s), 2/2 VUs, 71 complete and 0 interrupted iterations
wf03_pilot   [  88% ] 2/2 VUs  3m32.0s/4m00.0s

running (3m33.1s), 2/2 VUs, 71 complete and 0 interrupted iterations
wf03_pilot   [  89% ] 2/2 VUs  3m33.0s/4m00.0s

running (3m34.1s), 2/2 VUs, 73 complete and 0 interrupted iterations
wf03_pilot   [  89% ] 2/2 VUs  3m34.0s/4m00.0s

running (3m35.1s), 2/2 VUs, 73 complete and 0 interrupted iterations
wf03_pilot   [  90% ] 2/2 VUs  3m35.0s/4m00.0s

running (3m36.1s), 2/2 VUs, 73 complete and 0 interrupted iterations
wf03_pilot   [  90% ] 2/2 VUs  3m36.0s/4m00.0s

running (3m37.1s), 2/2 VUs, 73 complete and 0 interrupted iterations
wf03_pilot   [  90% ] 2/2 VUs  3m37.0s/4m00.0s

running (3m38.1s), 2/2 VUs, 73 complete and 0 interrupted iterations
wf03_pilot   [  91% ] 2/2 VUs  3m38.0s/4m00.0s

running (3m39.1s), 2/2 VUs, 74 complete and 0 interrupted iterations
wf03_pilot   [  91% ] 2/2 VUs  3m39.0s/4m00.0s

running (3m40.1s), 2/2 VUs, 75 complete and 0 interrupted iterations
wf03_pilot   [  92% ] 2/2 VUs  3m40.0s/4m00.0s

running (3m41.1s), 2/2 VUs, 75 complete and 0 interrupted iterations
wf03_pilot   [  92% ] 2/2 VUs  3m41.0s/4m00.0s

running (3m42.1s), 2/2 VUs, 75 complete and 0 interrupted iterations
wf03_pilot   [  92% ] 2/2 VUs  3m42.0s/4m00.0s

running (3m43.1s), 2/2 VUs, 75 complete and 0 interrupted iterations
wf03_pilot   [  93% ] 2/2 VUs  3m43.0s/4m00.0s

running (3m44.1s), 2/2 VUs, 76 complete and 0 interrupted iterations
wf03_pilot   [  93% ] 2/2 VUs  3m44.0s/4m00.0s

running (3m45.1s), 2/2 VUs, 76 complete and 0 interrupted iterations
wf03_pilot   [  94% ] 2/2 VUs  3m45.0s/4m00.0s

running (3m46.1s), 1/2 VUs, 77 complete and 0 interrupted iterations
wf03_pilot   [  94% ] 1/2 VUs  3m46.0s/4m00.0s

running (3m47.1s), 1/2 VUs, 77 complete and 0 interrupted iterations
wf03_pilot   [  95% ] 1/2 VUs  3m47.0s/4m00.0s

running (3m48.1s), 1/2 VUs, 77 complete and 0 interrupted iterations
wf03_pilot   [  95% ] 1/2 VUs  3m48.0s/4m00.0s

running (3m49.1s), 1/2 VUs, 78 complete and 0 interrupted iterations
wf03_pilot   [  95% ] 1/2 VUs  3m49.0s/4m00.0s

running (3m50.1s), 1/2 VUs, 78 complete and 0 interrupted iterations
wf03_pilot   [  96% ] 1/2 VUs  3m50.0s/4m00.0s

running (3m51.1s), 1/2 VUs, 78 complete and 0 interrupted iterations
wf03_pilot   [  96% ] 1/2 VUs  3m51.0s/4m00.0s

running (3m52.1s), 1/2 VUs, 78 complete and 0 interrupted iterations
wf03_pilot   [  97% ] 1/2 VUs  3m52.0s/4m00.0s

running (3m53.1s), 1/2 VUs, 78 complete and 0 interrupted iterations
wf03_pilot   [  97% ] 1/2 VUs  3m53.0s/4m00.0s

running (3m54.1s), 1/2 VUs, 78 complete and 0 interrupted iterations
wf03_pilot   [  98% ] 1/2 VUs  3m54.0s/4m00.0s

running (3m55.1s), 1/2 VUs, 79 complete and 0 interrupted iterations
wf03_pilot   [  98% ] 1/2 VUs  3m55.0s/4m00.0s

running (3m56.1s), 1/2 VUs, 79 complete and 0 interrupted iterations
wf03_pilot   [  98% ] 1/2 VUs  3m56.0s/4m00.0s

running (3m57.1s), 1/2 VUs, 79 complete and 0 interrupted iterations
wf03_pilot   [  99% ] 1/2 VUs  3m57.0s/4m00.0s

running (3m58.1s), 1/2 VUs, 79 complete and 0 interrupted iterations
wf03_pilot   [  99% ] 1/2 VUs  3m58.0s/4m00.0s

running (3m59.1s), 1/2 VUs, 80 complete and 0 interrupted iterations
wf03_pilot   [ 100% ] 1/2 VUs  3m59.0s/4m00.0s

running (4m00.1s), 1/2 VUs, 80 complete and 0 interrupted iterations
wf03_pilot   [ 100% ] 1/2 VUs  4m00.0s/4m00.0s

running (4m01.1s), 1/2 VUs, 80 complete and 0 interrupted iterations
wf03_pilot ↓ [ 100% ] 1/2 VUs  4m0s

running (4m02.1s), 1/2 VUs, 80 complete and 0 interrupted iterations
wf03_pilot ↓ [ 100% ] 1/2 VUs  4m0s

running (4m03.1s), 1/2 VUs, 80 complete and 0 interrupted iterations
wf03_pilot ↓ [ 100% ] 1/2 VUs  4m0s

running (4m04.1s), 1/2 VUs, 80 complete and 0 interrupted iterations
wf03_pilot ↓ [ 100% ] 1/2 VUs  4m0s


  █ TOTAL RESULTS 

    checks_total.......: 3078    12.582142/s
    checks_succeeded...: 100.00% 3078 out of 3078
    checks_failed......: 0.00%   0 out of 3078

    ✓ login: status is 200
    ✓ login: body is valid JSON object
    ✓ login: response indicates success
    ✓ login: token is non-empty
    ✓ login: identity matches dedicated credential
    ✓ login: role is user
    ✓ login: account is unlocked
    ✓ search: status is 200
    ✓ search: body is valid product array
    ✓ search: exactly one expected product matches
    ✓ search: selected product id is valid
    ✓ detail: status is 200
    ✓ detail: body is valid product object
    ✓ detail: id matches correlated product id
    ✓ detail: name matches expected product
    ✓ detail: price is positive and finite
    ✓ checkout: status is 200
    ✓ checkout: body is valid JSON object
    ✓ checkout: response indicates success
    ✓ checkout: new order id is valid
    ✓ pending_probe: status is 200
    ✓ pending_probe: body is valid order object
    ✓ pending_probe: id matches correlated order id
    ✓ pending_probe: owner matches authenticated user
    ✓ pending_probe: amount matches checkout total
    ✓ pending_probe: address matches checkout address
    ✓ pending_probe: state is pending
    ✓ cancellation: request uses correlated order id
    ✓ cancellation: status is 200
    ✓ cancellation: body is valid JSON object
    ✓ cancellation: response indicates success
    ✓ final_probe: status is 200
    ✓ final_probe: body is valid order object
    ✓ final_probe: id matches correlated order id
    ✓ final_probe: owner matches authenticated user
    ✓ final_probe: amount remains checkout total
    ✓ final_probe: address remains checkout address
    ✓ final_probe: state is canceled

    CUSTOM
    wf03_lifecycle_duration........: avg=758.33ms min=510ms med=761ms  max=1s     p(90)=939ms  p(95)=963ms   
    wf03_orders_canceled...........: 81      0.331109/s
    wf03_orders_created............: 81      0.331109/s
    wf03_workflow_attempted........: 81      0.331109/s
    wf03_workflow_success..........: 100.00% 81 out of 81

    HTTP
    http_req_blocked...............: avg=10.93µs  min=1µs   med=7µs    max=1.56ms p(90)=13µs   p(95)=14µs    
    http_req_connecting............: avg=1.26µs   min=0s    med=0s     max=434µs  p(90)=0s     p(95)=0s      
    http_req_duration..............: avg=1.78ms   min=318µs med=1.28ms max=6.51ms p(90)=3.97ms p(95)=4.25ms  
      { expected_response:true }...: avg=1.78ms   min=318µs med=1.28ms max=6.51ms p(90)=3.97ms p(95)=4.25ms  
    http_req_failed................: 0.00%   0 out of 567
    http_req_receiving.............: avg=55.28µs  min=12µs  med=50µs   max=214µs  p(90)=91µs   p(95)=100.69µs
    http_req_sending...............: avg=28.15µs  min=6µs   med=23µs   max=353µs  p(90)=51µs   p(95)=57µs    
    http_req_tls_handshaking.......: avg=0s       min=0s    med=0s     max=0s     p(90)=0s     p(95)=0s      
    http_req_waiting...............: avg=1.69ms   min=293µs med=1.21ms max=6.4ms  p(90)=3.84ms p(95)=4.11ms  
    http_reqs......................: 567     2.317763/s

    EXECUTION
    iteration_duration.............: avg=5.24s    min=3.87s med=5.29s  max=6.35s  p(90)=5.9s   p(95)=6.05s   
    iterations.....................: 81      0.331109/s
    vus............................: 1       min=0        max=2
    vus_max........................: 2       min=2        max=2

    NETWORK
    data_received..................: 251 kB  1.0 kB/s
    data_sent......................: 117 kB  478 B/s


  █ SCENARIO: pilot 

    checks_total.......: 3078    12.582142/s
    checks_succeeded...: 100.00% 3078 out of 3078
    checks_failed......: 0.00%   0 out of 3078

    ✓ login: status is 200
    ✓ login: body is valid JSON object
    ✓ login: response indicates success
    ✓ login: token is non-empty
    ✓ login: identity matches dedicated credential
    ✓ login: role is user
    ✓ login: account is unlocked
    ✓ search: status is 200
    ✓ search: body is valid product array
    ✓ search: exactly one expected product matches
    ✓ search: selected product id is valid
    ✓ detail: status is 200
    ✓ detail: body is valid product object
    ✓ detail: id matches correlated product id
    ✓ detail: name matches expected product
    ✓ detail: price is positive and finite
    ✓ checkout: status is 200
    ✓ checkout: body is valid JSON object
    ✓ checkout: response indicates success
    ✓ checkout: new order id is valid
    ✓ pending_probe: status is 200
    ✓ pending_probe: body is valid order object
    ✓ pending_probe: id matches correlated order id
    ✓ pending_probe: owner matches authenticated user
    ✓ pending_probe: amount matches checkout total
    ✓ pending_probe: address matches checkout address
    ✓ pending_probe: state is pending
    ✓ cancellation: request uses correlated order id
    ✓ cancellation: status is 200
    ✓ cancellation: body is valid JSON object
    ✓ cancellation: response indicates success
    ✓ final_probe: status is 200
    ✓ final_probe: body is valid order object
    ✓ final_probe: id matches correlated order id
    ✓ final_probe: owner matches authenticated user
    ✓ final_probe: amount remains checkout total
    ✓ final_probe: address remains checkout address
    ✓ final_probe: state is canceled

    CUSTOM
    wf03_lifecycle_duration....: avg=758.33ms min=510ms med=761ms  max=1s     p(90)=939ms  p(95)=963ms   
    wf03_orders_canceled.......: 81      0.331109/s
    wf03_orders_created........: 81      0.331109/s
    wf03_workflow_attempted....: 81      0.331109/s
    wf03_workflow_success......: 100.00% 81 out of 81

    HTTP
    http_req_blocked...........: avg=10.93µs  min=1µs   med=7µs    max=1.56ms p(90)=13µs   p(95)=14µs    
    http_req_connecting........: avg=1.26µs   min=0s    med=0s     max=434µs  p(90)=0s     p(95)=0s      
    http_req_duration..........: avg=1.78ms   min=318µs med=1.28ms max=6.51ms p(90)=3.97ms p(95)=4.25ms  
    http_req_failed............: 0.00%   0 out of 567
    http_req_receiving.........: avg=55.28µs  min=12µs  med=50µs   max=214µs  p(90)=91µs   p(95)=100.69µs
    http_req_sending...........: avg=28.15µs  min=6µs   med=23µs   max=353µs  p(90)=51µs   p(95)=57µs    
    http_req_tls_handshaking...: avg=0s       min=0s    med=0s     max=0s     p(90)=0s     p(95)=0s      
    http_req_waiting...........: avg=1.69ms   min=293µs med=1.21ms max=6.4ms  p(90)=3.84ms p(95)=4.11ms  
    http_reqs..................: 567     2.317763/s

    ↳ GROUP: wf03_01_login 

      checks_total.......: 567     2.317763/s
      checks_succeeded...: 100.00% 567 out of 567
      checks_failed......: 0.00%   0 out of 567

      ✓ login: status is 200
      ✓ login: body is valid JSON object
      ✓ login: response indicates success
      ✓ login: token is non-empty
      ✓ login: identity matches dedicated credential
      ✓ login: role is user
      ✓ login: account is unlocked

      HTTP
      http_req_blocked...........: avg=26.06µs  min=1µs   med=2µs   max=1.56ms p(90)=4µs    p(95)=5µs   
      http_req_connecting........: avg=8.82µs   min=0s    med=0s    max=434µs  p(90)=0s     p(95)=0s    
      http_req_duration..........: avg=911.28µs min=459µs med=816µs max=2.54ms p(90)=1.28ms p(95)=1.5ms 
      http_req_failed............: 0.00% 0 out of 81
      http_req_receiving.........: avg=30.66µs  min=12µs  med=26µs  max=171µs  p(90)=41µs   p(95)=45µs  
      http_req_sending...........: avg=19.44µs  min=6µs   med=14µs  max=353µs  p(90)=21µs   p(95)=24µs  
      http_req_tls_handshaking...: avg=0s       min=0s    med=0s    max=0s     p(90)=0s     p(95)=0s    
      http_req_waiting...........: avg=861.17µs min=441µs med=767µs max=2.48ms p(90)=1.21ms p(95)=1.46ms
      http_reqs..................: 81    0.331109/s

    ↳ GROUP: wf03_02_search 

      checks_total.......: 324     1.324436/s
      checks_succeeded...: 100.00% 324 out of 324
      checks_failed......: 0.00%   0 out of 324

      ✓ search: status is 200
      ✓ search: body is valid product array
      ✓ search: exactly one expected product matches
      ✓ search: selected product id is valid

      HTTP
      http_req_blocked...........: avg=10.38µs min=3µs   med=11µs   max=20µs   p(90)=14µs   p(95)=14µs  
      http_req_connecting........: avg=0s      min=0s    med=0s     max=0s     p(90)=0s     p(95)=0s    
      http_req_duration..........: avg=1.59ms  min=607µs med=1.86ms max=2.81ms p(90)=2.09ms p(95)=2.19ms
      http_req_failed............: 0.00% 0 out of 81
      http_req_receiving.........: avg=70.65µs min=26µs  med=69µs   max=214µs  p(90)=98µs   p(95)=107µs 
      http_req_sending...........: avg=30.17µs min=13µs  med=34µs   max=59µs   p(90)=40µs   p(95)=43µs  
      http_req_tls_handshaking...: avg=0s      min=0s    med=0s     max=0s     p(90)=0s     p(95)=0s    
      http_req_waiting...........: avg=1.49ms  min=564µs med=1.76ms max=2.68ms p(90)=1.97ms p(95)=2.04ms
      http_reqs..................: 81    0.331109/s

    ↳ GROUP: wf03_03_detail 

      checks_total.......: 405     1.655545/s
      checks_succeeded...: 100.00% 405 out of 405
      checks_failed......: 0.00%   0 out of 405

      ✓ detail: status is 200
      ✓ detail: body is valid product object
      ✓ detail: id matches correlated product id
      ✓ detail: name matches expected product
      ✓ detail: price is positive and finite

      HTTP
      http_req_blocked...........: avg=10.7µs  min=2µs   med=12µs   max=14µs   p(90)=14µs   p(95)=14µs  
      http_req_connecting........: avg=0s      min=0s    med=0s     max=0s     p(90)=0s     p(95)=0s    
      http_req_duration..........: avg=1.63ms  min=480µs med=1.75ms max=2.9ms  p(90)=2.05ms p(95)=2.18ms
      http_req_failed............: 0.00% 0 out of 81
      http_req_receiving.........: avg=73.93µs min=20µs  med=74µs   max=149µs  p(90)=101µs  p(95)=107µs 
      http_req_sending...........: avg=31.54µs min=11µs  med=34µs   max=94µs   p(90)=40µs   p(95)=42µs  
      http_req_tls_handshaking...: avg=0s      min=0s    med=0s     max=0s     p(90)=0s     p(95)=0s    
      http_req_waiting...........: avg=1.52ms  min=441µs med=1.66ms max=2.78ms p(90)=1.92ms p(95)=2.02ms
      http_reqs..................: 81    0.331109/s

    ↳ GROUP: wf03_04_checkout 

      checks_total.......: 324     1.324436/s
      checks_succeeded...: 100.00% 324 out of 324
      checks_failed......: 0.00%   0 out of 324

      ✓ checkout: status is 200
      ✓ checkout: body is valid JSON object
      ✓ checkout: response indicates success
      ✓ checkout: new order id is valid

      HTTP
      http_req_blocked...........: avg=10.86µs min=3µs    med=12µs   max=15µs   p(90)=14µs   p(95)=14µs  
      http_req_connecting........: avg=0s      min=0s     med=0s     max=0s     p(90)=0s     p(95)=0s    
      http_req_duration..........: avg=3.41ms  min=1.54ms med=3.67ms max=6.51ms p(90)=4.28ms p(95)=4.43ms
      http_req_failed............: 0.00% 0 out of 81
      http_req_receiving.........: avg=72.7µs  min=30µs   med=70µs   max=193µs  p(90)=97µs   p(95)=112µs 
      http_req_sending...........: avg=44.17µs min=17µs   med=48µs   max=75µs   p(90)=58µs   p(95)=63µs  
      http_req_tls_handshaking...: avg=0s      min=0s     med=0s     max=0s     p(90)=0s     p(95)=0s    
      http_req_waiting...........: avg=3.3ms   min=1.48ms med=3.55ms max=6.4ms  p(90)=4.15ms p(95)=4.29ms
      http_reqs..................: 81    0.331109/s

    ↳ GROUP: wf03_05_pending_probe 

      checks_total.......: 567     2.317763/s
      checks_succeeded...: 100.00% 567 out of 567
      checks_failed......: 0.00%   0 out of 567

      ✓ pending_probe: status is 200
      ✓ pending_probe: body is valid order object
      ✓ pending_probe: id matches correlated order id
      ✓ pending_probe: owner matches authenticated user
      ✓ pending_probe: amount matches checkout total
      ✓ pending_probe: address matches checkout address
      ✓ pending_probe: state is pending

      HTTP
      http_req_blocked...........: avg=3.7µs    min=2µs   med=4µs   max=6µs    p(90)=5µs   p(95)=6µs   
      http_req_connecting........: avg=0s       min=0s    med=0s    max=0s     p(90)=0s    p(95)=0s    
      http_req_duration..........: avg=678.67µs min=346µs med=642µs max=1.4ms  p(90)=890µs p(95)=1.02ms
      http_req_failed............: 0.00% 0 out of 81
      http_req_receiving.........: avg=34.69µs  min=19µs  med=33µs  max=87µs   p(90)=45µs  p(95)=48µs  
      http_req_sending...........: avg=13.97µs  min=7µs   med=14µs  max=34µs   p(90)=18µs  p(95)=20µs  
      http_req_tls_handshaking...: avg=0s       min=0s    med=0s    max=0s     p(90)=0s    p(95)=0s    
      http_req_waiting...........: avg=630.01µs min=320µs med=599µs max=1.35ms p(90)=848µs p(95)=960µs 
      http_reqs..................: 81    0.331109/s

    ↳ GROUP: wf03_06_cancellation 

      checks_total.......: 324     1.324436/s
      checks_succeeded...: 100.00% 324 out of 324
      checks_failed......: 0.00%   0 out of 324

      ✓ cancellation: request uses correlated order id
      ✓ cancellation: status is 200
      ✓ cancellation: body is valid JSON object
      ✓ cancellation: response indicates success

      HTTP
      http_req_blocked...........: avg=10.82µs min=3µs    med=11µs   max=51µs   p(90)=13µs   p(95)=14µs  
      http_req_connecting........: avg=0s      min=0s     med=0s     max=0s     p(90)=0s     p(95)=0s    
      http_req_duration..........: avg=3.59ms  min=1.62ms med=3.88ms max=6.27ms p(90)=4.54ms p(95)=5.1ms 
      http_req_failed............: 0.00% 0 out of 81
      http_req_receiving.........: avg=71.92µs min=30µs   med=73µs   max=107µs  p(90)=97µs   p(95)=101µs 
      http_req_sending...........: avg=43.93µs min=15µs   med=46µs   max=103µs  p(90)=59µs   p(95)=64µs  
      http_req_tls_handshaking...: avg=0s      min=0s     med=0s     max=0s     p(90)=0s     p(95)=0s    
      http_req_waiting...........: avg=3.48ms  min=1.57ms med=3.75ms max=6.15ms p(90)=4.4ms  p(95)=4.96ms
      http_reqs..................: 81    0.331109/s

    ↳ GROUP: wf03_07_final_probe 

      checks_total.......: 567     2.317763/s
      checks_succeeded...: 100.00% 567 out of 567
      checks_failed......: 0.00%   0 out of 567

      ✓ final_probe: status is 200
      ✓ final_probe: body is valid order object
      ✓ final_probe: id matches correlated order id
      ✓ final_probe: owner matches authenticated user
      ✓ final_probe: amount remains checkout total
      ✓ final_probe: address remains checkout address
      ✓ final_probe: state is canceled

      HTTP
      http_req_blocked...........: avg=4.02µs   min=2µs   med=4µs   max=14µs   p(90)=5µs   p(95)=6µs  
      http_req_connecting........: avg=0s       min=0s    med=0s    max=0s     p(90)=0s    p(95)=0s   
      http_req_duration..........: avg=644.49µs min=318µs med=599µs max=2.03ms p(90)=858µs p(95)=950µs
      http_req_failed............: 0.00% 0 out of 81
      http_req_receiving.........: avg=32.4µs   min=16µs  med=30µs  max=58µs   p(90)=49µs  p(95)=54µs 
      http_req_sending...........: avg=13.82µs  min=8µs   med=14µs  max=28µs   p(90)=18µs  p(95)=19µs 
      http_req_tls_handshaking...: avg=0s       min=0s    med=0s    max=0s     p(90)=0s    p(95)=0s   
      http_req_waiting...........: avg=598.25µs min=293µs med=558µs max=1.96ms p(90)=787µs p(95)=894µs
      http_reqs..................: 81    0.331109/s


  █ SCENARIO: wf03_pilot 

    EXECUTION
    iteration_duration...: avg=5.24s min=3.87s med=5.29s max=6.35s p(90)=5.9s p(95)=6.05s
    iterations...........: 81     0.331109/s

    NETWORK
    data_received........: 251 kB 1.0 kB/s
    data_sent............: 117 kB 478 B/s

    ↳ GROUP: wf03_01_login 

    ↳ GROUP: wf03_02_search 

    ↳ GROUP: wf03_03_detail 

    ↳ GROUP: wf03_04_checkout 

    ↳ GROUP: wf03_05_pending_probe 

    ↳ GROUP: wf03_06_cancellation 

    ↳ GROUP: wf03_07_final_probe 




running (4m04.6s), 0/2 VUs, 81 complete and 0 interrupted iterations
wf03_pilot ✓ [ 100% ] 0/2 VUs  4m0s
